<!doctype html public "-//w3c//dtd html 4.0 transitional//en">
<html><head>
<title>Static Call Graph - [.\BUILD\mbed_dhrystone_v21.axf]</title></head>
<body><HR>
<H1>Static Call Graph for image .\BUILD\mbed_dhrystone_v21.axf</H1><HR>
<BR><P>#&#060CALLGRAPH&#062# ARM Linker, 5060750: Last Updated: Wed Sep 29 21:59:44 2021
<BR><P>
<H3>Maximum Stack Usage =        672 bytes + Unknown(Cycles, Untraceable Function Pointers)</H3><H3>
Call chain for Maximum Stack Depth:</H3>
__sti___8_main_cpp_timer &rArr; mbed::Serial::Serial(PinName, PinName, const char*, int) &rArr; mbed::Stream::Stream__sub_object(const char*) &rArr; fopen &rArr; freopen &rArr; _sys_open &rArr; mbed::FilePath::FilePath(const char*) &rArr; mbed::FileBase::lookup(const char*, unsigned) &rArr; SingletonPtr&lang;PlatformMutex&rang;::operator -&rang;() &rArr; mbed_assert_internal &rArr; mbed_error_printf &rArr; serial_init &rArr;  pin_mode (Cycle)
<P>
<H3>
Mutually Recursive functions
</H3> <LI><a href="#[1c]">HardFault_Handler</a>&nbsp;&nbsp;&nbsp;&rArr;&nbsp;&nbsp;&nbsp;<a href="#[1c]">HardFault_Handler</a><BR>
 <LI><a href="#[1d]">SVC_Handler</a>&nbsp;&nbsp;&nbsp;&rArr;&nbsp;&nbsp;&nbsp;<a href="#[1d]">SVC_Handler</a><BR>
 <LI><a href="#[1e]">PendSV_Handler</a>&nbsp;&nbsp;&nbsp;&rArr;&nbsp;&nbsp;&nbsp;<a href="#[1e]">PendSV_Handler</a><BR>
 <LI><a href="#[1f]">SysTick_Handler</a>&nbsp;&nbsp;&nbsp;&rArr;&nbsp;&nbsp;&nbsp;<a href="#[1f]">SysTick_Handler</a><BR>
 <LI><a href="#[2f]">ADC0_IRQHandler</a>&nbsp;&nbsp;&nbsp;&rArr;&nbsp;&nbsp;&nbsp;<a href="#[2f]">ADC0_IRQHandler</a><BR>
 <LI><a href="#[158]">gpio_init_out</a>&nbsp;&nbsp;&nbsp;&rArr;&nbsp;&nbsp;&nbsp;<a href="#[157]">gpio_mode</a><BR>
 <LI><a href="#[156]">pin_function</a>&nbsp;&nbsp;&nbsp;&rArr;&nbsp;&nbsp;&nbsp;<a href="#[127]">mbed_assert_internal</a><BR>
 <LI><a href="#[154]">gpio_dir</a>&nbsp;&nbsp;&nbsp;&rArr;&nbsp;&nbsp;&nbsp;<a href="#[127]">mbed_assert_internal</a><BR>
 <LI><a href="#[134]">core_util_critical_section_enter</a>&nbsp;&nbsp;&nbsp;&rArr;&nbsp;&nbsp;&nbsp;<a href="#[127]">mbed_assert_internal</a><BR>
 <LI><a href="#[151]">mbed_die</a>&nbsp;&nbsp;&nbsp;&rArr;&nbsp;&nbsp;&nbsp;<a href="#[127]">mbed_assert_internal</a><BR>
 <LI><a href="#[16e]">serial_format</a>&nbsp;&nbsp;&nbsp;&rArr;&nbsp;&nbsp;&nbsp;<a href="#[127]">mbed_assert_internal</a><BR>
 <LI><a href="#[fb]">_sys_write</a>&nbsp;&nbsp;&nbsp;&rArr;&nbsp;&nbsp;&nbsp;<a href="#[130]">serial_init</a><BR>
 <LI><a href="#[14e]">mbed_error_vfprintf</a>&nbsp;&nbsp;&nbsp;&rArr;&nbsp;&nbsp;&nbsp;<a href="#[130]">serial_init</a><BR>
 <LI><a href="#[136]">core_util_critical_section_exit</a>&nbsp;&nbsp;&nbsp;&rArr;&nbsp;&nbsp;&nbsp;<a href="#[127]">mbed_assert_internal</a><BR>
 <LI><a href="#[130]">serial_init</a>&nbsp;&nbsp;&nbsp;&rArr;&nbsp;&nbsp;&nbsp;<a href="#[15a]">pin_mode</a><BR>
 <LI><a href="#[16c]">pinmap_pinout</a>&nbsp;&nbsp;&nbsp;&rArr;&nbsp;&nbsp;&nbsp;<a href="#[15a]">pin_mode</a><BR>
</UL>
<P>
<H3>
Function Pointers
</H3><UL>
 <LI><a href="#[4c]">&lang;Func1&rang;</a> from mbed/TARGET_KL25Z/TOOLCHAIN_ARM_STD/mbed.ar(SerialBase.o)(i.<Func1>) referenced from mbed/TARGET_KL25Z/TOOLCHAIN_ARM_STD/mbed.ar(SerialBase.o)(i._ZN4mbed10SerialBaseC1E7PinNameS1_i)
 <LI><a href="#[2f]">ADC0_IRQHandler</a> from mbed/TARGET_KL25Z/TOOLCHAIN_ARM_STD/startup_MKL25Z4.o(.text) referenced from mbed/TARGET_KL25Z/TOOLCHAIN_ARM_STD/startup_MKL25Z4.o(RESET)
 <LI><a href="#[30]">CMP0_IRQHandler</a> from mbed/TARGET_KL25Z/TOOLCHAIN_ARM_STD/startup_MKL25Z4.o(.text) referenced from mbed/TARGET_KL25Z/TOOLCHAIN_ARM_STD/startup_MKL25Z4.o(RESET)
 <LI><a href="#[39]">DAC0_IRQHandler</a> from mbed/TARGET_KL25Z/TOOLCHAIN_ARM_STD/startup_MKL25Z4.o(.text) referenced from mbed/TARGET_KL25Z/TOOLCHAIN_ARM_STD/startup_MKL25Z4.o(RESET)
 <LI><a href="#[20]">DMA0_IRQHandler</a> from mbed/TARGET_KL25Z/TOOLCHAIN_ARM_STD/startup_MKL25Z4.o(.text) referenced from mbed/TARGET_KL25Z/TOOLCHAIN_ARM_STD/startup_MKL25Z4.o(RESET)
 <LI><a href="#[21]">DMA1_IRQHandler</a> from mbed/TARGET_KL25Z/TOOLCHAIN_ARM_STD/startup_MKL25Z4.o(.text) referenced from mbed/TARGET_KL25Z/TOOLCHAIN_ARM_STD/startup_MKL25Z4.o(RESET)
 <LI><a href="#[22]">DMA2_IRQHandler</a> from mbed/TARGET_KL25Z/TOOLCHAIN_ARM_STD/startup_MKL25Z4.o(.text) referenced from mbed/TARGET_KL25Z/TOOLCHAIN_ARM_STD/startup_MKL25Z4.o(RESET)
 <LI><a href="#[23]">DMA3_IRQHandler</a> from mbed/TARGET_KL25Z/TOOLCHAIN_ARM_STD/startup_MKL25Z4.o(.text) referenced from mbed/TARGET_KL25Z/TOOLCHAIN_ARM_STD/startup_MKL25Z4.o(RESET)
 <LI><a href="#[25]">FTFA_IRQHandler</a> from mbed/TARGET_KL25Z/TOOLCHAIN_ARM_STD/startup_MKL25Z4.o(.text) referenced from mbed/TARGET_KL25Z/TOOLCHAIN_ARM_STD/startup_MKL25Z4.o(RESET)
 <LI><a href="#[1c]">HardFault_Handler</a> from mbed/TARGET_KL25Z/TOOLCHAIN_ARM_STD/startup_MKL25Z4.o(.text) referenced from mbed/TARGET_KL25Z/TOOLCHAIN_ARM_STD/startup_MKL25Z4.o(RESET)
 <LI><a href="#[28]">I2C0_IRQHandler</a> from mbed/TARGET_KL25Z/TOOLCHAIN_ARM_STD/startup_MKL25Z4.o(.text) referenced from mbed/TARGET_KL25Z/TOOLCHAIN_ARM_STD/startup_MKL25Z4.o(RESET)
 <LI><a href="#[29]">I2C1_IRQHandler</a> from mbed/TARGET_KL25Z/TOOLCHAIN_ARM_STD/startup_MKL25Z4.o(.text) referenced from mbed/TARGET_KL25Z/TOOLCHAIN_ARM_STD/startup_MKL25Z4.o(RESET)
 <LI><a href="#[27]">LLW_IRQHandler</a> from mbed/TARGET_KL25Z/TOOLCHAIN_ARM_STD/startup_MKL25Z4.o(.text) referenced from mbed/TARGET_KL25Z/TOOLCHAIN_ARM_STD/startup_MKL25Z4.o(RESET)
 <LI><a href="#[3c]">LPTimer_IRQHandler</a> from mbed/TARGET_KL25Z/TOOLCHAIN_ARM_STD/startup_MKL25Z4.o(.text) referenced from mbed/TARGET_KL25Z/TOOLCHAIN_ARM_STD/startup_MKL25Z4.o(RESET)
 <LI><a href="#[26]">LVD_LVW_IRQHandler</a> from mbed/TARGET_KL25Z/TOOLCHAIN_ARM_STD/startup_MKL25Z4.o(.text) referenced from mbed/TARGET_KL25Z/TOOLCHAIN_ARM_STD/startup_MKL25Z4.o(RESET)
 <LI><a href="#[3b]">MCG_IRQHandler</a> from mbed/TARGET_KL25Z/TOOLCHAIN_ARM_STD/startup_MKL25Z4.o(.text) referenced from mbed/TARGET_KL25Z/TOOLCHAIN_ARM_STD/startup_MKL25Z4.o(RESET)
 <LI><a href="#[1b]">NMI_Handler</a> from mbed/TARGET_KL25Z/TOOLCHAIN_ARM_STD/mbed_overrides.o(i.NMI_Handler) referenced from mbed/TARGET_KL25Z/TOOLCHAIN_ARM_STD/startup_MKL25Z4.o(RESET)
 <LI><a href="#[36]">PIT_IRQHandler</a> from mbed/TARGET_KL25Z/TOOLCHAIN_ARM_STD/startup_MKL25Z4.o(.text) referenced from mbed/TARGET_KL25Z/TOOLCHAIN_ARM_STD/startup_MKL25Z4.o(RESET)
 <LI><a href="#[3e]">PORTA_IRQHandler</a> from mbed/TARGET_KL25Z/TOOLCHAIN_ARM_STD/startup_MKL25Z4.o(.text) referenced from mbed/TARGET_KL25Z/TOOLCHAIN_ARM_STD/startup_MKL25Z4.o(RESET)
 <LI><a href="#[3f]">PORTD_IRQHandler</a> from mbed/TARGET_KL25Z/TOOLCHAIN_ARM_STD/startup_MKL25Z4.o(.text) referenced from mbed/TARGET_KL25Z/TOOLCHAIN_ARM_STD/startup_MKL25Z4.o(RESET)
 <LI><a href="#[1e]">PendSV_Handler</a> from mbed/TARGET_KL25Z/TOOLCHAIN_ARM_STD/startup_MKL25Z4.o(.text) referenced from mbed/TARGET_KL25Z/TOOLCHAIN_ARM_STD/startup_MKL25Z4.o(RESET)
 <LI><a href="#[34]">RTC_IRQHandler</a> from mbed/TARGET_KL25Z/TOOLCHAIN_ARM_STD/startup_MKL25Z4.o(.text) referenced from mbed/TARGET_KL25Z/TOOLCHAIN_ARM_STD/startup_MKL25Z4.o(RESET)
 <LI><a href="#[35]">RTC_Seconds_IRQHandler</a> from mbed/TARGET_KL25Z/TOOLCHAIN_ARM_STD/startup_MKL25Z4.o(.text) referenced from mbed/TARGET_KL25Z/TOOLCHAIN_ARM_STD/startup_MKL25Z4.o(RESET)
 <LI><a href="#[24]">Reserved20_IRQHandler</a> from mbed/TARGET_KL25Z/TOOLCHAIN_ARM_STD/startup_MKL25Z4.o(.text) referenced from mbed/TARGET_KL25Z/TOOLCHAIN_ARM_STD/startup_MKL25Z4.o(RESET)
 <LI><a href="#[37]">Reserved39_IRQHandler</a> from mbed/TARGET_KL25Z/TOOLCHAIN_ARM_STD/startup_MKL25Z4.o(.text) referenced from mbed/TARGET_KL25Z/TOOLCHAIN_ARM_STD/startup_MKL25Z4.o(RESET)
 <LI><a href="#[3d]">Reserved45_IRQHandler</a> from mbed/TARGET_KL25Z/TOOLCHAIN_ARM_STD/startup_MKL25Z4.o(.text) referenced from mbed/TARGET_KL25Z/TOOLCHAIN_ARM_STD/startup_MKL25Z4.o(RESET)
 <LI><a href="#[1a]">Reset_Handler</a> from mbed/TARGET_KL25Z/TOOLCHAIN_ARM_STD/startup_MKL25Z4.o(.text) referenced from mbed/TARGET_KL25Z/TOOLCHAIN_ARM_STD/startup_MKL25Z4.o(RESET)
 <LI><a href="#[2a]">SPI0_IRQHandler</a> from mbed/TARGET_KL25Z/TOOLCHAIN_ARM_STD/startup_MKL25Z4.o(.text) referenced from mbed/TARGET_KL25Z/TOOLCHAIN_ARM_STD/startup_MKL25Z4.o(RESET)
 <LI><a href="#[2b]">SPI1_IRQHandler</a> from mbed/TARGET_KL25Z/TOOLCHAIN_ARM_STD/startup_MKL25Z4.o(.text) referenced from mbed/TARGET_KL25Z/TOOLCHAIN_ARM_STD/startup_MKL25Z4.o(RESET)
 <LI><a href="#[1d]">SVC_Handler</a> from mbed/TARGET_KL25Z/TOOLCHAIN_ARM_STD/startup_MKL25Z4.o(.text) referenced from mbed/TARGET_KL25Z/TOOLCHAIN_ARM_STD/startup_MKL25Z4.o(RESET)
 <LI><a href="#[1f]">SysTick_Handler</a> from mbed/TARGET_KL25Z/TOOLCHAIN_ARM_STD/startup_MKL25Z4.o(.text) referenced from mbed/TARGET_KL25Z/TOOLCHAIN_ARM_STD/startup_MKL25Z4.o(RESET)
 <LI><a href="#[40]">SystemInit</a> from mbed/TARGET_KL25Z/TOOLCHAIN_ARM_STD/system_MKL25Z4.o(i.SystemInit) referenced from mbed/TARGET_KL25Z/TOOLCHAIN_ARM_STD/startup_MKL25Z4.o(.text)
 <LI><a href="#[31]">TPM0_IRQHandler</a> from mbed/TARGET_KL25Z/TOOLCHAIN_ARM_STD/startup_MKL25Z4.o(.text) referenced from mbed/TARGET_KL25Z/TOOLCHAIN_ARM_STD/startup_MKL25Z4.o(RESET)
 <LI><a href="#[32]">TPM1_IRQHandler</a> from mbed/TARGET_KL25Z/TOOLCHAIN_ARM_STD/startup_MKL25Z4.o(.text) referenced from mbed/TARGET_KL25Z/TOOLCHAIN_ARM_STD/startup_MKL25Z4.o(RESET)
 <LI><a href="#[33]">TPM2_IRQHandler</a> from mbed/TARGET_KL25Z/TOOLCHAIN_ARM_STD/startup_MKL25Z4.o(.text) referenced from mbed/TARGET_KL25Z/TOOLCHAIN_ARM_STD/startup_MKL25Z4.o(RESET)
 <LI><a href="#[3a]">TSI0_IRQHandler</a> from mbed/TARGET_KL25Z/TOOLCHAIN_ARM_STD/startup_MKL25Z4.o(.text) referenced from mbed/TARGET_KL25Z/TOOLCHAIN_ARM_STD/startup_MKL25Z4.o(RESET)
 <LI><a href="#[2c]">UART0_IRQHandler</a> from mbed/TARGET_KL25Z/TOOLCHAIN_ARM_STD/startup_MKL25Z4.o(.text) referenced from mbed/TARGET_KL25Z/TOOLCHAIN_ARM_STD/startup_MKL25Z4.o(RESET)
 <LI><a href="#[2d]">UART1_IRQHandler</a> from mbed/TARGET_KL25Z/TOOLCHAIN_ARM_STD/startup_MKL25Z4.o(.text) referenced from mbed/TARGET_KL25Z/TOOLCHAIN_ARM_STD/startup_MKL25Z4.o(RESET)
 <LI><a href="#[2e]">UART2_IRQHandler</a> from mbed/TARGET_KL25Z/TOOLCHAIN_ARM_STD/startup_MKL25Z4.o(.text) referenced from mbed/TARGET_KL25Z/TOOLCHAIN_ARM_STD/startup_MKL25Z4.o(RESET)
 <LI><a href="#[38]">USB0_IRQHandler</a> from mbed/TARGET_KL25Z/TOOLCHAIN_ARM_STD/startup_MKL25Z4.o(.text) referenced from mbed/TARGET_KL25Z/TOOLCHAIN_ARM_STD/startup_MKL25Z4.o(RESET)
 <LI><a href="#[5a]">mbed::FileHandle::flen()</a> from mbed/TARGET_KL25Z/TOOLCHAIN_ARM_STD/retarget.o(i._ZN4mbed10FileHandle4flenEv) referenced from mbed/TARGET_KL25Z/TOOLCHAIN_ARM_STD/retarget.o(.constdata__ZTVN4mbed10FileHandleE)
 <LI><a href="#[5a]">mbed::FileHandle::flen()</a> from mbed/TARGET_KL25Z/TOOLCHAIN_ARM_STD/retarget.o(i._ZN4mbed10FileHandle4flenEv) referenced from mbed/TARGET_KL25Z/TOOLCHAIN_ARM_STD/mbed.ar(FileLike.o)(.constdata__ZTVN4mbed8FileLikeE)
 <LI><a href="#[5c]">mbed::FileHandle::lock()</a> from mbed/TARGET_KL25Z/TOOLCHAIN_ARM_STD/retarget.o(i._ZN4mbed10FileHandle4lockEv) referenced from mbed/TARGET_KL25Z/TOOLCHAIN_ARM_STD/retarget.o(.constdata__ZTVN4mbed10FileHandleE)
 <LI><a href="#[5c]">mbed::FileHandle::lock()</a> from mbed/TARGET_KL25Z/TOOLCHAIN_ARM_STD/retarget.o(i._ZN4mbed10FileHandle4lockEv) referenced from mbed/TARGET_KL25Z/TOOLCHAIN_ARM_STD/mbed.ar(Stream.o)(.constdata__ZTVN4mbed6StreamE)
 <LI><a href="#[5c]">mbed::FileHandle::lock()</a> from mbed/TARGET_KL25Z/TOOLCHAIN_ARM_STD/retarget.o(i._ZN4mbed10FileHandle4lockEv) referenced from mbed/TARGET_KL25Z/TOOLCHAIN_ARM_STD/mbed.ar(FileLike.o)(.constdata__ZTVN4mbed8FileLikeE)
 <LI><a href="#[5d]">mbed::FileHandle::unlock()</a> from mbed/TARGET_KL25Z/TOOLCHAIN_ARM_STD/retarget.o(i._ZN4mbed10FileHandle6unlockEv) referenced from mbed/TARGET_KL25Z/TOOLCHAIN_ARM_STD/retarget.o(.constdata__ZTVN4mbed10FileHandleE)
 <LI><a href="#[5d]">mbed::FileHandle::unlock()</a> from mbed/TARGET_KL25Z/TOOLCHAIN_ARM_STD/retarget.o(i._ZN4mbed10FileHandle6unlockEv) referenced from mbed/TARGET_KL25Z/TOOLCHAIN_ARM_STD/mbed.ar(Stream.o)(.constdata__ZTVN4mbed6StreamE)
 <LI><a href="#[5d]">mbed::FileHandle::unlock()</a> from mbed/TARGET_KL25Z/TOOLCHAIN_ARM_STD/retarget.o(i._ZN4mbed10FileHandle6unlockEv) referenced from mbed/TARGET_KL25Z/TOOLCHAIN_ARM_STD/mbed.ar(FileLike.o)(.constdata__ZTVN4mbed8FileLikeE)
 <LI><a href="#[5b]">mbed::FileHandle::~FileHandle__sub_object()</a> from mbed/TARGET_KL25Z/TOOLCHAIN_ARM_STD/retarget.o(i._ZN4mbed10FileHandleD2Ev) referenced from mbed/TARGET_KL25Z/TOOLCHAIN_ARM_STD/retarget.o(.constdata__ZTVN4mbed10FileHandleE)
 <LI><a href="#[4e]">mbed::SerialBase::_irq_handler(unsigned, SerialIrq)</a> from mbed/TARGET_KL25Z/TOOLCHAIN_ARM_STD/mbed.ar(SerialBase.o)(i._ZN4mbed10SerialBase12_irq_handlerEj9SerialIrq) referenced from mbed/TARGET_KL25Z/TOOLCHAIN_ARM_STD/mbed.ar(SerialBase.o)(i._ZN4mbed10SerialBaseC1E7PinNameS1_i)
 <LI><a href="#[5e]">mbed::SerialBase::lock()</a> from mbed/TARGET_KL25Z/TOOLCHAIN_ARM_STD/mbed.ar(SerialBase.o)(i._ZN4mbed10SerialBase4lockEv) referenced from mbed/TARGET_KL25Z/TOOLCHAIN_ARM_STD/mbed.ar(SerialBase.o)(.constdata__ZTVN4mbed10SerialBaseE)
 <LI><a href="#[5f]">mbed::SerialBase::unlock()</a> from mbed/TARGET_KL25Z/TOOLCHAIN_ARM_STD/mbed.ar(SerialBase.o)(i._ZN4mbed10SerialBase6unlockEv) referenced from mbed/TARGET_KL25Z/TOOLCHAIN_ARM_STD/mbed.ar(SerialBase.o)(.constdata__ZTVN4mbed10SerialBaseE)
 <LI><a href="#[60]">mbed::Serial::lock()</a> from mbed/TARGET_KL25Z/TOOLCHAIN_ARM_STD/mbed.ar(Serial.o)(i._ZN4mbed6Serial4lockEv) referenced from mbed/TARGET_KL25Z/TOOLCHAIN_ARM_STD/mbed.ar(Serial.o)(.constdata__ZTVN4mbed6SerialE)
 <LI><a href="#[61]">mbed::Serial::unlock()</a> from mbed/TARGET_KL25Z/TOOLCHAIN_ARM_STD/mbed.ar(Serial.o)(i._ZN4mbed6Serial6unlockEv) referenced from mbed/TARGET_KL25Z/TOOLCHAIN_ARM_STD/mbed.ar(Serial.o)(.constdata__ZTVN4mbed6SerialE)
 <LI><a href="#[50]">mbed::Serial::~Serial()</a> from mbed/TARGET_KL25Z/TOOLCHAIN_ARM_STD/mbed.ar(Serial.o)(i._ZN4mbed6SerialD1Ev) referenced from mbed/TARGET_KL25Z/TOOLCHAIN_ARM_STD/mbed.ar(Serial.o)(.constdata__ZTVN4mbed6SerialE)
 <LI><a href="#[50]">mbed::Serial::~Serial()</a> from mbed/TARGET_KL25Z/TOOLCHAIN_ARM_STD/mbed.ar(Serial.o)(i._ZN4mbed6SerialD1Ev) referenced from .\build\main.o(i.__sti___8_main_cpp_timer)
 <LI><a href="#[67]">mbed::Stream::flen()</a> from mbed/TARGET_KL25Z/TOOLCHAIN_ARM_STD/mbed.ar(Stream.o)(i._ZN4mbed6Stream4flenEv) referenced from mbed/TARGET_KL25Z/TOOLCHAIN_ARM_STD/mbed.ar(Serial.o)(.constdata__ZTVN4mbed6SerialE)
 <LI><a href="#[67]">mbed::Stream::flen()</a> from mbed/TARGET_KL25Z/TOOLCHAIN_ARM_STD/mbed.ar(Stream.o)(i._ZN4mbed6Stream4flenEv) referenced from mbed/TARGET_KL25Z/TOOLCHAIN_ARM_STD/mbed.ar(Stream.o)(.constdata__ZTVN4mbed6StreamE)
 <LI><a href="#[64]">mbed::Stream::read(void*, unsigned)</a> from mbed/TARGET_KL25Z/TOOLCHAIN_ARM_STD/mbed.ar(Stream.o)(i._ZN4mbed6Stream4readEPvj) referenced from mbed/TARGET_KL25Z/TOOLCHAIN_ARM_STD/mbed.ar(Serial.o)(.constdata__ZTVN4mbed6SerialE)
 <LI><a href="#[64]">mbed::Stream::read(void*, unsigned)</a> from mbed/TARGET_KL25Z/TOOLCHAIN_ARM_STD/mbed.ar(Stream.o)(i._ZN4mbed6Stream4readEPvj) referenced from mbed/TARGET_KL25Z/TOOLCHAIN_ARM_STD/mbed.ar(Stream.o)(.constdata__ZTVN4mbed6StreamE)
 <LI><a href="#[63]">mbed::Stream::close()</a> from mbed/TARGET_KL25Z/TOOLCHAIN_ARM_STD/mbed.ar(Stream.o)(i._ZN4mbed6Stream5closeEv) referenced from mbed/TARGET_KL25Z/TOOLCHAIN_ARM_STD/mbed.ar(Serial.o)(.constdata__ZTVN4mbed6SerialE)
 <LI><a href="#[63]">mbed::Stream::close()</a> from mbed/TARGET_KL25Z/TOOLCHAIN_ARM_STD/mbed.ar(Stream.o)(i._ZN4mbed6Stream5closeEv) referenced from mbed/TARGET_KL25Z/TOOLCHAIN_ARM_STD/mbed.ar(Stream.o)(.constdata__ZTVN4mbed6StreamE)
 <LI><a href="#[66]">mbed::Stream::lseek(long, int)</a> from mbed/TARGET_KL25Z/TOOLCHAIN_ARM_STD/mbed.ar(Stream.o)(i._ZN4mbed6Stream5lseekEli) referenced from mbed/TARGET_KL25Z/TOOLCHAIN_ARM_STD/mbed.ar(Serial.o)(.constdata__ZTVN4mbed6SerialE)
 <LI><a href="#[66]">mbed::Stream::lseek(long, int)</a> from mbed/TARGET_KL25Z/TOOLCHAIN_ARM_STD/mbed.ar(Stream.o)(i._ZN4mbed6Stream5lseekEli) referenced from mbed/TARGET_KL25Z/TOOLCHAIN_ARM_STD/mbed.ar(Stream.o)(.constdata__ZTVN4mbed6StreamE)
 <LI><a href="#[62]">mbed::Stream::write(const void*, unsigned)</a> from mbed/TARGET_KL25Z/TOOLCHAIN_ARM_STD/mbed.ar(Stream.o)(i._ZN4mbed6Stream5writeEPKvj) referenced from mbed/TARGET_KL25Z/TOOLCHAIN_ARM_STD/mbed.ar(Serial.o)(.constdata__ZTVN4mbed6SerialE)
 <LI><a href="#[62]">mbed::Stream::write(const void*, unsigned)</a> from mbed/TARGET_KL25Z/TOOLCHAIN_ARM_STD/mbed.ar(Stream.o)(i._ZN4mbed6Stream5writeEPKvj) referenced from mbed/TARGET_KL25Z/TOOLCHAIN_ARM_STD/mbed.ar(Stream.o)(.constdata__ZTVN4mbed6StreamE)
 <LI><a href="#[65]">mbed::Stream::isatty()</a> from mbed/TARGET_KL25Z/TOOLCHAIN_ARM_STD/mbed.ar(Stream.o)(i._ZN4mbed6Stream6isattyEv) referenced from mbed/TARGET_KL25Z/TOOLCHAIN_ARM_STD/mbed.ar(Serial.o)(.constdata__ZTVN4mbed6SerialE)
 <LI><a href="#[65]">mbed::Stream::isatty()</a> from mbed/TARGET_KL25Z/TOOLCHAIN_ARM_STD/mbed.ar(Stream.o)(i._ZN4mbed6Stream6isattyEv) referenced from mbed/TARGET_KL25Z/TOOLCHAIN_ARM_STD/mbed.ar(Stream.o)(.constdata__ZTVN4mbed6StreamE)
 <LI><a href="#[6c]">mbed::Stream::~Stream__sub_object()</a> from mbed/TARGET_KL25Z/TOOLCHAIN_ARM_STD/mbed.ar(Stream.o)(i._ZN4mbed6StreamD2Ev) referenced from mbed/TARGET_KL25Z/TOOLCHAIN_ARM_STD/mbed.ar(Stream.o)(.constdata__ZTVN4mbed6StreamE)
 <LI><a href="#[6f]">void mbed::Callback&lang;void()&rang;::function_call&lang;void(*)()&rang;(const void*)</a> from mbed/TARGET_KL25Z/TOOLCHAIN_ARM_STD/mbed.ar(SerialBase.o)(t._ZN4mbed8CallbackIFvvEE13function_callIPS1_EEvPKv) referenced from mbed/TARGET_KL25Z/TOOLCHAIN_ARM_STD/mbed.ar(SerialBase.o)(.constdata__ZZN4mbed8CallbackIFvvEE8generateIPS1_EEvRKT_E3ops)
 <LI><a href="#[71]">void mbed::Callback&lang;void()&rang;::function_dtor&lang;void(*)()&rang;(void*)</a> from mbed/TARGET_KL25Z/TOOLCHAIN_ARM_STD/mbed.ar(SerialBase.o)(t._ZN4mbed8CallbackIFvvEE13function_dtorIPS1_EEvPv) referenced from mbed/TARGET_KL25Z/TOOLCHAIN_ARM_STD/mbed.ar(SerialBase.o)(.constdata__ZZN4mbed8CallbackIFvvEE8generateIPS1_EEvRKT_E3ops)
 <LI><a href="#[70]">void mbed::Callback&lang;void()&rang;::function_move&lang;void(*)()&rang;(void*, const void*)</a> from mbed/TARGET_KL25Z/TOOLCHAIN_ARM_STD/mbed.ar(SerialBase.o)(t._ZN4mbed8CallbackIFvvEE13function_moveIPS1_EEvPvPKv) referenced from mbed/TARGET_KL25Z/TOOLCHAIN_ARM_STD/mbed.ar(SerialBase.o)(.constdata__ZZN4mbed8CallbackIFvvEE8generateIPS1_EEvRKT_E3ops)
 <LI><a href="#[4f]">mbed::Callback&lang;void()&rang;::~Callback()</a> from mbed/TARGET_KL25Z/TOOLCHAIN_ARM_STD/mbed.ar(Serial.o)(t._ZN4mbed8CallbackIFvvEED1Ev) referenced from mbed/TARGET_KL25Z/TOOLCHAIN_ARM_STD/mbed.ar(Serial.o)(i._ZN4mbed6SerialD1Ev)
 <LI><a href="#[6d]">mbed::FileBase::~FileBase()</a> from mbed/TARGET_KL25Z/TOOLCHAIN_ARM_STD/mbed.ar(FileBase.o)(i._ZN4mbed8FileBaseD1Ev) referenced from mbed/TARGET_KL25Z/TOOLCHAIN_ARM_STD/mbed.ar(FileBase.o)(.constdata__ZTVN4mbed8FileBaseE)
 <LI><a href="#[6e]">mbed::FileLike::~FileLike__sub_object()</a> from mbed/TARGET_KL25Z/TOOLCHAIN_ARM_STD/mbed.ar(FileLike.o)(i._ZN4mbed8FileLikeD2Ev) referenced from mbed/TARGET_KL25Z/TOOLCHAIN_ARM_STD/mbed.ar(FileLike.o)(.constdata__ZTVN4mbed8FileLikeE)
 <LI><a href="#[4d]">mbed::donothing()</a> from mbed/TARGET_KL25Z/TOOLCHAIN_ARM_STD/mbed.ar(SerialBase.o)(i._ZN4mbed9donothingEv) referenced from mbed/TARGET_KL25Z/TOOLCHAIN_ARM_STD/mbed.ar(SerialBase.o)(i._ZN4mbed10SerialBaseC1E7PinNameS1_i)
 <LI><a href="#[68]">thunk{-48} to mbed::Serial::lock()</a> from mbed/TARGET_KL25Z/TOOLCHAIN_ARM_STD/mbed.ar(Serial.o)(i._ZThn48_N4mbed6Serial4lockEv) referenced from mbed/TARGET_KL25Z/TOOLCHAIN_ARM_STD/mbed.ar(Serial.o)(.constdata__ZTVN4mbed6SerialE)
 <LI><a href="#[6b]">thunk{-48} to mbed::Serial::_getc()</a> from mbed/TARGET_KL25Z/TOOLCHAIN_ARM_STD/mbed.ar(Serial.o)(i._ZThn48_N4mbed6Serial5_getcEv) referenced from mbed/TARGET_KL25Z/TOOLCHAIN_ARM_STD/mbed.ar(Serial.o)(.constdata__ZTVN4mbed6SerialE)
 <LI><a href="#[6a]">thunk{-48} to mbed::Serial::_putc(int)</a> from mbed/TARGET_KL25Z/TOOLCHAIN_ARM_STD/mbed.ar(Serial.o)(i._ZThn48_N4mbed6Serial5_putcEi) referenced from mbed/TARGET_KL25Z/TOOLCHAIN_ARM_STD/mbed.ar(Serial.o)(.constdata__ZTVN4mbed6SerialE)
 <LI><a href="#[69]">thunk{-48} to mbed::Serial::unlock()</a> from mbed/TARGET_KL25Z/TOOLCHAIN_ARM_STD/mbed.ar(Serial.o)(i._ZThn48_N4mbed6Serial6unlockEv) referenced from mbed/TARGET_KL25Z/TOOLCHAIN_ARM_STD/mbed.ar(Serial.o)(.constdata__ZTVN4mbed6SerialE)
 <LI><a href="#[4a]">__backspace</a> from C:\Keil_v5\ARM\ARMCC\Bin\..\lib\armlib\c_p.l(backspace.o)(.text) referenced from C:\Keil_v5\ARM\ARMCC\Bin\..\lib\armlib\c_p.l(scanf_char_file.o)(.text)
 <LI><a href="#[59]">__cxa_pure_virtual</a> from C:\Keil_v5\ARM\ARMCC\Bin\..\lib\cpplib\cpprt_p.l(pure_virt.o)(i.__cxa_pure_virtual) referenced 6 times from mbed/TARGET_KL25Z/TOOLCHAIN_ARM_STD/retarget.o(.constdata__ZTVN4mbed10FileHandleE)
 <LI><a href="#[59]">__cxa_pure_virtual</a> from C:\Keil_v5\ARM\ARMCC\Bin\..\lib\cpplib\cpprt_p.l(pure_virt.o)(i.__cxa_pure_virtual) referenced 2 times from mbed/TARGET_KL25Z/TOOLCHAIN_ARM_STD/mbed.ar(Stream.o)(.constdata__ZTVN4mbed6StreamE)
 <LI><a href="#[59]">__cxa_pure_virtual</a> from C:\Keil_v5\ARM\ARMCC\Bin\..\lib\cpplib\cpprt_p.l(pure_virt.o)(i.__cxa_pure_virtual) referenced 6 times from mbed/TARGET_KL25Z/TOOLCHAIN_ARM_STD/mbed.ar(FileLike.o)(.constdata__ZTVN4mbed8FileLikeE)
 <LI><a href="#[73]">__main</a> from C:\Keil_v5\ARM\ARMCC\Bin\..\lib\armlib\c_p.l(__main.o)(!!!main) referenced from mbed/TARGET_KL25Z/TOOLCHAIN_ARM_STD/startup_MKL25Z4.o(.text)
 <LI><a href="#[72]">__sti___8_main_cpp_timer</a> from .\build\main.o(i.__sti___8_main_cpp_timer) referenced from .\build\main.o(.init_array)
 <LI><a href="#[4b]">_get_lc_ctype</a> from C:\Keil_v5\ARM\ARMCC\Bin\..\lib\armlib\c_p.l(lc_ctype_c.o)(locale$$code) referenced from C:\Keil_v5\ARM\ARMCC\Bin\..\lib\armlib\c_p.l(rt_ctype_table.o)(.text)
 <LI><a href="#[52]">_printf_fp_dec_real</a> from C:\Keil_v5\ARM\ARMCC\Bin\..\lib\armlib\c_p.l(_printf_fp_dec.o)(.text) referenced from C:\Keil_v5\ARM\ARMCC\Bin\..\lib\armlib\fz_ps.l(printf1.o)(x$fpl$printf1)
 <LI><a href="#[53]">_printf_fp_hex_real</a> from C:\Keil_v5\ARM\ARMCC\Bin\..\lib\armlib\c_p.l(_printf_fp_hex.o)(.text) referenced from C:\Keil_v5\ARM\ARMCC\Bin\..\lib\armlib\fz_ps.l(printf2.o)(x$fpl$printf2)
 <LI><a href="#[45]">_printf_input_char</a> from C:\Keil_v5\ARM\ARMCC\Bin\..\lib\armlib\c_p.l(_printf_char_common.o)(.text) referenced from C:\Keil_v5\ARM\ARMCC\Bin\..\lib\armlib\c_p.l(_printf_char_common.o)(.text)
 <LI><a href="#[44]">_sbackspace</a> from C:\Keil_v5\ARM\ARMCC\Bin\..\lib\armlib\c_p.l(_sgetc.o)(.text) referenced from C:\Keil_v5\ARM\ARMCC\Bin\..\lib\armlib\c_p.l(__0sscanf.o)(.text)
 <LI><a href="#[47]">_scanf_char_input</a> from C:\Keil_v5\ARM\ARMCC\Bin\..\lib\armlib\c_p.l(scanf_char.o)(.text) referenced from C:\Keil_v5\ARM\ARMCC\Bin\..\lib\armlib\c_p.l(scanf_char.o)(.text)
 <LI><a href="#[43]">_sgetc</a> from C:\Keil_v5\ARM\ARMCC\Bin\..\lib\armlib\c_p.l(_sgetc.o)(.text) referenced from C:\Keil_v5\ARM\ARMCC\Bin\..\lib\armlib\c_p.l(__0sscanf.o)(.text)
 <LI><a href="#[42]">_sputc</a> from C:\Keil_v5\ARM\ARMCC\Bin\..\lib\armlib\c_p.l(_sputc.o)(.text) referenced 2 times from C:\Keil_v5\ARM\ARMCC\Bin\..\lib\armlib\c_p.l(vsprintf.o)(.text)
 <LI><a href="#[49]">fgetc</a> from C:\Keil_v5\ARM\ARMCC\Bin\..\lib\armlib\c_p.l(fgetc.o)(i.fgetc) referenced from C:\Keil_v5\ARM\ARMCC\Bin\..\lib\armlib\c_p.l(scanf_char_file.o)(.text)
 <LI><a href="#[46]">fputc</a> from C:\Keil_v5\ARM\ARMCC\Bin\..\lib\armlib\c_p.l(fputc.o)(i.fputc) referenced from C:\Keil_v5\ARM\ARMCC\Bin\..\lib\armlib\c_p.l(_printf_char_file.o)(.text)
 <LI><a href="#[48]">isspace</a> from C:\Keil_v5\ARM\ARMCC\Bin\..\lib\armlib\c_p.l(isspace.o)(.text) referenced from C:\Keil_v5\ARM\ARMCC\Bin\..\lib\armlib\c_p.l(scanf_char.o)(.text)
 <LI><a href="#[51]">lptmr_isr</a> from mbed/TARGET_KL25Z/TOOLCHAIN_ARM_STD/us_ticker.o(i.lptmr_isr) referenced from mbed/TARGET_KL25Z/TOOLCHAIN_ARM_STD/us_ticker.o(i.us_ticker_init)
 <LI><a href="#[57]">us_ticker_clear_interrupt</a> from mbed/TARGET_KL25Z/TOOLCHAIN_ARM_STD/us_ticker.o(i.us_ticker_clear_interrupt) referenced from mbed/TARGET_KL25Z/TOOLCHAIN_ARM_STD/mbed.ar(mbed_us_ticker_api.o)(.constdata)
 <LI><a href="#[56]">us_ticker_disable_interrupt</a> from mbed/TARGET_KL25Z/TOOLCHAIN_ARM_STD/us_ticker.o(i.us_ticker_disable_interrupt) referenced from mbed/TARGET_KL25Z/TOOLCHAIN_ARM_STD/mbed.ar(mbed_us_ticker_api.o)(.constdata)
 <LI><a href="#[54]">us_ticker_init</a> from mbed/TARGET_KL25Z/TOOLCHAIN_ARM_STD/us_ticker.o(i.us_ticker_init) referenced from mbed/TARGET_KL25Z/TOOLCHAIN_ARM_STD/mbed.ar(mbed_us_ticker_api.o)(.constdata)
 <LI><a href="#[55]">us_ticker_read</a> from mbed/TARGET_KL25Z/TOOLCHAIN_ARM_STD/us_ticker.o(i.us_ticker_read) referenced from mbed/TARGET_KL25Z/TOOLCHAIN_ARM_STD/mbed.ar(mbed_us_ticker_api.o)(.constdata)
 <LI><a href="#[58]">us_ticker_set_interrupt</a> from mbed/TARGET_KL25Z/TOOLCHAIN_ARM_STD/us_ticker.o(i.us_ticker_set_interrupt) referenced from mbed/TARGET_KL25Z/TOOLCHAIN_ARM_STD/mbed.ar(mbed_us_ticker_api.o)(.constdata)
</UL>
<P>
<H3>
Global Symbols
</H3>
<P><STRONG><a name="[73]"></a>__main</STRONG> (Thumb, 8 bytes, Stack size 0 bytes, C:\Keil_v5\ARM\ARMCC\Bin\..\lib\armlib\c_p.l(__main.o)(!!!main))
<BR><BR>[Calls]<UL><LI><a href="#[76]">&gt;&gt;</a>&nbsp;&nbsp;&nbsp;__rt_entry
<LI><a href="#[75]">&gt;&gt;</a>&nbsp;&nbsp;&nbsp;__scatterload
</UL>

<P><STRONG><a name="[75]"></a>__scatterload</STRONG> (Thumb, 0 bytes, Stack size unknown bytes, C:\Keil_v5\ARM\ARMCC\Bin\..\lib\armlib\c_p.l(__scatter.o)(!!!scatter))
<BR><BR>[Called By]<UL><LI><a href="#[73]">&gt;&gt;</a>&nbsp;&nbsp;&nbsp;__main
</UL>

<P><STRONG><a name="[77]"></a>__scatterload_rt2</STRONG> (Thumb, 52 bytes, Stack size unknown bytes, C:\Keil_v5\ARM\ARMCC\Bin\..\lib\armlib\c_p.l(__scatter.o)(!!!scatter), UNUSED)
<BR><BR>[Calls]<UL><LI><a href="#[76]">&gt;&gt;</a>&nbsp;&nbsp;&nbsp;__rt_entry
</UL>

<P><STRONG><a name="[170]"></a>__scatterload_rt2_thumb_only</STRONG> (Thumb, 0 bytes, Stack size unknown bytes, C:\Keil_v5\ARM\ARMCC\Bin\..\lib\armlib\c_p.l(__scatter.o)(!!!scatter), UNUSED)

<P><STRONG><a name="[171]"></a>__scatterload_null</STRONG> (Thumb, 0 bytes, Stack size unknown bytes, C:\Keil_v5\ARM\ARMCC\Bin\..\lib\armlib\c_p.l(__scatter.o)(!!!scatter), UNUSED)

<P><STRONG><a name="[78]"></a>__scatterload_copy</STRONG> (Thumb, 26 bytes, Stack size unknown bytes, C:\Keil_v5\ARM\ARMCC\Bin\..\lib\armlib\c_p.l(__scatter_copy.o)(!!handler_copy), UNUSED)
<BR><BR>[Calls]<UL><LI><a href="#[78]">&gt;&gt;</a>&nbsp;&nbsp;&nbsp;__scatterload_copy
</UL>
<BR>[Called By]<UL><LI><a href="#[78]">&gt;&gt;</a>&nbsp;&nbsp;&nbsp;__scatterload_copy
</UL>

<P><STRONG><a name="[172]"></a>__scatterload_zeroinit</STRONG> (Thumb, 28 bytes, Stack size unknown bytes, C:\Keil_v5\ARM\ARMCC\Bin\..\lib\armlib\c_p.l(__scatter_zi.o)(!!handler_zi), UNUSED)

<P><STRONG><a name="[c1]"></a>_printf_percent</STRONG> (Thumb, 0 bytes, Stack size unknown bytes, C:\Keil_v5\ARM\ARMCC\Bin\..\lib\armlib\c_p.l(_printf_percent.o)(.ARM.Collect$$_printf_percent$$00000000))
<BR><BR>[Called By]<UL><LI><a href="#[bf]">&gt;&gt;</a>&nbsp;&nbsp;&nbsp;__printf
</UL>

<P><STRONG><a name="[79]"></a>_printf_n</STRONG> (Thumb, 0 bytes, Stack size unknown bytes, C:\Keil_v5\ARM\ARMCC\Bin\..\lib\armlib\c_p.l(_printf_n.o)(.ARM.Collect$$_printf_percent$$00000001))
<BR><BR>[Stack]<UL><LI>Max Depth = 96 + Unknown Stack Size
<LI>Call Chain = _printf_n &rArr; _printf_p &rArr; _printf_f &rArr; _printf_e &rArr; _printf_g &rArr; _printf_a &rArr; _printf_ll &rArr; _printf_i &rArr; _printf_d &rArr; _printf_u &rArr; _printf_o &rArr; _printf_x &rArr; _printf_int_hex &rArr; _printf_longlong_hex &rArr; _printf_int_common &rArr; _printf_post_padding
</UL>
<BR>[Calls]<UL><LI><a href="#[7b]">&gt;&gt;</a>&nbsp;&nbsp;&nbsp;_printf_charcount
<LI><a href="#[7a]">&gt;&gt;</a>&nbsp;&nbsp;&nbsp;_printf_p
</UL>

<P><STRONG><a name="[7a]"></a>_printf_p</STRONG> (Thumb, 0 bytes, Stack size unknown bytes, C:\Keil_v5\ARM\ARMCC\Bin\..\lib\armlib\c_p.l(_printf_p.o)(.ARM.Collect$$_printf_percent$$00000002))
<BR><BR>[Stack]<UL><LI>Max Depth = 96 + Unknown Stack Size
<LI>Call Chain = _printf_p &rArr; _printf_f &rArr; _printf_e &rArr; _printf_g &rArr; _printf_a &rArr; _printf_ll &rArr; _printf_i &rArr; _printf_d &rArr; _printf_u &rArr; _printf_o &rArr; _printf_x &rArr; _printf_int_hex &rArr; _printf_longlong_hex &rArr; _printf_int_common &rArr; _printf_post_padding
</UL>
<BR>[Calls]<UL><LI><a href="#[7c]">&gt;&gt;</a>&nbsp;&nbsp;&nbsp;_printf_f
<LI><a href="#[7d]">&gt;&gt;</a>&nbsp;&nbsp;&nbsp;_printf_hex_ptr
</UL>
<BR>[Called By]<UL><LI><a href="#[79]">&gt;&gt;</a>&nbsp;&nbsp;&nbsp;_printf_n
</UL>

<P><STRONG><a name="[7c]"></a>_printf_f</STRONG> (Thumb, 0 bytes, Stack size unknown bytes, C:\Keil_v5\ARM\ARMCC\Bin\..\lib\armlib\c_p.l(_printf_f.o)(.ARM.Collect$$_printf_percent$$00000003))
<BR><BR>[Stack]<UL><LI>Max Depth = 96 + Unknown Stack Size
<LI>Call Chain = _printf_f &rArr; _printf_e &rArr; _printf_g &rArr; _printf_a &rArr; _printf_ll &rArr; _printf_i &rArr; _printf_d &rArr; _printf_u &rArr; _printf_o &rArr; _printf_x &rArr; _printf_int_hex &rArr; _printf_longlong_hex &rArr; _printf_int_common &rArr; _printf_post_padding
</UL>
<BR>[Calls]<UL><LI><a href="#[7e]">&gt;&gt;</a>&nbsp;&nbsp;&nbsp;_printf_e
<LI><a href="#[7f]">&gt;&gt;</a>&nbsp;&nbsp;&nbsp;_printf_fp_dec
</UL>
<BR>[Called By]<UL><LI><a href="#[7a]">&gt;&gt;</a>&nbsp;&nbsp;&nbsp;_printf_p
</UL>

<P><STRONG><a name="[7e]"></a>_printf_e</STRONG> (Thumb, 0 bytes, Stack size unknown bytes, C:\Keil_v5\ARM\ARMCC\Bin\..\lib\armlib\c_p.l(_printf_e.o)(.ARM.Collect$$_printf_percent$$00000004))
<BR><BR>[Stack]<UL><LI>Max Depth = 96 + Unknown Stack Size
<LI>Call Chain = _printf_e &rArr; _printf_g &rArr; _printf_a &rArr; _printf_ll &rArr; _printf_i &rArr; _printf_d &rArr; _printf_u &rArr; _printf_o &rArr; _printf_x &rArr; _printf_int_hex &rArr; _printf_longlong_hex &rArr; _printf_int_common &rArr; _printf_post_padding
</UL>
<BR>[Calls]<UL><LI><a href="#[80]">&gt;&gt;</a>&nbsp;&nbsp;&nbsp;_printf_g
<LI><a href="#[7f]">&gt;&gt;</a>&nbsp;&nbsp;&nbsp;_printf_fp_dec
</UL>
<BR>[Called By]<UL><LI><a href="#[7c]">&gt;&gt;</a>&nbsp;&nbsp;&nbsp;_printf_f
</UL>

<P><STRONG><a name="[80]"></a>_printf_g</STRONG> (Thumb, 0 bytes, Stack size unknown bytes, C:\Keil_v5\ARM\ARMCC\Bin\..\lib\armlib\c_p.l(_printf_g.o)(.ARM.Collect$$_printf_percent$$00000005))
<BR><BR>[Stack]<UL><LI>Max Depth = 96 + Unknown Stack Size
<LI>Call Chain = _printf_g &rArr; _printf_a &rArr; _printf_ll &rArr; _printf_i &rArr; _printf_d &rArr; _printf_u &rArr; _printf_o &rArr; _printf_x &rArr; _printf_int_hex &rArr; _printf_longlong_hex &rArr; _printf_int_common &rArr; _printf_post_padding
</UL>
<BR>[Calls]<UL><LI><a href="#[81]">&gt;&gt;</a>&nbsp;&nbsp;&nbsp;_printf_a
<LI><a href="#[7f]">&gt;&gt;</a>&nbsp;&nbsp;&nbsp;_printf_fp_dec
</UL>
<BR>[Called By]<UL><LI><a href="#[7e]">&gt;&gt;</a>&nbsp;&nbsp;&nbsp;_printf_e
</UL>

<P><STRONG><a name="[81]"></a>_printf_a</STRONG> (Thumb, 0 bytes, Stack size unknown bytes, C:\Keil_v5\ARM\ARMCC\Bin\..\lib\armlib\c_p.l(_printf_a.o)(.ARM.Collect$$_printf_percent$$00000006))
<BR><BR>[Stack]<UL><LI>Max Depth = 96 + Unknown Stack Size
<LI>Call Chain = _printf_a &rArr; _printf_ll &rArr; _printf_i &rArr; _printf_d &rArr; _printf_u &rArr; _printf_o &rArr; _printf_x &rArr; _printf_int_hex &rArr; _printf_longlong_hex &rArr; _printf_int_common &rArr; _printf_post_padding
</UL>
<BR>[Calls]<UL><LI><a href="#[82]">&gt;&gt;</a>&nbsp;&nbsp;&nbsp;_printf_ll
<LI><a href="#[83]">&gt;&gt;</a>&nbsp;&nbsp;&nbsp;_printf_fp_hex
</UL>
<BR>[Called By]<UL><LI><a href="#[80]">&gt;&gt;</a>&nbsp;&nbsp;&nbsp;_printf_g
</UL>

<P><STRONG><a name="[82]"></a>_printf_ll</STRONG> (Thumb, 0 bytes, Stack size unknown bytes, C:\Keil_v5\ARM\ARMCC\Bin\..\lib\armlib\c_p.l(_printf_ll.o)(.ARM.Collect$$_printf_percent$$00000007))
<BR><BR>[Stack]<UL><LI>Max Depth = 96 + Unknown Stack Size
<LI>Call Chain = _printf_ll &rArr; _printf_i &rArr; _printf_d &rArr; _printf_u &rArr; _printf_o &rArr; _printf_x &rArr; _printf_int_hex &rArr; _printf_longlong_hex &rArr; _printf_int_common &rArr; _printf_post_padding
</UL>
<BR>[Calls]<UL><LI><a href="#[84]">&gt;&gt;</a>&nbsp;&nbsp;&nbsp;_printf_i
</UL>
<BR>[Called By]<UL><LI><a href="#[81]">&gt;&gt;</a>&nbsp;&nbsp;&nbsp;_printf_a
</UL>

<P><STRONG><a name="[84]"></a>_printf_i</STRONG> (Thumb, 0 bytes, Stack size unknown bytes, C:\Keil_v5\ARM\ARMCC\Bin\..\lib\armlib\c_p.l(_printf_i.o)(.ARM.Collect$$_printf_percent$$00000008))
<BR><BR>[Stack]<UL><LI>Max Depth = 96 + Unknown Stack Size
<LI>Call Chain = _printf_i &rArr; _printf_d &rArr; _printf_u &rArr; _printf_o &rArr; _printf_x &rArr; _printf_int_hex &rArr; _printf_longlong_hex &rArr; _printf_int_common &rArr; _printf_post_padding
</UL>
<BR>[Calls]<UL><LI><a href="#[85]">&gt;&gt;</a>&nbsp;&nbsp;&nbsp;_printf_d
<LI><a href="#[86]">&gt;&gt;</a>&nbsp;&nbsp;&nbsp;_printf_int_dec
</UL>
<BR>[Called By]<UL><LI><a href="#[82]">&gt;&gt;</a>&nbsp;&nbsp;&nbsp;_printf_ll
</UL>

<P><STRONG><a name="[85]"></a>_printf_d</STRONG> (Thumb, 0 bytes, Stack size unknown bytes, C:\Keil_v5\ARM\ARMCC\Bin\..\lib\armlib\c_p.l(_printf_d.o)(.ARM.Collect$$_printf_percent$$00000009))
<BR><BR>[Stack]<UL><LI>Max Depth = 96 + Unknown Stack Size
<LI>Call Chain = _printf_d &rArr; _printf_u &rArr; _printf_o &rArr; _printf_x &rArr; _printf_int_hex &rArr; _printf_longlong_hex &rArr; _printf_int_common &rArr; _printf_post_padding
</UL>
<BR>[Calls]<UL><LI><a href="#[87]">&gt;&gt;</a>&nbsp;&nbsp;&nbsp;_printf_u
<LI><a href="#[86]">&gt;&gt;</a>&nbsp;&nbsp;&nbsp;_printf_int_dec
</UL>
<BR>[Called By]<UL><LI><a href="#[84]">&gt;&gt;</a>&nbsp;&nbsp;&nbsp;_printf_i
</UL>

<P><STRONG><a name="[87]"></a>_printf_u</STRONG> (Thumb, 0 bytes, Stack size unknown bytes, C:\Keil_v5\ARM\ARMCC\Bin\..\lib\armlib\c_p.l(_printf_u.o)(.ARM.Collect$$_printf_percent$$0000000A))
<BR><BR>[Stack]<UL><LI>Max Depth = 96 + Unknown Stack Size
<LI>Call Chain = _printf_u &rArr; _printf_o &rArr; _printf_x &rArr; _printf_int_hex &rArr; _printf_longlong_hex &rArr; _printf_int_common &rArr; _printf_post_padding
</UL>
<BR>[Calls]<UL><LI><a href="#[88]">&gt;&gt;</a>&nbsp;&nbsp;&nbsp;_printf_o
<LI><a href="#[86]">&gt;&gt;</a>&nbsp;&nbsp;&nbsp;_printf_int_dec
</UL>
<BR>[Called By]<UL><LI><a href="#[85]">&gt;&gt;</a>&nbsp;&nbsp;&nbsp;_printf_d
</UL>

<P><STRONG><a name="[88]"></a>_printf_o</STRONG> (Thumb, 0 bytes, Stack size unknown bytes, C:\Keil_v5\ARM\ARMCC\Bin\..\lib\armlib\c_p.l(_printf_o.o)(.ARM.Collect$$_printf_percent$$0000000B))
<BR><BR>[Stack]<UL><LI>Max Depth = 96 + Unknown Stack Size
<LI>Call Chain = _printf_o &rArr; _printf_x &rArr; _printf_int_hex &rArr; _printf_longlong_hex &rArr; _printf_int_common &rArr; _printf_post_padding
</UL>
<BR>[Calls]<UL><LI><a href="#[89]">&gt;&gt;</a>&nbsp;&nbsp;&nbsp;_printf_x
<LI><a href="#[8a]">&gt;&gt;</a>&nbsp;&nbsp;&nbsp;_printf_int_oct
</UL>
<BR>[Called By]<UL><LI><a href="#[87]">&gt;&gt;</a>&nbsp;&nbsp;&nbsp;_printf_u
</UL>

<P><STRONG><a name="[89]"></a>_printf_x</STRONG> (Thumb, 0 bytes, Stack size unknown bytes, C:\Keil_v5\ARM\ARMCC\Bin\..\lib\armlib\c_p.l(_printf_x.o)(.ARM.Collect$$_printf_percent$$0000000C))
<BR><BR>[Stack]<UL><LI>Max Depth = 96 + Unknown Stack Size
<LI>Call Chain = _printf_x &rArr; _printf_int_hex &rArr; _printf_longlong_hex &rArr; _printf_int_common &rArr; _printf_post_padding
</UL>
<BR>[Calls]<UL><LI><a href="#[8b]">&gt;&gt;</a>&nbsp;&nbsp;&nbsp;_printf_lli
<LI><a href="#[8c]">&gt;&gt;</a>&nbsp;&nbsp;&nbsp;_printf_int_hex
</UL>
<BR>[Called By]<UL><LI><a href="#[88]">&gt;&gt;</a>&nbsp;&nbsp;&nbsp;_printf_o
</UL>

<P><STRONG><a name="[8b]"></a>_printf_lli</STRONG> (Thumb, 0 bytes, Stack size unknown bytes, C:\Keil_v5\ARM\ARMCC\Bin\..\lib\armlib\c_p.l(_printf_lli.o)(.ARM.Collect$$_printf_percent$$0000000D))
<BR><BR>[Stack]<UL><LI>Max Depth = 88 + Unknown Stack Size
<LI>Call Chain = _printf_lli &rArr; _printf_lld &rArr; _printf_llu &rArr; _printf_llo &rArr; _printf_llx &rArr; _printf_l &rArr; _printf_c &rArr; _printf_s &rArr; _printf_lc &rArr; _printf_ls &rArr; _printf_wstring &rArr; _printf_lcs_common &rArr; _printf_wctomb &rArr; _wcrtomb &rArr; __rt_ctype_table
</UL>
<BR>[Calls]<UL><LI><a href="#[8d]">&gt;&gt;</a>&nbsp;&nbsp;&nbsp;_printf_lld
<LI><a href="#[8e]">&gt;&gt;</a>&nbsp;&nbsp;&nbsp;_printf_longlong_dec
</UL>
<BR>[Called By]<UL><LI><a href="#[89]">&gt;&gt;</a>&nbsp;&nbsp;&nbsp;_printf_x
</UL>

<P><STRONG><a name="[8d]"></a>_printf_lld</STRONG> (Thumb, 0 bytes, Stack size unknown bytes, C:\Keil_v5\ARM\ARMCC\Bin\..\lib\armlib\c_p.l(_printf_lld.o)(.ARM.Collect$$_printf_percent$$0000000E))
<BR><BR>[Stack]<UL><LI>Max Depth = 88 + Unknown Stack Size
<LI>Call Chain = _printf_lld &rArr; _printf_llu &rArr; _printf_llo &rArr; _printf_llx &rArr; _printf_l &rArr; _printf_c &rArr; _printf_s &rArr; _printf_lc &rArr; _printf_ls &rArr; _printf_wstring &rArr; _printf_lcs_common &rArr; _printf_wctomb &rArr; _wcrtomb &rArr; __rt_ctype_table
</UL>
<BR>[Calls]<UL><LI><a href="#[8f]">&gt;&gt;</a>&nbsp;&nbsp;&nbsp;_printf_llu
<LI><a href="#[8e]">&gt;&gt;</a>&nbsp;&nbsp;&nbsp;_printf_longlong_dec
</UL>
<BR>[Called By]<UL><LI><a href="#[8b]">&gt;&gt;</a>&nbsp;&nbsp;&nbsp;_printf_lli
</UL>

<P><STRONG><a name="[8f]"></a>_printf_llu</STRONG> (Thumb, 0 bytes, Stack size unknown bytes, C:\Keil_v5\ARM\ARMCC\Bin\..\lib\armlib\c_p.l(_printf_llu.o)(.ARM.Collect$$_printf_percent$$0000000F))
<BR><BR>[Stack]<UL><LI>Max Depth = 88 + Unknown Stack Size
<LI>Call Chain = _printf_llu &rArr; _printf_llo &rArr; _printf_llx &rArr; _printf_l &rArr; _printf_c &rArr; _printf_s &rArr; _printf_lc &rArr; _printf_ls &rArr; _printf_wstring &rArr; _printf_lcs_common &rArr; _printf_wctomb &rArr; _wcrtomb &rArr; __rt_ctype_table
</UL>
<BR>[Calls]<UL><LI><a href="#[90]">&gt;&gt;</a>&nbsp;&nbsp;&nbsp;_printf_llo
<LI><a href="#[8e]">&gt;&gt;</a>&nbsp;&nbsp;&nbsp;_printf_longlong_dec
</UL>
<BR>[Called By]<UL><LI><a href="#[8d]">&gt;&gt;</a>&nbsp;&nbsp;&nbsp;_printf_lld
</UL>

<P><STRONG><a name="[90]"></a>_printf_llo</STRONG> (Thumb, 0 bytes, Stack size unknown bytes, C:\Keil_v5\ARM\ARMCC\Bin\..\lib\armlib\c_p.l(_printf_llo.o)(.ARM.Collect$$_printf_percent$$00000010))
<BR><BR>[Stack]<UL><LI>Max Depth = 88 + Unknown Stack Size
<LI>Call Chain = _printf_llo &rArr; _printf_llx &rArr; _printf_l &rArr; _printf_c &rArr; _printf_s &rArr; _printf_lc &rArr; _printf_ls &rArr; _printf_wstring &rArr; _printf_lcs_common &rArr; _printf_wctomb &rArr; _wcrtomb &rArr; __rt_ctype_table
</UL>
<BR>[Calls]<UL><LI><a href="#[91]">&gt;&gt;</a>&nbsp;&nbsp;&nbsp;_printf_llx
<LI><a href="#[92]">&gt;&gt;</a>&nbsp;&nbsp;&nbsp;_printf_ll_oct
</UL>
<BR>[Called By]<UL><LI><a href="#[8f]">&gt;&gt;</a>&nbsp;&nbsp;&nbsp;_printf_llu
</UL>

<P><STRONG><a name="[91]"></a>_printf_llx</STRONG> (Thumb, 0 bytes, Stack size unknown bytes, C:\Keil_v5\ARM\ARMCC\Bin\..\lib\armlib\c_p.l(_printf_llx.o)(.ARM.Collect$$_printf_percent$$00000011))
<BR><BR>[Stack]<UL><LI>Max Depth = 88 + Unknown Stack Size
<LI>Call Chain = _printf_llx &rArr; _printf_l &rArr; _printf_c &rArr; _printf_s &rArr; _printf_lc &rArr; _printf_ls &rArr; _printf_wstring &rArr; _printf_lcs_common &rArr; _printf_wctomb &rArr; _wcrtomb &rArr; __rt_ctype_table
</UL>
<BR>[Calls]<UL><LI><a href="#[93]">&gt;&gt;</a>&nbsp;&nbsp;&nbsp;_printf_l
<LI><a href="#[94]">&gt;&gt;</a>&nbsp;&nbsp;&nbsp;_printf_ll_hex
</UL>
<BR>[Called By]<UL><LI><a href="#[90]">&gt;&gt;</a>&nbsp;&nbsp;&nbsp;_printf_llo
</UL>

<P><STRONG><a name="[93]"></a>_printf_l</STRONG> (Thumb, 0 bytes, Stack size unknown bytes, C:\Keil_v5\ARM\ARMCC\Bin\..\lib\armlib\c_p.l(_printf_l.o)(.ARM.Collect$$_printf_percent$$00000012))
<BR><BR>[Stack]<UL><LI>Max Depth = 88 + Unknown Stack Size
<LI>Call Chain = _printf_l &rArr; _printf_c &rArr; _printf_s &rArr; _printf_lc &rArr; _printf_ls &rArr; _printf_wstring &rArr; _printf_lcs_common &rArr; _printf_wctomb &rArr; _wcrtomb &rArr; __rt_ctype_table
</UL>
<BR>[Calls]<UL><LI><a href="#[95]">&gt;&gt;</a>&nbsp;&nbsp;&nbsp;_printf_c
</UL>
<BR>[Called By]<UL><LI><a href="#[91]">&gt;&gt;</a>&nbsp;&nbsp;&nbsp;_printf_llx
</UL>

<P><STRONG><a name="[95]"></a>_printf_c</STRONG> (Thumb, 0 bytes, Stack size unknown bytes, C:\Keil_v5\ARM\ARMCC\Bin\..\lib\armlib\c_p.l(_printf_c.o)(.ARM.Collect$$_printf_percent$$00000013))
<BR><BR>[Stack]<UL><LI>Max Depth = 88 + Unknown Stack Size
<LI>Call Chain = _printf_c &rArr; _printf_s &rArr; _printf_lc &rArr; _printf_ls &rArr; _printf_wstring &rArr; _printf_lcs_common &rArr; _printf_wctomb &rArr; _wcrtomb &rArr; __rt_ctype_table
</UL>
<BR>[Calls]<UL><LI><a href="#[96]">&gt;&gt;</a>&nbsp;&nbsp;&nbsp;_printf_s
<LI><a href="#[97]">&gt;&gt;</a>&nbsp;&nbsp;&nbsp;_printf_char
</UL>
<BR>[Called By]<UL><LI><a href="#[93]">&gt;&gt;</a>&nbsp;&nbsp;&nbsp;_printf_l
</UL>

<P><STRONG><a name="[96]"></a>_printf_s</STRONG> (Thumb, 0 bytes, Stack size unknown bytes, C:\Keil_v5\ARM\ARMCC\Bin\..\lib\armlib\c_p.l(_printf_s.o)(.ARM.Collect$$_printf_percent$$00000014))
<BR><BR>[Stack]<UL><LI>Max Depth = 88 + Unknown Stack Size
<LI>Call Chain = _printf_s &rArr; _printf_lc &rArr; _printf_ls &rArr; _printf_wstring &rArr; _printf_lcs_common &rArr; _printf_wctomb &rArr; _wcrtomb &rArr; __rt_ctype_table
</UL>
<BR>[Calls]<UL><LI><a href="#[98]">&gt;&gt;</a>&nbsp;&nbsp;&nbsp;_printf_lc
<LI><a href="#[99]">&gt;&gt;</a>&nbsp;&nbsp;&nbsp;_printf_string
</UL>
<BR>[Called By]<UL><LI><a href="#[95]">&gt;&gt;</a>&nbsp;&nbsp;&nbsp;_printf_c
</UL>

<P><STRONG><a name="[98]"></a>_printf_lc</STRONG> (Thumb, 0 bytes, Stack size unknown bytes, C:\Keil_v5\ARM\ARMCC\Bin\..\lib\armlib\c_p.l(_printf_lc.o)(.ARM.Collect$$_printf_percent$$00000015))
<BR><BR>[Stack]<UL><LI>Max Depth = 88 + Unknown Stack Size
<LI>Call Chain = _printf_lc &rArr; _printf_ls &rArr; _printf_wstring &rArr; _printf_lcs_common &rArr; _printf_wctomb &rArr; _wcrtomb &rArr; __rt_ctype_table
</UL>
<BR>[Calls]<UL><LI><a href="#[9a]">&gt;&gt;</a>&nbsp;&nbsp;&nbsp;_printf_ls
<LI><a href="#[9b]">&gt;&gt;</a>&nbsp;&nbsp;&nbsp;_printf_wchar
</UL>
<BR>[Called By]<UL><LI><a href="#[96]">&gt;&gt;</a>&nbsp;&nbsp;&nbsp;_printf_s
</UL>

<P><STRONG><a name="[9a]"></a>_printf_ls</STRONG> (Thumb, 0 bytes, Stack size unknown bytes, C:\Keil_v5\ARM\ARMCC\Bin\..\lib\armlib\c_p.l(_printf_ls.o)(.ARM.Collect$$_printf_percent$$00000016))
<BR><BR>[Stack]<UL><LI>Max Depth = 88 + Unknown Stack Size
<LI>Call Chain = _printf_ls &rArr; _printf_wstring &rArr; _printf_lcs_common &rArr; _printf_wctomb &rArr; _wcrtomb &rArr; __rt_ctype_table
</UL>
<BR>[Calls]<UL><LI><a href="#[9c]">&gt;&gt;</a>&nbsp;&nbsp;&nbsp;_printf_percent_end
<LI><a href="#[9d]">&gt;&gt;</a>&nbsp;&nbsp;&nbsp;_printf_wstring
</UL>
<BR>[Called By]<UL><LI><a href="#[98]">&gt;&gt;</a>&nbsp;&nbsp;&nbsp;_printf_lc
</UL>

<P><STRONG><a name="[9c]"></a>_printf_percent_end</STRONG> (Thumb, 0 bytes, Stack size unknown bytes, C:\Keil_v5\ARM\ARMCC\Bin\..\lib\armlib\c_p.l(_printf_percent_end.o)(.ARM.Collect$$_printf_percent$$00000017))
<BR><BR>[Called By]<UL><LI><a href="#[9a]">&gt;&gt;</a>&nbsp;&nbsp;&nbsp;_printf_ls
</UL>

<P><STRONG><a name="[ad]"></a>__rt_lib_init</STRONG> (Thumb, 0 bytes, Stack size unknown bytes, C:\Keil_v5\ARM\ARMCC\Bin\..\lib\armlib\c_p.l(libinit.o)(.ARM.Collect$$libinit$$00000000))
<BR><BR>[Called By]<UL><LI><a href="#[ac]">&gt;&gt;</a>&nbsp;&nbsp;&nbsp;__rt_entry_li
</UL>

<P><STRONG><a name="[173]"></a>__rt_lib_init_fp_1</STRONG> (Thumb, 0 bytes, Stack size unknown bytes, C:\Keil_v5\ARM\ARMCC\Bin\..\lib\armlib\c_p.l(libinit2.o)(.ARM.Collect$$libinit$$00000002))

<P><STRONG><a name="[9e]"></a>__rt_lib_init_heap_2</STRONG> (Thumb, 0 bytes, Stack size unknown bytes, C:\Keil_v5\ARM\ARMCC\Bin\..\lib\armlib\c_p.l(libinit2.o)(.ARM.Collect$$libinit$$00000005))
<BR><BR>[Stack]<UL><LI>Max Depth = 64 + Unknown Stack Size
<LI>Call Chain = __rt_lib_init_heap_2 &rArr; _init_alloc &rArr; __rt_SIGRTMEM &rArr; __rt_SIGRTMEM_inner &rArr; __default_signal_display &rArr; _ttywrch
</UL>
<BR>[Calls]<UL><LI><a href="#[9f]">&gt;&gt;</a>&nbsp;&nbsp;&nbsp;_init_alloc
</UL>

<P><STRONG><a name="[174]"></a>__rt_lib_init_preinit_1</STRONG> (Thumb, 0 bytes, Stack size unknown bytes, C:\Keil_v5\ARM\ARMCC\Bin\..\lib\armlib\c_p.l(libinit2.o)(.ARM.Collect$$libinit$$00000004))

<P><STRONG><a name="[175]"></a>__rt_lib_init_heap_1</STRONG> (Thumb, 0 bytes, Stack size unknown bytes, C:\Keil_v5\ARM\ARMCC\Bin\..\lib\armlib\c_p.l(libinit2.o)(.ARM.Collect$$libinit$$0000000A))

<P><STRONG><a name="[a0]"></a>__rt_lib_init_lc_common</STRONG> (Thumb, 0 bytes, Stack size unknown bytes, C:\Keil_v5\ARM\ARMCC\Bin\..\lib\armlib\c_p.l(libinit2.o)(.ARM.Collect$$libinit$$0000000F))
<BR><BR>[Calls]<UL><LI><a href="#[a1]">&gt;&gt;</a>&nbsp;&nbsp;&nbsp;__rt_locale
</UL>

<P><STRONG><a name="[176]"></a>__rt_lib_init_rand_1</STRONG> (Thumb, 0 bytes, Stack size unknown bytes, C:\Keil_v5\ARM\ARMCC\Bin\..\lib\armlib\c_p.l(libinit2.o)(.ARM.Collect$$libinit$$0000000E))

<P><STRONG><a name="[177]"></a>__rt_lib_init_user_alloc_1</STRONG> (Thumb, 0 bytes, Stack size unknown bytes, C:\Keil_v5\ARM\ARMCC\Bin\..\lib\armlib\c_p.l(libinit2.o)(.ARM.Collect$$libinit$$0000000C))

<P><STRONG><a name="[178]"></a>__rt_lib_init_lc_collate_1</STRONG> (Thumb, 0 bytes, Stack size unknown bytes, C:\Keil_v5\ARM\ARMCC\Bin\..\lib\armlib\c_p.l(libinit2.o)(.ARM.Collect$$libinit$$00000011))

<P><STRONG><a name="[a2]"></a>__rt_lib_init_lc_ctype_2</STRONG> (Thumb, 0 bytes, Stack size unknown bytes, C:\Keil_v5\ARM\ARMCC\Bin\..\lib\armlib\c_p.l(libinit2.o)(.ARM.Collect$$libinit$$00000012))
<BR><BR>[Stack]<UL><LI>Max Depth = 24 + Unknown Stack Size
<LI>Call Chain = __rt_lib_init_lc_ctype_2 &rArr; _get_lc_ctype &rArr; strcmp
</UL>
<BR>[Calls]<UL><LI><a href="#[4b]">&gt;&gt;</a>&nbsp;&nbsp;&nbsp;_get_lc_ctype
</UL>

<P><STRONG><a name="[179]"></a>__rt_lib_init_lc_ctype_1</STRONG> (Thumb, 0 bytes, Stack size unknown bytes, C:\Keil_v5\ARM\ARMCC\Bin\..\lib\armlib\c_p.l(libinit2.o)(.ARM.Collect$$libinit$$00000013))

<P><STRONG><a name="[17a]"></a>__rt_lib_init_lc_monetary_1</STRONG> (Thumb, 0 bytes, Stack size unknown bytes, C:\Keil_v5\ARM\ARMCC\Bin\..\lib\armlib\c_p.l(libinit2.o)(.ARM.Collect$$libinit$$00000015))

<P><STRONG><a name="[a3]"></a>__rt_lib_init_lc_numeric_2</STRONG> (Thumb, 0 bytes, Stack size unknown bytes, C:\Keil_v5\ARM\ARMCC\Bin\..\lib\armlib\c_p.l(libinit2.o)(.ARM.Collect$$libinit$$00000016))
<BR><BR>[Stack]<UL><LI>Max Depth = 24 + Unknown Stack Size
<LI>Call Chain = __rt_lib_init_lc_numeric_2 &rArr; _get_lc_numeric &rArr; strcmp
</UL>
<BR>[Calls]<UL><LI><a href="#[a4]">&gt;&gt;</a>&nbsp;&nbsp;&nbsp;_get_lc_numeric
</UL>

<P><STRONG><a name="[17b]"></a>__rt_lib_init_atexit_1</STRONG> (Thumb, 0 bytes, Stack size unknown bytes, C:\Keil_v5\ARM\ARMCC\Bin\..\lib\armlib\c_p.l(libinit2.o)(.ARM.Collect$$libinit$$0000001B))

<P><STRONG><a name="[17c]"></a>__rt_lib_init_clock_1</STRONG> (Thumb, 0 bytes, Stack size unknown bytes, C:\Keil_v5\ARM\ARMCC\Bin\..\lib\armlib\c_p.l(libinit2.o)(.ARM.Collect$$libinit$$00000021))

<P><STRONG><a name="[17d]"></a>__rt_lib_init_fp_trap_1</STRONG> (Thumb, 0 bytes, Stack size unknown bytes, C:\Keil_v5\ARM\ARMCC\Bin\..\lib\armlib\c_p.l(libinit2.o)(.ARM.Collect$$libinit$$0000001F))

<P><STRONG><a name="[17e]"></a>__rt_lib_init_getenv_1</STRONG> (Thumb, 0 bytes, Stack size unknown bytes, C:\Keil_v5\ARM\ARMCC\Bin\..\lib\armlib\c_p.l(libinit2.o)(.ARM.Collect$$libinit$$00000023))

<P><STRONG><a name="[17f]"></a>__rt_lib_init_lc_numeric_1</STRONG> (Thumb, 0 bytes, Stack size unknown bytes, C:\Keil_v5\ARM\ARMCC\Bin\..\lib\armlib\c_p.l(libinit2.o)(.ARM.Collect$$libinit$$00000017))

<P><STRONG><a name="[180]"></a>__rt_lib_init_lc_time_1</STRONG> (Thumb, 0 bytes, Stack size unknown bytes, C:\Keil_v5\ARM\ARMCC\Bin\..\lib\armlib\c_p.l(libinit2.o)(.ARM.Collect$$libinit$$00000019))

<P><STRONG><a name="[181]"></a>__rt_lib_init_signal_1</STRONG> (Thumb, 0 bytes, Stack size unknown bytes, C:\Keil_v5\ARM\ARMCC\Bin\..\lib\armlib\c_p.l(libinit2.o)(.ARM.Collect$$libinit$$0000001D))

<P><STRONG><a name="[a5]"></a>__rt_lib_init_stdio_2</STRONG> (Thumb, 0 bytes, Stack size unknown bytes, C:\Keil_v5\ARM\ARMCC\Bin\..\lib\armlib\c_p.l(libinit2.o)(.ARM.Collect$$libinit$$00000024))
<BR><BR>[Stack]<UL><LI>Max Depth = 608 + Unknown Stack Size
<LI>Call Chain = __rt_lib_init_stdio_2 &rArr; _initio &rArr; freopen &rArr; _sys_open &rArr; mbed::FilePath::FilePath(const char*) &rArr; mbed::FileBase::lookup(const char*, unsigned) &rArr; SingletonPtr&lang;PlatformMutex&rang;::operator -&rang;() &rArr; mbed_assert_internal &rArr; mbed_error_printf &rArr; serial_init &rArr;  pin_mode (Cycle)
</UL>
<BR>[Calls]<UL><LI><a href="#[a6]">&gt;&gt;</a>&nbsp;&nbsp;&nbsp;_initio
</UL>

<P><STRONG><a name="[182]"></a>__rt_lib_init_alloca_1</STRONG> (Thumb, 0 bytes, Stack size unknown bytes, C:\Keil_v5\ARM\ARMCC\Bin\..\lib\armlib\c_p.l(libinit2.o)(.ARM.Collect$$libinit$$0000002E))

<P><STRONG><a name="[183]"></a>__rt_lib_init_argv_1</STRONG> (Thumb, 0 bytes, Stack size unknown bytes, C:\Keil_v5\ARM\ARMCC\Bin\..\lib\armlib\c_p.l(libinit2.o)(.ARM.Collect$$libinit$$0000002C))

<P><STRONG><a name="[a7]"></a>__rt_lib_init_cpp_2</STRONG> (Thumb, 0 bytes, Stack size unknown bytes, C:\Keil_v5\ARM\ARMCC\Bin\..\lib\armlib\c_p.l(libinit2.o)(.ARM.Collect$$libinit$$00000031))
<BR><BR>[Stack]<UL><LI>Max Depth = 16 + Unknown Stack Size
<LI>Call Chain = __rt_lib_init_cpp_2 &rArr; __cpp_initialize__aeabi_
</UL>
<BR>[Calls]<UL><LI><a href="#[74]">&gt;&gt;</a>&nbsp;&nbsp;&nbsp;__cpp_initialize__aeabi_
</UL>

<P><STRONG><a name="[184]"></a>__rt_lib_init_exceptions_1</STRONG> (Thumb, 0 bytes, Stack size unknown bytes, C:\Keil_v5\ARM\ARMCC\Bin\..\lib\armlib\c_p.l(libinit2.o)(.ARM.Collect$$libinit$$00000030))

<P><STRONG><a name="[185]"></a>__rt_lib_init_stdio_1</STRONG> (Thumb, 0 bytes, Stack size unknown bytes, C:\Keil_v5\ARM\ARMCC\Bin\..\lib\armlib\c_p.l(libinit2.o)(.ARM.Collect$$libinit$$00000025))

<P><STRONG><a name="[186]"></a>__rt_lib_init_cpp_1</STRONG> (Thumb, 0 bytes, Stack size unknown bytes, C:\Keil_v5\ARM\ARMCC\Bin\..\lib\armlib\c_p.l(libinit2.o)(.ARM.Collect$$libinit$$00000032))

<P><STRONG><a name="[187]"></a>__rt_lib_init_return</STRONG> (Thumb, 0 bytes, Stack size unknown bytes, C:\Keil_v5\ARM\ARMCC\Bin\..\lib\armlib\c_p.l(libinit2.o)(.ARM.Collect$$libinit$$00000033))

<P><STRONG><a name="[76]"></a>__rt_entry</STRONG> (Thumb, 0 bytes, Stack size unknown bytes, C:\Keil_v5\ARM\ARMCC\Bin\..\lib\armlib\c_p.l(__rtentry.o)(.ARM.Collect$$rtentry$$00000000))
<BR><BR>[Called By]<UL><LI><a href="#[73]">&gt;&gt;</a>&nbsp;&nbsp;&nbsp;__main
<LI><a href="#[77]">&gt;&gt;</a>&nbsp;&nbsp;&nbsp;__scatterload_rt2
</UL>

<P><STRONG><a name="[188]"></a>__rt_entry_presh_1</STRONG> (Thumb, 0 bytes, Stack size unknown bytes, C:\Keil_v5\ARM\ARMCC\Bin\..\lib\armlib\c_p.l(__rtentry2.o)(.ARM.Collect$$rtentry$$00000002))

<P><STRONG><a name="[a8]"></a>__rt_entry_sh</STRONG> (Thumb, 0 bytes, Stack size unknown bytes, C:\Keil_v5\ARM\ARMCC\Bin\..\lib\armlib\c_p.l(__rtentry4.o)(.ARM.Collect$$rtentry$$00000004))
<BR><BR>[Calls]<UL><LI><a href="#[a9]">&gt;&gt;</a>&nbsp;&nbsp;&nbsp;__user_setup_stackheap
</UL>

<P><STRONG><a name="[189]"></a>__rt_lib_shutdown_stdio_2</STRONG> (Thumb, 0 bytes, Stack size unknown bytes, C:\Keil_v5\ARM\ARMCC\Bin\..\lib\armlib\c_p.l(libshutdown2.o)(.ARM.Collect$$libshutdown$$00000004))

<P><STRONG><a name="[aa]"></a>__rt_entry_postsh_1</STRONG> (Thumb, 0 bytes, Stack size unknown bytes, C:\Keil_v5\ARM\ARMCC\Bin\..\lib\armlib\c_p.l(__rtentry2.o)(.ARM.Collect$$rtentry$$00000008))
<BR><BR>[Stack]<UL><LI>Max Depth = 8 + Unknown Stack Size
<LI>Call Chain = __rt_entry_postsh_1 &rArr; _platform_post_stackheap_init
</UL>
<BR>[Calls]<UL><LI><a href="#[ab]">&gt;&gt;</a>&nbsp;&nbsp;&nbsp;_platform_post_stackheap_init
</UL>

<P><STRONG><a name="[ac]"></a>__rt_entry_li</STRONG> (Thumb, 0 bytes, Stack size unknown bytes, C:\Keil_v5\ARM\ARMCC\Bin\..\lib\armlib\c_p.l(__rtentry2.o)(.ARM.Collect$$rtentry$$0000000A))
<BR><BR>[Calls]<UL><LI><a href="#[ad]">&gt;&gt;</a>&nbsp;&nbsp;&nbsp;__rt_lib_init
</UL>

<P><STRONG><a name="[ae]"></a>__rt_entry_main</STRONG> (Thumb, 0 bytes, Stack size unknown bytes, C:\Keil_v5\ARM\ARMCC\Bin\..\lib\armlib\c_p.l(__rtentry2.o)(.ARM.Collect$$rtentry$$0000000D))
<BR><BR>[Stack]<UL><LI>Max Depth = 352 + Unknown Stack Size
<LI>Call Chain = __rt_entry_main &rArr; main &rArr; $Super$$main &rArr; __0scanf &rArr; __vfscanf_char_file &rArr; __vfscanf_char &rArr; __vfscanf &rArr; _scanf_int
</UL>
<BR>[Calls]<UL><LI><a href="#[b0]">&gt;&gt;</a>&nbsp;&nbsp;&nbsp;exit
<LI><a href="#[af]">&gt;&gt;</a>&nbsp;&nbsp;&nbsp;main
</UL>

<P><STRONG><a name="[18a]"></a>__rt_entry_postli_1</STRONG> (Thumb, 0 bytes, Stack size unknown bytes, C:\Keil_v5\ARM\ARMCC\Bin\..\lib\armlib\c_p.l(__rtentry2.o)(.ARM.Collect$$rtentry$$0000000C))

<P><STRONG><a name="[11d]"></a>__aeabi_memcpy4</STRONG> (Thumb, 56 bytes, Stack size 0 bytes, C:\Keil_v5\ARM\ARMCC\Bin\..\lib\armlib\c_p.l(rt_memcpy.o)(.emb_text))
<BR><BR>[Called By]<UL><LI><a href="#[121]">&gt;&gt;</a>&nbsp;&nbsp;&nbsp;Proc_1(record*)
<LI><a href="#[11c]">&gt;&gt;</a>&nbsp;&nbsp;&nbsp;NVIC_SetVector
</UL>

<P><STRONG><a name="[18b]"></a>__aeabi_memcpy8</STRONG> (Thumb, 0 bytes, Stack size 0 bytes, C:\Keil_v5\ARM\ARMCC\Bin\..\lib\armlib\c_p.l(rt_memcpy.o)(.emb_text), UNUSED)

<P><STRONG><a name="[1a]"></a>Reset_Handler</STRONG> (Thumb, 8 bytes, Stack size 0 bytes, mbed/TARGET_KL25Z/TOOLCHAIN_ARM_STD/startup_MKL25Z4.o(.text))
<BR>[Address Reference Count : 1]<UL><LI> startup_MKL25Z4.o(RESET)
</UL>
<P><STRONG><a name="[18c]"></a>_maybe_terminate_alloc</STRONG> (Thumb, 0 bytes, Stack size 0 bytes, C:\Keil_v5\ARM\ARMCC\Bin\..\lib\armlib\c_p.l(maybetermalloc1.o)(.emb_text), UNUSED)

<P><STRONG><a name="[1c]"></a>HardFault_Handler</STRONG> (Thumb, 2 bytes, Stack size 0 bytes, mbed/TARGET_KL25Z/TOOLCHAIN_ARM_STD/startup_MKL25Z4.o(.text))
<BR><BR>[Calls]<UL><LI><a href="#[1c]">&gt;&gt;</a>&nbsp;&nbsp;&nbsp;HardFault_Handler
</UL>
<BR>[Called By]<UL><LI><a href="#[1c]">&gt;&gt;</a>&nbsp;&nbsp;&nbsp;HardFault_Handler
</UL>
<BR>[Address Reference Count : 1]<UL><LI> startup_MKL25Z4.o(RESET)
</UL>
<P><STRONG><a name="[1d]"></a>SVC_Handler</STRONG> (Thumb, 2 bytes, Stack size 0 bytes, mbed/TARGET_KL25Z/TOOLCHAIN_ARM_STD/startup_MKL25Z4.o(.text))
<BR><BR>[Calls]<UL><LI><a href="#[1d]">&gt;&gt;</a>&nbsp;&nbsp;&nbsp;SVC_Handler
</UL>
<BR>[Called By]<UL><LI><a href="#[1d]">&gt;&gt;</a>&nbsp;&nbsp;&nbsp;SVC_Handler
</UL>
<BR>[Address Reference Count : 1]<UL><LI> startup_MKL25Z4.o(RESET)
</UL>
<P><STRONG><a name="[1e]"></a>PendSV_Handler</STRONG> (Thumb, 2 bytes, Stack size 0 bytes, mbed/TARGET_KL25Z/TOOLCHAIN_ARM_STD/startup_MKL25Z4.o(.text))
<BR><BR>[Calls]<UL><LI><a href="#[1e]">&gt;&gt;</a>&nbsp;&nbsp;&nbsp;PendSV_Handler
</UL>
<BR>[Called By]<UL><LI><a href="#[1e]">&gt;&gt;</a>&nbsp;&nbsp;&nbsp;PendSV_Handler
</UL>
<BR>[Address Reference Count : 1]<UL><LI> startup_MKL25Z4.o(RESET)
</UL>
<P><STRONG><a name="[1f]"></a>SysTick_Handler</STRONG> (Thumb, 2 bytes, Stack size 0 bytes, mbed/TARGET_KL25Z/TOOLCHAIN_ARM_STD/startup_MKL25Z4.o(.text))
<BR><BR>[Calls]<UL><LI><a href="#[1f]">&gt;&gt;</a>&nbsp;&nbsp;&nbsp;SysTick_Handler
</UL>
<BR>[Called By]<UL><LI><a href="#[1f]">&gt;&gt;</a>&nbsp;&nbsp;&nbsp;SysTick_Handler
</UL>
<BR>[Address Reference Count : 1]<UL><LI> startup_MKL25Z4.o(RESET)
</UL>
<P><STRONG><a name="[2f]"></a>ADC0_IRQHandler</STRONG> (Thumb, 0 bytes, Stack size 0 bytes, mbed/TARGET_KL25Z/TOOLCHAIN_ARM_STD/startup_MKL25Z4.o(.text))
<BR><BR>[Calls]<UL><LI><a href="#[2f]">&gt;&gt;</a>&nbsp;&nbsp;&nbsp;ADC0_IRQHandler
</UL>
<BR>[Called By]<UL><LI><a href="#[2f]">&gt;&gt;</a>&nbsp;&nbsp;&nbsp;ADC0_IRQHandler
</UL>
<BR>[Address Reference Count : 1]<UL><LI> startup_MKL25Z4.o(RESET)
</UL>
<P><STRONG><a name="[30]"></a>CMP0_IRQHandler</STRONG> (Thumb, 0 bytes, Stack size 0 bytes, mbed/TARGET_KL25Z/TOOLCHAIN_ARM_STD/startup_MKL25Z4.o(.text))
<BR>[Address Reference Count : 1]<UL><LI> startup_MKL25Z4.o(RESET)
</UL>
<P><STRONG><a name="[39]"></a>DAC0_IRQHandler</STRONG> (Thumb, 0 bytes, Stack size 0 bytes, mbed/TARGET_KL25Z/TOOLCHAIN_ARM_STD/startup_MKL25Z4.o(.text))
<BR>[Address Reference Count : 1]<UL><LI> startup_MKL25Z4.o(RESET)
</UL>
<P><STRONG><a name="[20]"></a>DMA0_IRQHandler</STRONG> (Thumb, 0 bytes, Stack size 0 bytes, mbed/TARGET_KL25Z/TOOLCHAIN_ARM_STD/startup_MKL25Z4.o(.text))
<BR>[Address Reference Count : 1]<UL><LI> startup_MKL25Z4.o(RESET)
</UL>
<P><STRONG><a name="[21]"></a>DMA1_IRQHandler</STRONG> (Thumb, 0 bytes, Stack size 0 bytes, mbed/TARGET_KL25Z/TOOLCHAIN_ARM_STD/startup_MKL25Z4.o(.text))
<BR>[Address Reference Count : 1]<UL><LI> startup_MKL25Z4.o(RESET)
</UL>
<P><STRONG><a name="[22]"></a>DMA2_IRQHandler</STRONG> (Thumb, 0 bytes, Stack size 0 bytes, mbed/TARGET_KL25Z/TOOLCHAIN_ARM_STD/startup_MKL25Z4.o(.text))
<BR>[Address Reference Count : 1]<UL><LI> startup_MKL25Z4.o(RESET)
</UL>
<P><STRONG><a name="[23]"></a>DMA3_IRQHandler</STRONG> (Thumb, 0 bytes, Stack size 0 bytes, mbed/TARGET_KL25Z/TOOLCHAIN_ARM_STD/startup_MKL25Z4.o(.text))
<BR>[Address Reference Count : 1]<UL><LI> startup_MKL25Z4.o(RESET)
</UL>
<P><STRONG><a name="[18d]"></a>DefaultISR</STRONG> (Thumb, 0 bytes, Stack size 0 bytes, mbed/TARGET_KL25Z/TOOLCHAIN_ARM_STD/startup_MKL25Z4.o(.text), UNUSED)

<P><STRONG><a name="[25]"></a>FTFA_IRQHandler</STRONG> (Thumb, 0 bytes, Stack size 0 bytes, mbed/TARGET_KL25Z/TOOLCHAIN_ARM_STD/startup_MKL25Z4.o(.text))
<BR>[Address Reference Count : 1]<UL><LI> startup_MKL25Z4.o(RESET)
</UL>
<P><STRONG><a name="[28]"></a>I2C0_IRQHandler</STRONG> (Thumb, 0 bytes, Stack size 0 bytes, mbed/TARGET_KL25Z/TOOLCHAIN_ARM_STD/startup_MKL25Z4.o(.text))
<BR>[Address Reference Count : 1]<UL><LI> startup_MKL25Z4.o(RESET)
</UL>
<P><STRONG><a name="[29]"></a>I2C1_IRQHandler</STRONG> (Thumb, 0 bytes, Stack size 0 bytes, mbed/TARGET_KL25Z/TOOLCHAIN_ARM_STD/startup_MKL25Z4.o(.text))
<BR>[Address Reference Count : 1]<UL><LI> startup_MKL25Z4.o(RESET)
</UL>
<P><STRONG><a name="[27]"></a>LLW_IRQHandler</STRONG> (Thumb, 0 bytes, Stack size 0 bytes, mbed/TARGET_KL25Z/TOOLCHAIN_ARM_STD/startup_MKL25Z4.o(.text))
<BR>[Address Reference Count : 1]<UL><LI> startup_MKL25Z4.o(RESET)
</UL>
<P><STRONG><a name="[3c]"></a>LPTimer_IRQHandler</STRONG> (Thumb, 0 bytes, Stack size 0 bytes, mbed/TARGET_KL25Z/TOOLCHAIN_ARM_STD/startup_MKL25Z4.o(.text))
<BR>[Address Reference Count : 1]<UL><LI> startup_MKL25Z4.o(RESET)
</UL>
<P><STRONG><a name="[26]"></a>LVD_LVW_IRQHandler</STRONG> (Thumb, 0 bytes, Stack size 0 bytes, mbed/TARGET_KL25Z/TOOLCHAIN_ARM_STD/startup_MKL25Z4.o(.text))
<BR>[Address Reference Count : 1]<UL><LI> startup_MKL25Z4.o(RESET)
</UL>
<P><STRONG><a name="[3b]"></a>MCG_IRQHandler</STRONG> (Thumb, 0 bytes, Stack size 0 bytes, mbed/TARGET_KL25Z/TOOLCHAIN_ARM_STD/startup_MKL25Z4.o(.text))
<BR>[Address Reference Count : 1]<UL><LI> startup_MKL25Z4.o(RESET)
</UL>
<P><STRONG><a name="[36]"></a>PIT_IRQHandler</STRONG> (Thumb, 0 bytes, Stack size 0 bytes, mbed/TARGET_KL25Z/TOOLCHAIN_ARM_STD/startup_MKL25Z4.o(.text))
<BR>[Address Reference Count : 1]<UL><LI> startup_MKL25Z4.o(RESET)
</UL>
<P><STRONG><a name="[3e]"></a>PORTA_IRQHandler</STRONG> (Thumb, 0 bytes, Stack size 0 bytes, mbed/TARGET_KL25Z/TOOLCHAIN_ARM_STD/startup_MKL25Z4.o(.text))
<BR>[Address Reference Count : 1]<UL><LI> startup_MKL25Z4.o(RESET)
</UL>
<P><STRONG><a name="[3f]"></a>PORTD_IRQHandler</STRONG> (Thumb, 0 bytes, Stack size 0 bytes, mbed/TARGET_KL25Z/TOOLCHAIN_ARM_STD/startup_MKL25Z4.o(.text))
<BR>[Address Reference Count : 1]<UL><LI> startup_MKL25Z4.o(RESET)
</UL>
<P><STRONG><a name="[34]"></a>RTC_IRQHandler</STRONG> (Thumb, 0 bytes, Stack size 0 bytes, mbed/TARGET_KL25Z/TOOLCHAIN_ARM_STD/startup_MKL25Z4.o(.text))
<BR>[Address Reference Count : 1]<UL><LI> startup_MKL25Z4.o(RESET)
</UL>
<P><STRONG><a name="[35]"></a>RTC_Seconds_IRQHandler</STRONG> (Thumb, 0 bytes, Stack size 0 bytes, mbed/TARGET_KL25Z/TOOLCHAIN_ARM_STD/startup_MKL25Z4.o(.text))
<BR>[Address Reference Count : 1]<UL><LI> startup_MKL25Z4.o(RESET)
</UL>
<P><STRONG><a name="[24]"></a>Reserved20_IRQHandler</STRONG> (Thumb, 0 bytes, Stack size 0 bytes, mbed/TARGET_KL25Z/TOOLCHAIN_ARM_STD/startup_MKL25Z4.o(.text))
<BR>[Address Reference Count : 1]<UL><LI> startup_MKL25Z4.o(RESET)
</UL>
<P><STRONG><a name="[37]"></a>Reserved39_IRQHandler</STRONG> (Thumb, 0 bytes, Stack size 0 bytes, mbed/TARGET_KL25Z/TOOLCHAIN_ARM_STD/startup_MKL25Z4.o(.text))
<BR>[Address Reference Count : 1]<UL><LI> startup_MKL25Z4.o(RESET)
</UL>
<P><STRONG><a name="[3d]"></a>Reserved45_IRQHandler</STRONG> (Thumb, 0 bytes, Stack size 0 bytes, mbed/TARGET_KL25Z/TOOLCHAIN_ARM_STD/startup_MKL25Z4.o(.text))
<BR>[Address Reference Count : 1]<UL><LI> startup_MKL25Z4.o(RESET)
</UL>
<P><STRONG><a name="[2a]"></a>SPI0_IRQHandler</STRONG> (Thumb, 0 bytes, Stack size 0 bytes, mbed/TARGET_KL25Z/TOOLCHAIN_ARM_STD/startup_MKL25Z4.o(.text))
<BR>[Address Reference Count : 1]<UL><LI> startup_MKL25Z4.o(RESET)
</UL>
<P><STRONG><a name="[2b]"></a>SPI1_IRQHandler</STRONG> (Thumb, 0 bytes, Stack size 0 bytes, mbed/TARGET_KL25Z/TOOLCHAIN_ARM_STD/startup_MKL25Z4.o(.text))
<BR>[Address Reference Count : 1]<UL><LI> startup_MKL25Z4.o(RESET)
</UL>
<P><STRONG><a name="[31]"></a>TPM0_IRQHandler</STRONG> (Thumb, 0 bytes, Stack size 0 bytes, mbed/TARGET_KL25Z/TOOLCHAIN_ARM_STD/startup_MKL25Z4.o(.text))
<BR>[Address Reference Count : 1]<UL><LI> startup_MKL25Z4.o(RESET)
</UL>
<P><STRONG><a name="[32]"></a>TPM1_IRQHandler</STRONG> (Thumb, 0 bytes, Stack size 0 bytes, mbed/TARGET_KL25Z/TOOLCHAIN_ARM_STD/startup_MKL25Z4.o(.text))
<BR>[Address Reference Count : 1]<UL><LI> startup_MKL25Z4.o(RESET)
</UL>
<P><STRONG><a name="[33]"></a>TPM2_IRQHandler</STRONG> (Thumb, 0 bytes, Stack size 0 bytes, mbed/TARGET_KL25Z/TOOLCHAIN_ARM_STD/startup_MKL25Z4.o(.text))
<BR>[Address Reference Count : 1]<UL><LI> startup_MKL25Z4.o(RESET)
</UL>
<P><STRONG><a name="[3a]"></a>TSI0_IRQHandler</STRONG> (Thumb, 0 bytes, Stack size 0 bytes, mbed/TARGET_KL25Z/TOOLCHAIN_ARM_STD/startup_MKL25Z4.o(.text))
<BR>[Address Reference Count : 1]<UL><LI> startup_MKL25Z4.o(RESET)
</UL>
<P><STRONG><a name="[2c]"></a>UART0_IRQHandler</STRONG> (Thumb, 0 bytes, Stack size 0 bytes, mbed/TARGET_KL25Z/TOOLCHAIN_ARM_STD/startup_MKL25Z4.o(.text))
<BR>[Address Reference Count : 1]<UL><LI> startup_MKL25Z4.o(RESET)
</UL>
<P><STRONG><a name="[2d]"></a>UART1_IRQHandler</STRONG> (Thumb, 0 bytes, Stack size 0 bytes, mbed/TARGET_KL25Z/TOOLCHAIN_ARM_STD/startup_MKL25Z4.o(.text))
<BR>[Address Reference Count : 1]<UL><LI> startup_MKL25Z4.o(RESET)
</UL>
<P><STRONG><a name="[2e]"></a>UART2_IRQHandler</STRONG> (Thumb, 0 bytes, Stack size 0 bytes, mbed/TARGET_KL25Z/TOOLCHAIN_ARM_STD/startup_MKL25Z4.o(.text))
<BR>[Address Reference Count : 1]<UL><LI> startup_MKL25Z4.o(RESET)
</UL>
<P><STRONG><a name="[38]"></a>USB0_IRQHandler</STRONG> (Thumb, 0 bytes, Stack size 0 bytes, mbed/TARGET_KL25Z/TOOLCHAIN_ARM_STD/startup_MKL25Z4.o(.text))
<BR>[Address Reference Count : 1]<UL><LI> startup_MKL25Z4.o(RESET)
</UL>
<P><STRONG><a name="[b1]"></a>malloc</STRONG> (Thumb, 98 bytes, Stack size 16 bytes, C:\Keil_v5\ARM\ARMCC\Bin\..\lib\armlib\c_p.l(h1_alloc.o)(.text))
<BR><BR>[Stack]<UL><LI>Max Depth = 56<LI>Call Chain = malloc &rArr; __Heap_Full &rArr; __Heap_ProvideMemory &rArr; free
</UL>
<BR>[Calls]<UL><LI><a href="#[b3]">&gt;&gt;</a>&nbsp;&nbsp;&nbsp;__Heap_Full
<LI><a href="#[b2]">&gt;&gt;</a>&nbsp;&nbsp;&nbsp;__rt_heap_descriptor
</UL>
<BR>[Called By]<UL><LI><a href="#[11a]">&gt;&gt;</a>&nbsp;&nbsp;&nbsp;$Super$$main
<LI><a href="#[cd]">&gt;&gt;</a>&nbsp;&nbsp;&nbsp;fopen
<LI><a href="#[f6]">&gt;&gt;</a>&nbsp;&nbsp;&nbsp;__flsbuf
<LI><a href="#[f1]">&gt;&gt;</a>&nbsp;&nbsp;&nbsp;__filbuf
</UL>

<P><STRONG><a name="[b4]"></a>free</STRONG> (Thumb, 76 bytes, Stack size 16 bytes, C:\Keil_v5\ARM\ARMCC\Bin\..\lib\armlib\c_p.l(h1_free.o)(.text))
<BR><BR>[Stack]<UL><LI>Max Depth = 16<LI>Call Chain = free
</UL>
<BR>[Calls]<UL><LI><a href="#[b2]">&gt;&gt;</a>&nbsp;&nbsp;&nbsp;__rt_heap_descriptor
</UL>
<BR>[Called By]<UL><LI><a href="#[cb]">&gt;&gt;</a>&nbsp;&nbsp;&nbsp;_fclose_internal
<LI><a href="#[de]">&gt;&gt;</a>&nbsp;&nbsp;&nbsp;__Heap_ProvideMemory
<LI><a href="#[fd]">&gt;&gt;</a>&nbsp;&nbsp;&nbsp;_terminateio
</UL>

<P><STRONG><a name="[b5]"></a>vsprintf</STRONG> (Thumb, 32 bytes, Stack size 16 bytes, C:\Keil_v5\ARM\ARMCC\Bin\..\lib\armlib\c_p.l(vsprintf.o)(.text))
<BR><BR>[Stack]<UL><LI>Max Depth = 112 + Unknown Stack Size
<LI>Call Chain = vsprintf &rArr; _printf_char_common &rArr; __printf
</UL>
<BR>[Calls]<UL><LI><a href="#[42]">&gt;&gt;</a>&nbsp;&nbsp;&nbsp;_sputc
<LI><a href="#[b6]">&gt;&gt;</a>&nbsp;&nbsp;&nbsp;_printf_char_common
</UL>
<BR>[Called By]<UL><LI><a href="#[14e]">&gt;&gt;</a>&nbsp;&nbsp;&nbsp;mbed_error_vfprintf
<LI><a href="#[167]">&gt;&gt;</a>&nbsp;&nbsp;&nbsp;mbed_error_printf
</UL>

<P><STRONG><a name="[b7]"></a>__c89vfprintf</STRONG> (Thumb, 14 bytes, Stack size 8 bytes, C:\Keil_v5\ARM\ARMCC\Bin\..\lib\armlib\c_p.l(c89vfprintf.o)(.text))
<BR><BR>[Stack]<UL><LI>Max Depth = 120 + Unknown Stack Size
<LI>Call Chain = __c89vfprintf &rArr; _printf_char_file &rArr; _printf_char_common &rArr; __printf
</UL>
<BR>[Calls]<UL><LI><a href="#[b8]">&gt;&gt;</a>&nbsp;&nbsp;&nbsp;_printf_char_file
</UL>
<BR>[Called By]<UL><LI><a href="#[140]">&gt;&gt;</a>&nbsp;&nbsp;&nbsp;mbed::Stream::printf(const char*, ...)
</UL>

<P><STRONG><a name="[b9]"></a>__2sprintf</STRONG> (Thumb, 40 bytes, Stack size 32 bytes, C:\Keil_v5\ARM\ARMCC\Bin\..\lib\armlib\c_p.l(__2sprintf.o)(.text))
<BR><BR>[Stack]<UL><LI>Max Depth = 128 + Unknown Stack Size
<LI>Call Chain = __2sprintf &rArr; _printf_char_common &rArr; __printf
</UL>
<BR>[Calls]<UL><LI><a href="#[42]">&gt;&gt;</a>&nbsp;&nbsp;&nbsp;_sputc
<LI><a href="#[b6]">&gt;&gt;</a>&nbsp;&nbsp;&nbsp;_printf_char_common
</UL>
<BR>[Called By]<UL><LI><a href="#[13e]">&gt;&gt;</a>&nbsp;&nbsp;&nbsp;mbed::Stream::Stream__sub_object(const char*)
</UL>

<P><STRONG><a name="[ba]"></a>__0scanf</STRONG> (Thumb, 28 bytes, Stack size 56 bytes, C:\Keil_v5\ARM\ARMCC\Bin\..\lib\armlib\c_p.l(__0scanf.o)(.text))
<BR><BR>[Stack]<UL><LI>Max Depth = 208<LI>Call Chain = __0scanf &rArr; __vfscanf_char_file &rArr; __vfscanf_char &rArr; __vfscanf &rArr; _scanf_int
</UL>
<BR>[Calls]<UL><LI><a href="#[bb]">&gt;&gt;</a>&nbsp;&nbsp;&nbsp;__vfscanf_char_file
</UL>
<BR>[Called By]<UL><LI><a href="#[11a]">&gt;&gt;</a>&nbsp;&nbsp;&nbsp;$Super$$main
</UL>

<P><STRONG><a name="[b2]"></a>__rt_heap_descriptor</STRONG> (Thumb, 8 bytes, Stack size 0 bytes, C:\Keil_v5\ARM\ARMCC\Bin\..\lib\armlib\c_p.l(rt_heap_descriptor.o)(.text))
<BR><BR>[Called By]<UL><LI><a href="#[9f]">&gt;&gt;</a>&nbsp;&nbsp;&nbsp;_init_alloc
<LI><a href="#[b4]">&gt;&gt;</a>&nbsp;&nbsp;&nbsp;free
<LI><a href="#[b1]">&gt;&gt;</a>&nbsp;&nbsp;&nbsp;malloc
</UL>

<P><STRONG><a name="[18e]"></a>__use_no_heap</STRONG> (Thumb, 2 bytes, Stack size 0 bytes, C:\Keil_v5\ARM\ARMCC\Bin\..\lib\armlib\c_p.l(hguard.o)(.text), UNUSED)

<P><STRONG><a name="[18f]"></a>__heap$guard</STRONG> (Thumb, 2 bytes, Stack size 0 bytes, C:\Keil_v5\ARM\ARMCC\Bin\..\lib\armlib\c_p.l(hguard.o)(.text), UNUSED)

<P><STRONG><a name="[e8]"></a>ferror</STRONG> (Thumb, 8 bytes, Stack size 0 bytes, C:\Keil_v5\ARM\ARMCC\Bin\..\lib\armlib\c_p.l(ferror.o)(.text))
<BR><BR>[Called By]<UL><LI><a href="#[b8]">&gt;&gt;</a>&nbsp;&nbsp;&nbsp;_printf_char_file
</UL>

<P><STRONG><a name="[bc]"></a>_printf_longlong_hex</STRONG> (Thumb, 88 bytes, Stack size 24 bytes, C:\Keil_v5\ARM\ARMCC\Bin\..\lib\armlib\c_p.l(_printf_hex_int_ll_ptr.o)(.text))
<BR><BR>[Stack]<UL><LI>Max Depth = 80<LI>Call Chain = _printf_longlong_hex &rArr; _printf_int_common &rArr; _printf_post_padding
</UL>
<BR>[Calls]<UL><LI><a href="#[bd]">&gt;&gt;</a>&nbsp;&nbsp;&nbsp;_printf_int_common
</UL>
<BR>[Called By]<UL><LI><a href="#[7d]">&gt;&gt;</a>&nbsp;&nbsp;&nbsp;_printf_hex_ptr
<LI><a href="#[94]">&gt;&gt;</a>&nbsp;&nbsp;&nbsp;_printf_ll_hex
<LI><a href="#[8c]">&gt;&gt;</a>&nbsp;&nbsp;&nbsp;_printf_int_hex
</UL>

<P><STRONG><a name="[8c]"></a>_printf_int_hex</STRONG> (Thumb, 28 bytes, Stack size 16 bytes, C:\Keil_v5\ARM\ARMCC\Bin\..\lib\armlib\c_p.l(_printf_hex_int_ll_ptr.o)(.text))
<BR><BR>[Stack]<UL><LI>Max Depth = 96<LI>Call Chain = _printf_int_hex &rArr; _printf_longlong_hex &rArr; _printf_int_common &rArr; _printf_post_padding
</UL>
<BR>[Calls]<UL><LI><a href="#[be]">&gt;&gt;</a>&nbsp;&nbsp;&nbsp;_printf_truncate_unsigned
<LI><a href="#[bc]">&gt;&gt;</a>&nbsp;&nbsp;&nbsp;_printf_longlong_hex
</UL>
<BR>[Called By]<UL><LI><a href="#[89]">&gt;&gt;</a>&nbsp;&nbsp;&nbsp;_printf_x
</UL>

<P><STRONG><a name="[94]"></a>_printf_ll_hex</STRONG> (Thumb, 10 bytes, Stack size 0 bytes, C:\Keil_v5\ARM\ARMCC\Bin\..\lib\armlib\c_p.l(_printf_hex_int_ll_ptr.o)(.text))
<BR><BR>[Stack]<UL><LI>Max Depth = 80<LI>Call Chain = _printf_ll_hex &rArr; _printf_longlong_hex &rArr; _printf_int_common &rArr; _printf_post_padding
</UL>
<BR>[Calls]<UL><LI><a href="#[bc]">&gt;&gt;</a>&nbsp;&nbsp;&nbsp;_printf_longlong_hex
</UL>
<BR>[Called By]<UL><LI><a href="#[91]">&gt;&gt;</a>&nbsp;&nbsp;&nbsp;_printf_llx
</UL>

<P><STRONG><a name="[7d]"></a>_printf_hex_ptr</STRONG> (Thumb, 22 bytes, Stack size 8 bytes, C:\Keil_v5\ARM\ARMCC\Bin\..\lib\armlib\c_p.l(_printf_hex_int_ll_ptr.o)(.text))
<BR><BR>[Stack]<UL><LI>Max Depth = 88<LI>Call Chain = _printf_hex_ptr &rArr; _printf_longlong_hex &rArr; _printf_int_common &rArr; _printf_post_padding
</UL>
<BR>[Calls]<UL><LI><a href="#[bc]">&gt;&gt;</a>&nbsp;&nbsp;&nbsp;_printf_longlong_hex
</UL>
<BR>[Called By]<UL><LI><a href="#[7a]">&gt;&gt;</a>&nbsp;&nbsp;&nbsp;_printf_p
</UL>

<P><STRONG><a name="[bf]"></a>__printf</STRONG> (Thumb, 386 bytes, Stack size 32 bytes, C:\Keil_v5\ARM\ARMCC\Bin\..\lib\armlib\c_p.l(__printf_flags_ss_wp.o)(.text))
<BR><BR>[Stack]<UL><LI>Max Depth = 32 + Unknown Stack Size
<LI>Call Chain = __printf
</UL>
<BR>[Calls]<UL><LI><a href="#[c1]">&gt;&gt;</a>&nbsp;&nbsp;&nbsp;_printf_percent
<LI><a href="#[c0]">&gt;&gt;</a>&nbsp;&nbsp;&nbsp;_is_digit
</UL>
<BR>[Called By]<UL><LI><a href="#[b6]">&gt;&gt;</a>&nbsp;&nbsp;&nbsp;_printf_char_common
</UL>

<P><STRONG><a name="[c2]"></a>__0sscanf</STRONG> (Thumb, 54 bytes, Stack size 72 bytes, C:\Keil_v5\ARM\ARMCC\Bin\..\lib\armlib\c_p.l(__0sscanf.o)(.text))
<BR><BR>[Stack]<UL><LI>Max Depth = 216<LI>Call Chain = __0sscanf &rArr; __vfscanf_char &rArr; __vfscanf &rArr; _scanf_int
</UL>
<BR>[Calls]<UL><LI><a href="#[c3]">&gt;&gt;</a>&nbsp;&nbsp;&nbsp;__vfscanf_char
</UL>
<BR>[Called By]<UL><LI><a href="#[cc]">&gt;&gt;</a>&nbsp;&nbsp;&nbsp;_sys_open
</UL>

<P><STRONG><a name="[c4]"></a>_scanf_int</STRONG> (Thumb, 330 bytes, Stack size 48 bytes, C:\Keil_v5\ARM\ARMCC\Bin\..\lib\armlib\c_p.l(_scanf_int.o)(.text))
<BR><BR>[Stack]<UL><LI>Max Depth = 48<LI>Call Chain = _scanf_int
</UL>
<BR>[Calls]<UL><LI><a href="#[c5]">&gt;&gt;</a>&nbsp;&nbsp;&nbsp;_chval
</UL>
<BR>[Called By]<UL><LI><a href="#[ed]">&gt;&gt;</a>&nbsp;&nbsp;&nbsp;__vfscanf
</UL>

<P><STRONG><a name="[c6]"></a>_do_fflush</STRONG> (Thumb, 54 bytes, Stack size 16 bytes, C:\Keil_v5\ARM\ARMCC\Bin\..\lib\armlib\c_p.l(fflush.o)(.text))
<BR><BR>[Stack]<UL><LI>Max Depth = 112<LI>Call Chain = _do_fflush &rArr; _fflush &rArr; _writebuf &rArr; _sys_write &rArr;  serial_init (Cycle)
</UL>
<BR>[Calls]<UL><LI><a href="#[c7]">&gt;&gt;</a>&nbsp;&nbsp;&nbsp;_fflush
<LI><a href="#[c8]">&gt;&gt;</a>&nbsp;&nbsp;&nbsp;_fseek
</UL>
<BR>[Called By]<UL><LI><a href="#[c9]">&gt;&gt;</a>&nbsp;&nbsp;&nbsp;fflush
<LI><a href="#[f4]">&gt;&gt;</a>&nbsp;&nbsp;&nbsp;_flushlinebuffered
</UL>

<P><STRONG><a name="[c9]"></a>fflush</STRONG> (Thumb, 46 bytes, Stack size 16 bytes, C:\Keil_v5\ARM\ARMCC\Bin\..\lib\armlib\c_p.l(fflush.o)(.text))
<BR><BR>[Stack]<UL><LI>Max Depth = 128<LI>Call Chain = fflush &rArr; _do_fflush &rArr; _fflush &rArr; _writebuf &rArr; _sys_write &rArr;  serial_init (Cycle)
</UL>
<BR>[Calls]<UL><LI><a href="#[c6]">&gt;&gt;</a>&nbsp;&nbsp;&nbsp;_do_fflush
</UL>
<BR>[Called By]<UL><LI><a href="#[b0]">&gt;&gt;</a>&nbsp;&nbsp;&nbsp;exit
<LI><a href="#[140]">&gt;&gt;</a>&nbsp;&nbsp;&nbsp;mbed::Stream::printf(const char*, ...)
</UL>

<P><STRONG><a name="[ca]"></a>freopen</STRONG> (Thumb, 148 bytes, Stack size 32 bytes, C:\Keil_v5\ARM\ARMCC\Bin\..\lib\armlib\c_p.l(fopen.o)(.text))
<BR><BR>[Stack]<UL><LI>Max Depth = 600 + Unknown Stack Size
<LI>Call Chain = freopen &rArr; _sys_open &rArr; mbed::FilePath::FilePath(const char*) &rArr; mbed::FileBase::lookup(const char*, unsigned) &rArr; SingletonPtr&lang;PlatformMutex&rang;::operator -&rang;() &rArr; mbed_assert_internal &rArr; mbed_error_printf &rArr; serial_init &rArr;  pin_mode (Cycle)
</UL>
<BR>[Calls]<UL><LI><a href="#[cc]">&gt;&gt;</a>&nbsp;&nbsp;&nbsp;_sys_open
<LI><a href="#[cb]">&gt;&gt;</a>&nbsp;&nbsp;&nbsp;_fclose_internal
<LI><a href="#[c8]">&gt;&gt;</a>&nbsp;&nbsp;&nbsp;_fseek
</UL>
<BR>[Called By]<UL><LI><a href="#[cd]">&gt;&gt;</a>&nbsp;&nbsp;&nbsp;fopen
<LI><a href="#[a6]">&gt;&gt;</a>&nbsp;&nbsp;&nbsp;_initio
</UL>

<P><STRONG><a name="[cd]"></a>fopen</STRONG> (Thumb, 76 bytes, Stack size 24 bytes, C:\Keil_v5\ARM\ARMCC\Bin\..\lib\armlib\c_p.l(fopen.o)(.text))
<BR><BR>[Stack]<UL><LI>Max Depth = 624 + Unknown Stack Size
<LI>Call Chain = fopen &rArr; freopen &rArr; _sys_open &rArr; mbed::FilePath::FilePath(const char*) &rArr; mbed::FileBase::lookup(const char*, unsigned) &rArr; SingletonPtr&lang;PlatformMutex&rang;::operator -&rang;() &rArr; mbed_assert_internal &rArr; mbed_error_printf &rArr; serial_init &rArr;  pin_mode (Cycle)
</UL>
<BR>[Calls]<UL><LI><a href="#[ce]">&gt;&gt;</a>&nbsp;&nbsp;&nbsp;__aeabi_memclr4
<LI><a href="#[ca]">&gt;&gt;</a>&nbsp;&nbsp;&nbsp;freopen
<LI><a href="#[b1]">&gt;&gt;</a>&nbsp;&nbsp;&nbsp;malloc
</UL>
<BR>[Called By]<UL><LI><a href="#[13e]">&gt;&gt;</a>&nbsp;&nbsp;&nbsp;mbed::Stream::Stream__sub_object(const char*)
</UL>

<P><STRONG><a name="[cf]"></a>setbuf</STRONG> (Thumb, 26 bytes, Stack size 8 bytes, C:\Keil_v5\ARM\ARMCC\Bin\..\lib\armlib\c_p.l(setbuf.o)(.text))
<BR><BR>[Stack]<UL><LI>Max Depth = 24<LI>Call Chain = setbuf &rArr; setvbuf
</UL>
<BR>[Calls]<UL><LI><a href="#[d0]">&gt;&gt;</a>&nbsp;&nbsp;&nbsp;setvbuf
</UL>
<BR>[Called By]<UL><LI><a href="#[132]">&gt;&gt;</a>&nbsp;&nbsp;&nbsp;mbed::mbed_set_unbuffered_stream(std::__FILE*)
</UL>

<P><STRONG><a name="[cb]"></a>_fclose_internal</STRONG> (Thumb, 72 bytes, Stack size 32 bytes, C:\Keil_v5\ARM\ARMCC\Bin\..\lib\armlib\c_p.l(fclose.o)(.text))
<BR><BR>[Stack]<UL><LI>Max Depth = 128<LI>Call Chain = _fclose_internal &rArr; _fflush &rArr; _writebuf &rArr; _sys_write &rArr;  serial_init (Cycle)
</UL>
<BR>[Calls]<UL><LI><a href="#[d1]">&gt;&gt;</a>&nbsp;&nbsp;&nbsp;_sys_close
<LI><a href="#[ce]">&gt;&gt;</a>&nbsp;&nbsp;&nbsp;__aeabi_memclr4
<LI><a href="#[b4]">&gt;&gt;</a>&nbsp;&nbsp;&nbsp;free
<LI><a href="#[c7]">&gt;&gt;</a>&nbsp;&nbsp;&nbsp;_fflush
</UL>
<BR>[Called By]<UL><LI><a href="#[ca]">&gt;&gt;</a>&nbsp;&nbsp;&nbsp;freopen
<LI><a href="#[fd]">&gt;&gt;</a>&nbsp;&nbsp;&nbsp;_terminateio
</UL>

<P><STRONG><a name="[142]"></a>fclose</STRONG> (Thumb, 0 bytes, Stack size 32 bytes, C:\Keil_v5\ARM\ARMCC\Bin\..\lib\armlib\c_p.l(fclose.o)(.text))
<BR><BR>[Stack]<UL><LI>Max Depth = 32<LI>Call Chain = fclose
</UL>
<BR>[Called By]<UL><LI><a href="#[6c]">&gt;&gt;</a>&nbsp;&nbsp;&nbsp;mbed::Stream::~Stream__sub_object()
</UL>

<P><STRONG><a name="[15c]"></a>strcpy</STRONG> (Thumb, 70 bytes, Stack size 16 bytes, C:\Keil_v5\ARM\ARMCC\Bin\..\lib\armlib\c_p.l(strcpy.o)(.text))
<BR><BR>[Stack]<UL><LI>Max Depth = 16<LI>Call Chain = strcpy
</UL>
<BR>[Called By]<UL><LI><a href="#[11a]">&gt;&gt;</a>&nbsp;&nbsp;&nbsp;$Super$$main
</UL>

<P><STRONG><a name="[146]"></a>strlen</STRONG> (Thumb, 62 bytes, Stack size 12 bytes, C:\Keil_v5\ARM\ARMCC\Bin\..\lib\armlib\c_p.l(strlen.o)(.text))
<BR><BR>[Stack]<UL><LI>Max Depth = 12<LI>Call Chain = strlen
</UL>
<BR>[Called By]<UL><LI><a href="#[143]">&gt;&gt;</a>&nbsp;&nbsp;&nbsp;mbed::FileBase::lookup(const char*, unsigned)
</UL>

<P><STRONG><a name="[145]"></a>strncmp</STRONG> (Thumb, 154 bytes, Stack size 20 bytes, C:\Keil_v5\ARM\ARMCC\Bin\..\lib\armlib\c_p.l(strncmp.o)(.text))
<BR><BR>[Stack]<UL><LI>Max Depth = 20<LI>Call Chain = strncmp
</UL>
<BR>[Called By]<UL><LI><a href="#[143]">&gt;&gt;</a>&nbsp;&nbsp;&nbsp;mbed::FileBase::lookup(const char*, unsigned)
</UL>

<P><STRONG><a name="[d3]"></a>_memset_w</STRONG> (Thumb, 26 bytes, Stack size 0 bytes, C:\Keil_v5\ARM\ARMCC\Bin\..\lib\armlib\c_p.l(rt_memclr.o)(.text), UNUSED)
<BR><BR>[Called By]<UL><LI><a href="#[d5]">&gt;&gt;</a>&nbsp;&nbsp;&nbsp;__rt_memclr_w
<LI><a href="#[d2]">&gt;&gt;</a>&nbsp;&nbsp;&nbsp;_memset
</UL>

<P><STRONG><a name="[d2]"></a>_memset</STRONG> (Thumb, 30 bytes, Stack size 0 bytes, C:\Keil_v5\ARM\ARMCC\Bin\..\lib\armlib\c_p.l(rt_memclr.o)(.text), UNUSED)
<BR><BR>[Calls]<UL><LI><a href="#[d3]">&gt;&gt;</a>&nbsp;&nbsp;&nbsp;_memset_w
</UL>
<BR>[Called By]<UL><LI><a href="#[d4]">&gt;&gt;</a>&nbsp;&nbsp;&nbsp;__aeabi_memclr
</UL>

<P><STRONG><a name="[d4]"></a>__aeabi_memclr</STRONG> (Thumb, 4 bytes, Stack size 0 bytes, C:\Keil_v5\ARM\ARMCC\Bin\..\lib\armlib\c_p.l(rt_memclr.o)(.text), UNUSED)
<BR><BR>[Calls]<UL><LI><a href="#[d2]">&gt;&gt;</a>&nbsp;&nbsp;&nbsp;_memset
</UL>

<P><STRONG><a name="[190]"></a>__rt_memclr</STRONG> (Thumb, 0 bytes, Stack size 0 bytes, C:\Keil_v5\ARM\ARMCC\Bin\..\lib\armlib\c_p.l(rt_memclr.o)(.text), UNUSED)

<P><STRONG><a name="[ce]"></a>__aeabi_memclr4</STRONG> (Thumb, 0 bytes, Stack size 0 bytes, C:\Keil_v5\ARM\ARMCC\Bin\..\lib\armlib\c_p.l(rt_memclr.o)(.text))
<BR><BR>[Called By]<UL><LI><a href="#[cb]">&gt;&gt;</a>&nbsp;&nbsp;&nbsp;_fclose_internal
<LI><a href="#[cd]">&gt;&gt;</a>&nbsp;&nbsp;&nbsp;fopen
<LI><a href="#[a6]">&gt;&gt;</a>&nbsp;&nbsp;&nbsp;_initio
</UL>

<P><STRONG><a name="[191]"></a>__aeabi_memclr8</STRONG> (Thumb, 0 bytes, Stack size 0 bytes, C:\Keil_v5\ARM\ARMCC\Bin\..\lib\armlib\c_p.l(rt_memclr.o)(.text), UNUSED)

<P><STRONG><a name="[d5]"></a>__rt_memclr_w</STRONG> (Thumb, 4 bytes, Stack size 0 bytes, C:\Keil_v5\ARM\ARMCC\Bin\..\lib\armlib\c_p.l(rt_memclr.o)(.text), UNUSED)
<BR><BR>[Calls]<UL><LI><a href="#[d3]">&gt;&gt;</a>&nbsp;&nbsp;&nbsp;_memset_w
</UL>

<P><STRONG><a name="[120]"></a>strcmp</STRONG> (Thumb, 160 bytes, Stack size 16 bytes, C:\Keil_v5\ARM\ARMCC\Bin\..\lib\armlib\c_p.l(strcmpv6m.o)(.text))
<BR><BR>[Stack]<UL><LI>Max Depth = 16<LI>Call Chain = strcmp
</UL>
<BR>[Called By]<UL><LI><a href="#[11e]">&gt;&gt;</a>&nbsp;&nbsp;&nbsp;Func_2(char*, char*)
<LI><a href="#[cc]">&gt;&gt;</a>&nbsp;&nbsp;&nbsp;_sys_open
<LI><a href="#[4b]">&gt;&gt;</a>&nbsp;&nbsp;&nbsp;_get_lc_ctype
<LI><a href="#[a4]">&gt;&gt;</a>&nbsp;&nbsp;&nbsp;_get_lc_numeric
</UL>

<P><STRONG><a name="[192]"></a>__aeabi_uidiv</STRONG> (Thumb, 0 bytes, Stack size 0 bytes, C:\Keil_v5\ARM\ARMCC\Bin\..\lib\armlib\c_p.l(aeabi_sdivfast.o)(.text), UNUSED)

<P><STRONG><a name="[16d]"></a>__aeabi_uidivmod</STRONG> (Thumb, 28 bytes, Stack size 0 bytes, C:\Keil_v5\ARM\ARMCC\Bin\..\lib\armlib\c_p.l(aeabi_sdivfast.o)(.text))
<BR><BR>[Called By]<UL><LI><a href="#[54]">&gt;&gt;</a>&nbsp;&nbsp;&nbsp;us_ticker_init
<LI><a href="#[12d]">&gt;&gt;</a>&nbsp;&nbsp;&nbsp;serial_baud
</UL>

<P><STRONG><a name="[193]"></a>__aeabi_idiv</STRONG> (Thumb, 0 bytes, Stack size 8 bytes, C:\Keil_v5\ARM\ARMCC\Bin\..\lib\armlib\c_p.l(aeabi_sdivfast.o)(.text), UNUSED)

<P><STRONG><a name="[109]"></a>__aeabi_idivmod</STRONG> (Thumb, 460 bytes, Stack size 8 bytes, C:\Keil_v5\ARM\ARMCC\Bin\..\lib\armlib\c_p.l(aeabi_sdivfast.o)(.text))
<BR><BR>[Stack]<UL><LI>Max Depth = 8<LI>Call Chain = __aeabi_idivmod
</UL>
<BR>[Called By]<UL><LI><a href="#[11a]">&gt;&gt;</a>&nbsp;&nbsp;&nbsp;$Super$$main
<LI><a href="#[103]">&gt;&gt;</a>&nbsp;&nbsp;&nbsp;_btod_etento
<LI><a href="#[53]">&gt;&gt;</a>&nbsp;&nbsp;&nbsp;_printf_fp_hex_real
</UL>

<P><STRONG><a name="[74]"></a>__cpp_initialize__aeabi_</STRONG> (Thumb, 26 bytes, Stack size 16 bytes, C:\Keil_v5\ARM\ARMCC\Bin\..\lib\armlib\c_p.l(init_aeabi.o)(.text))
<BR><BR>[Stack]<UL><LI>Max Depth = 16<LI>Call Chain = __cpp_initialize__aeabi_
</UL>
[...]
<BR>[Calls]<UL><LI><a href="#[14d]">&gt;&gt;</a>&nbsp;&nbsp;&nbsp;error
<LI><a href="#[15a]">&gt;&gt;</a>&nbsp;&nbsp;&nbsp;pin_mode
<LI><a href="#[156]">&gt;&gt;</a>&nbsp;&nbsp;&nbsp;pin_function
</UL>
<BR>[Called By]<UL><LI><a href="#[130]">&gt;&gt;</a>&nbsp;&nbsp;&nbsp;serial_init
</UL>

<P><STRONG><a name="[169]"></a>semihost_connected</STRONG> (Thumb, 6 bytes, Stack size 0 bytes, mbed/TARGET_KL25Z/TOOLCHAIN_ARM_STD/mbed.ar(mbed_semihost_api.o)(i.semihost_connected))
<BR><BR>[Called By]<UL><LI><a href="#[14f]">&gt;&gt;</a>&nbsp;&nbsp;&nbsp;mbed_interface_connected
</UL>

<P><STRONG><a name="[150]"></a>semihost_exit</STRONG> (Thumb, 12 bytes, Stack size 16 bytes, mbed/TARGET_KL25Z/TOOLCHAIN_ARM_STD/mbed.ar(mbed_semihost_api.o)(i.semihost_exit))
<BR><BR>[Stack]<UL><LI>Max Depth = 16<LI>Call Chain = semihost_exit
</UL>
<BR>[Called By]<UL><LI><a href="#[b0]">&gt;&gt;</a>&nbsp;&nbsp;&nbsp;exit
</UL>

<P><STRONG><a name="[12d]"></a>serial_baud</STRONG> (Thumb, 352 bytes, Stack size 32 bytes, mbed/TARGET_KL25Z/TOOLCHAIN_ARM_STD/serial_api.o(i.serial_baud))
<BR><BR>[Stack]<UL><LI>Max Depth = 32<LI>Call Chain = serial_baud
</UL>
<BR>[Calls]<UL><LI><a href="#[16d]">&gt;&gt;</a>&nbsp;&nbsp;&nbsp;__aeabi_uidivmod
</UL>
<BR>[Called By]<UL><LI><a href="#[fb]">&gt;&gt;</a>&nbsp;&nbsp;&nbsp;_sys_write
<LI><a href="#[ef]">&gt;&gt;</a>&nbsp;&nbsp;&nbsp;_sys_read
<LI><a href="#[cc]">&gt;&gt;</a>&nbsp;&nbsp;&nbsp;_sys_open
<LI><a href="#[130]">&gt;&gt;</a>&nbsp;&nbsp;&nbsp;serial_init
<LI><a href="#[12e]">&gt;&gt;</a>&nbsp;&nbsp;&nbsp;mbed::SerialBase::SerialBase(PinName, PinName, int)
<LI><a href="#[12c]">&gt;&gt;</a>&nbsp;&nbsp;&nbsp;mbed::SerialBase::baud(int)
</UL>

<P><STRONG><a name="[16e]"></a>serial_format</STRONG> (Thumb, 148 bytes, Stack size 24 bytes, mbed/TARGET_KL25Z/TOOLCHAIN_ARM_STD/serial_api.o(i.serial_format))
<BR><BR>[Stack]<UL><LI>Max Depth = 24 + In Cycle
<LI>Call Chain = serial_format &rArr;  mbed_assert_internal (Cycle)
</UL>
<BR>[Calls]<UL><LI><a href="#[127]">&gt;&gt;</a>&nbsp;&nbsp;&nbsp;mbed_assert_internal
</UL>
<BR>[Called By]<UL><LI><a href="#[130]">&gt;&gt;</a>&nbsp;&nbsp;&nbsp;serial_init
</UL>

<P><STRONG><a name="[129]"></a>serial_getc</STRONG> (Thumb, 36 bytes, Stack size 4 bytes, mbed/TARGET_KL25Z/TOOLCHAIN_ARM_STD/serial_api.o(i.serial_getc))
<BR><BR>[Stack]<UL><LI>Max Depth = 4<LI>Call Chain = serial_getc
</UL>
<BR>[Called By]<UL><LI><a href="#[ef]">&gt;&gt;</a>&nbsp;&nbsp;&nbsp;_sys_read
<LI><a href="#[128]">&gt;&gt;</a>&nbsp;&nbsp;&nbsp;mbed::SerialBase::_base_getc()
</UL>

<P><STRONG><a name="[130]"></a>serial_init</STRONG> (Thumb, 332 bytes, Stack size 32 bytes, mbed/TARGET_KL25Z/TOOLCHAIN_ARM_STD/serial_api.o(i.serial_init))
<BR><BR>[Stack]<UL><LI>Max Depth = 320 + Unknown Stack Size
 + In Cycle
<LI>Call Chain = serial_init &rArr;  pin_mode (Cycle)
</UL>
<BR>[Calls]<UL><LI><a href="#[16e]">&gt;&gt;</a>&nbsp;&nbsp;&nbsp;serial_format
<LI><a href="#[12d]">&gt;&gt;</a>&nbsp;&nbsp;&nbsp;serial_baud
<LI><a href="#[16a]">&gt;&gt;</a>&nbsp;&nbsp;&nbsp;pinmap_merge
<LI><a href="#[15a]">&gt;&gt;</a>&nbsp;&nbsp;&nbsp;pin_mode
<LI><a href="#[16c]">&gt;&gt;</a>&nbsp;&nbsp;&nbsp;pinmap_pinout
<LI><a href="#[16b]">&gt;&gt;</a>&nbsp;&nbsp;&nbsp;pinmap_peripheral
<LI><a href="#[127]">&gt;&gt;</a>&nbsp;&nbsp;&nbsp;mbed_assert_internal
</UL>
<BR>[Called By]<UL><LI><a href="#[fb]">&gt;&gt;</a>&nbsp;&nbsp;&nbsp;_sys_write
<LI><a href="#[ef]">&gt;&gt;</a>&nbsp;&nbsp;&nbsp;_sys_read
<LI><a href="#[cc]">&gt;&gt;</a>&nbsp;&nbsp;&nbsp;_sys_open
<LI><a href="#[14e]">&gt;&gt;</a>&nbsp;&nbsp;&nbsp;mbed_error_vfprintf
<LI><a href="#[167]">&gt;&gt;</a>&nbsp;&nbsp;&nbsp;mbed_error_printf
<LI><a href="#[12e]">&gt;&gt;</a>&nbsp;&nbsp;&nbsp;mbed::SerialBase::SerialBase(PinName, PinName, int)
</UL>

<P><STRONG><a name="[131]"></a>serial_irq_handler</STRONG> (Thumb, 14 bytes, Stack size 0 bytes, mbed/TARGET_KL25Z/TOOLCHAIN_ARM_STD/serial_api.o(i.serial_irq_handler))
<BR><BR>[Called By]<UL><LI><a href="#[12e]">&gt;&gt;</a>&nbsp;&nbsp;&nbsp;mbed::SerialBase::SerialBase(PinName, PinName, int)
</UL>

<P><STRONG><a name="[12b]"></a>serial_putc</STRONG> (Thumb, 36 bytes, Stack size 4 bytes, mbed/TARGET_KL25Z/TOOLCHAIN_ARM_STD/serial_api.o(i.serial_putc))
<BR><BR>[Stack]<UL><LI>Max Depth = 4<LI>Call Chain = serial_putc
</UL>
<BR>[Called By]<UL><LI><a href="#[fb]">&gt;&gt;</a>&nbsp;&nbsp;&nbsp;_sys_write
<LI><a href="#[14e]">&gt;&gt;</a>&nbsp;&nbsp;&nbsp;mbed_error_vfprintf
<LI><a href="#[167]">&gt;&gt;</a>&nbsp;&nbsp;&nbsp;mbed_error_printf
<LI><a href="#[12a]">&gt;&gt;</a>&nbsp;&nbsp;&nbsp;mbed::SerialBase::_base_putc(int)
</UL>

<P><STRONG><a name="[16f]"></a>ticker_irq_handler</STRONG> (Thumb, 74 bytes, Stack size 8 bytes, mbed/TARGET_KL25Z/TOOLCHAIN_ARM_STD/mbed.ar(mbed_ticker_api.o)(i.ticker_irq_handler))
<BR><BR>[Stack]<UL><LI>Max Depth = 8<LI>Call Chain = ticker_irq_handler
</UL>
<BR>[Called By]<UL><LI><a href="#[15b]">&gt;&gt;</a>&nbsp;&nbsp;&nbsp;us_ticker_irq_handler
</UL>

<P><STRONG><a name="[135]"></a>ticker_read</STRONG> (Thumb, 6 bytes, Stack size 0 bytes, mbed/TARGET_KL25Z/TOOLCHAIN_ARM_STD/mbed.ar(mbed_ticker_api.o)(i.ticker_read))
<BR><BR>[Called By]<UL><LI><a href="#[13b]">&gt;&gt;</a>&nbsp;&nbsp;&nbsp;mbed::Timer::Timer()
<LI><a href="#[13a]">&gt;&gt;</a>&nbsp;&nbsp;&nbsp;mbed::Timer::start()
<LI><a href="#[139]">&gt;&gt;</a>&nbsp;&nbsp;&nbsp;mbed::Timer::reset()
<LI><a href="#[138]">&gt;&gt;</a>&nbsp;&nbsp;&nbsp;mbed::Timer::stop()
<LI><a href="#[133]">&gt;&gt;</a>&nbsp;&nbsp;&nbsp;mbed::Timer::read()
</UL>

<P><STRONG><a name="[57]"></a>us_ticker_clear_interrupt</STRONG> (Thumb, 2 bytes, Stack size 0 bytes, mbed/TARGET_KL25Z/TOOLCHAIN_ARM_STD/us_ticker.o(i.us_ticker_clear_interrupt))
<BR>[Address Reference Count : 1]<UL><LI> mbed_us_ticker_api.o(.constdata)
</UL>
<P><STRONG><a name="[56]"></a>us_ticker_disable_interrupt</STRONG> (Thumb, 12 bytes, Stack size 0 bytes, mbed/TARGET_KL25Z/TOOLCHAIN_ARM_STD/us_ticker.o(i.us_ticker_disable_interrupt))
<BR>[Address Reference Count : 1]<UL><LI> mbed_us_ticker_api.o(.constdata)
</UL>
<P><STRONG><a name="[54]"></a>us_ticker_init</STRONG> (Thumb, 388 bytes, Stack size 24 bytes, mbed/TARGET_KL25Z/TOOLCHAIN_ARM_STD/us_ticker.o(i.us_ticker_init))
<BR><BR>[Stack]<UL><LI>Max Depth = 56<LI>Call Chain = us_ticker_init &rArr; NVIC_SetVector
</UL>
<BR>[Calls]<UL><LI><a href="#[11c]">&gt;&gt;</a>&nbsp;&nbsp;&nbsp;NVIC_SetVector
<LI><a href="#[16d]">&gt;&gt;</a>&nbsp;&nbsp;&nbsp;__aeabi_uidivmod
</UL>
<BR>[Called By]<UL><LI><a href="#[58]">&gt;&gt;</a>&nbsp;&nbsp;&nbsp;us_ticker_set_interrupt
<LI><a href="#[55]">&gt;&gt;</a>&nbsp;&nbsp;&nbsp;us_ticker_read
</UL>
<BR>[Address Reference Count : 1]<UL><LI> mbed_us_ticker_api.o(.constdata)
</UL>
<P><STRONG><a name="[15b]"></a>us_ticker_irq_handler</STRONG> (Thumb, 10 bytes, Stack size 8 bytes, mbed/TARGET_KL25Z/TOOLCHAIN_ARM_STD/mbed.ar(mbed_us_ticker_api.o)(i.us_ticker_irq_handler))
<BR><BR>[Stack]<UL><LI>Max Depth = 16<LI>Call Chain = us_ticker_irq_handler &rArr; ticker_irq_handler
</UL>
<BR>[Calls]<UL><LI><a href="#[16f]">&gt;&gt;</a>&nbsp;&nbsp;&nbsp;ticker_irq_handler
</UL>
<BR>[Called By]<UL><LI><a href="#[58]">&gt;&gt;</a>&nbsp;&nbsp;&nbsp;us_ticker_set_interrupt
<LI><a href="#[51]">&gt;&gt;</a>&nbsp;&nbsp;&nbsp;lptmr_isr
</UL>

<P><STRONG><a name="[55]"></a>us_ticker_read</STRONG> (Thumb, 22 bytes, Stack size 8 bytes, mbed/TARGET_KL25Z/TOOLCHAIN_ARM_STD/us_ticker.o(i.us_ticker_read))
<BR><BR>[Stack]<UL><LI>Max Depth = 64<LI>Call Chain = us_ticker_read &rArr; us_ticker_init &rArr; NVIC_SetVector
</UL>
<BR>[Calls]<UL><LI><a href="#[54]">&gt;&gt;</a>&nbsp;&nbsp;&nbsp;us_ticker_init
</UL>
<BR>[Called By]<UL><LI><a href="#[168]">&gt;&gt;</a>&nbsp;&nbsp;&nbsp;wait_ms
</UL>
<BR>[Address Reference Count : 1]<UL><LI> mbed_us_ticker_api.o(.constdata)
</UL>
<P><STRONG><a name="[58]"></a>us_ticker_set_interrupt</STRONG> (Thumb, 98 bytes, Stack size 16 bytes, mbed/TARGET_KL25Z/TOOLCHAIN_ARM_STD/us_ticker.o(i.us_ticker_set_interrupt))
<BR><BR>[Stack]<UL><LI>Max Depth = 72<LI>Call Chain = us_ticker_set_interrupt &rArr; us_ticker_init &rArr; NVIC_SetVector
</UL>
<BR>[Calls]<UL><LI><a href="#[15b]">&gt;&gt;</a>&nbsp;&nbsp;&nbsp;us_ticker_irq_handler
<LI><a href="#[54]">&gt;&gt;</a>&nbsp;&nbsp;&nbsp;us_ticker_init
</UL>
<BR>[Address Reference Count : 1]<UL><LI> mbed_us_ticker_api.o(.constdata)
</UL>
<P><STRONG><a name="[168]"></a>wait_ms</STRONG> (Thumb, 28 bytes, Stack size 16 bytes, mbed/TARGET_KL25Z/TOOLCHAIN_ARM_STD/mbed.ar(mbed_wait_api_no_rtos.o)(i.wait_ms))
<BR><BR>[Stack]<UL><LI>Max Depth = 80<LI>Call Chain = wait_ms &rArr; us_ticker_read &rArr; us_ticker_init &rArr; NVIC_SetVector
</UL>
<BR>[Calls]<UL><LI><a href="#[55]">&gt;&gt;</a>&nbsp;&nbsp;&nbsp;us_ticker_read
</UL>
<BR>[Called By]<UL><LI><a href="#[151]">&gt;&gt;</a>&nbsp;&nbsp;&nbsp;mbed_die
</UL>

<P><STRONG><a name="[a4]"></a>_get_lc_numeric</STRONG> (Thumb, 44 bytes, Stack size 8 bytes, C:\Keil_v5\ARM\ARMCC\Bin\..\lib\armlib\c_p.l(lc_numeric_c.o)(locale$$code))
<BR><BR>[Stack]<UL><LI>Max Depth = 24<LI>Call Chain = _get_lc_numeric &rArr; strcmp
</UL>
<BR>[Calls]<UL><LI><a href="#[120]">&gt;&gt;</a>&nbsp;&nbsp;&nbsp;strcmp
</UL>
<BR>[Called By]<UL><LI><a href="#[a3]">&gt;&gt;</a>&nbsp;&nbsp;&nbsp;__rt_lib_init_lc_numeric_2
</UL>

<P><STRONG><a name="[4b]"></a>_get_lc_ctype</STRONG> (Thumb, 44 bytes, Stack size 8 bytes, C:\Keil_v5\ARM\ARMCC\Bin\..\lib\armlib\c_p.l(lc_ctype_c.o)(locale$$code))
<BR><BR>[Stack]<UL><LI>Max Depth = 24<LI>Call Chain = _get_lc_ctype &rArr; strcmp
</UL>
<BR>[Calls]<UL><LI><a href="#[120]">&gt;&gt;</a>&nbsp;&nbsp;&nbsp;strcmp
</UL>
<BR>[Called By]<UL><LI><a href="#[a2]">&gt;&gt;</a>&nbsp;&nbsp;&nbsp;__rt_lib_init_lc_ctype_2
</UL>
<BR>[Address Reference Count : 1]<UL><LI> rt_ctype_table.o(.text)
</UL>
<P><STRONG><a name="[144]"></a>SingletonPtr&lang;PlatformMutex&rang;::operator -&rang;()</STRONG> (Thumb, 36 bytes, Stack size 8 bytes, mbed/TARGET_KL25Z/TOOLCHAIN_ARM_STD/mbed.ar(FileBase.o)(t._ZN12SingletonPtrI13PlatformMutexEptEv))
<BR><BR>[Stack]<UL><LI>Max Depth = 504 + Unknown Stack Size
<LI>Call Chain = SingletonPtr&lang;PlatformMutex&rang;::operator -&rang;() &rArr; mbed_assert_internal &rArr; mbed_error_printf &rArr; serial_init &rArr;  pin_mode (Cycle)
</UL>
<BR>[Calls]<UL><LI><a href="#[127]">&gt;&gt;</a>&nbsp;&nbsp;&nbsp;mbed_assert_internal
</UL>
<BR>[Called By]<UL><LI><a href="#[6d]">&gt;&gt;</a>&nbsp;&nbsp;&nbsp;mbed::FileBase::~FileBase()
<LI><a href="#[147]">&gt;&gt;</a>&nbsp;&nbsp;&nbsp;mbed::FileBase::FileBase(const char*, mbed::PathType)
<LI><a href="#[143]">&gt;&gt;</a>&nbsp;&nbsp;&nbsp;mbed::FileBase::lookup(const char*, unsigned)
</UL>

<P><STRONG><a name="[6f]"></a>void mbed::Callback&lang;void()&rang;::function_call&lang;void(*)()&rang;(const void*)</STRONG> (Thumb, 4 bytes, Stack size 0 bytes, mbed/TARGET_KL25Z/TOOLCHAIN_ARM_STD/mbed.ar(SerialBase.o)(t._ZN4mbed8CallbackIFvvEE13function_callIPS1_EEvPKv))
<BR>[Address Reference Count : 1]<UL><LI> SerialBase.o(.constdata__ZZN4mbed8CallbackIFvvEE8generateIPS1_EEvRKT_E3ops)
</UL>
<P><STRONG><a name="[71]"></a>void mbed::Callback&lang;void()&rang;::function_dtor&lang;void(*)()&rang;(void*)</STRONG> (Thumb, 2 bytes, Stack size 0 bytes, mbed/TARGET_KL25Z/TOOLCHAIN_ARM_STD/mbed.ar(SerialBase.o)(t._ZN4mbed8CallbackIFvvEE13function_dtorIPS1_EEvPv))
<BR>[Address Reference Count : 1]<UL><LI> SerialBase.o(.constdata__ZZN4mbed8CallbackIFvvEE8generateIPS1_EEvRKT_E3ops)
</UL>
<P><STRONG><a name="[70]"></a>void mbed::Callback&lang;void()&rang;::function_move&lang;void(*)()&rang;(void*, const void*)</STRONG> (Thumb, 10 bytes, Stack size 0 bytes, mbed/TARGET_KL25Z/TOOLCHAIN_ARM_STD/mbed.ar(SerialBase.o)(t._ZN4mbed8CallbackIFvvEE13function_moveIPS1_EEvPvPKv))
<BR>[Address Reference Count : 1]<UL><LI> SerialBase.o(.constdata__ZZN4mbed8CallbackIFvvEE8generateIPS1_EEvRKT_E3ops)
</UL>
<P><STRONG><a name="[4f]"></a>mbed::Callback&lang;void()&rang;::~Callback()</STRONG> (Thumb, 20 bytes, Stack size 8 bytes, mbed/TARGET_KL25Z/TOOLCHAIN_ARM_STD/mbed.ar(Serial.o)(t._ZN4mbed8CallbackIFvvEED1Ev))
<BR><BR>[Stack]<UL><LI>Max Depth = 8<LI>Call Chain = mbed::Callback&lang;void()&rang;::~Callback()
</UL>
<BR>[Address Reference Count : 1]<UL><LI> Serial.o(i._ZN4mbed6SerialD1Ev)
</UL>
<P><STRONG><a name="[1af]"></a>mbed::Callback&lang;void()&rang;::~Callback__sub_object()</STRONG> (Thumb, 0 bytes, Stack size 8 bytes, mbed/TARGET_KL25Z/TOOLCHAIN_ARM_STD/mbed.ar(Serial.o)(t._ZN4mbed8CallbackIFvvEED1Ev), UNUSED)

<P><STRONG><a name="[162]"></a>__aeabi_fmul</STRONG> (Thumb, 0 bytes, Stack size 16 bytes, C:\Keil_v5\ARM\ARMCC\Bin\..\lib\armlib\fz_ps.l(fmul.o)(x$fpl$fmul))
<BR><BR>[Stack]<UL><LI>Max Depth = 16<LI>Call Chain = __aeabi_fmul
</UL>
<BR>[Called By]<UL><LI><a href="#[11a]">&gt;&gt;</a>&nbsp;&nbsp;&nbsp;$Super$$main
</UL>

<P><STRONG><a name="[1b0]"></a>_fmul</STRONG> (Thumb, 172 bytes, Stack size 16 bytes, C:\Keil_v5\ARM\ARMCC\Bin\..\lib\armlib\fz_ps.l(fmul.o)(x$fpl$fmul), UNUSED)

<P><STRONG><a name="[7f]"></a>_printf_fp_dec</STRONG> (Thumb, 16 bytes, Stack size 8 bytes, C:\Keil_v5\ARM\ARMCC\Bin\..\lib\armlib\fz_ps.l(printf1.o)(x$fpl$printf1))
<BR><BR>[Stack]<UL><LI>Max Depth = 8<LI>Call Chain = _printf_fp_dec
</UL>
<BR>[Called By]<UL><LI><a href="#[80]">&gt;&gt;</a>&nbsp;&nbsp;&nbsp;_printf_g
<LI><a href="#[7e]">&gt;&gt;</a>&nbsp;&nbsp;&nbsp;_printf_e
<LI><a href="#[7c]">&gt;&gt;</a>&nbsp;&nbsp;&nbsp;_printf_f
</UL>

<P><STRONG><a name="[83]"></a>_printf_fp_hex</STRONG> (Thumb, 16 bytes, Stack size 8 bytes, C:\Keil_v5\ARM\ARMCC\Bin\..\lib\armlib\fz_ps.l(printf2.o)(x$fpl$printf2))
<BR><BR>[Stack]<UL><LI>Max Depth = 8<LI>Call Chain = _printf_fp_hex
</UL>
<BR>[Called By]<UL><LI><a href="#[81]">&gt;&gt;</a>&nbsp;&nbsp;&nbsp;_printf_a
</UL>
<P>
<H3>
Local Symbols
</H3>
<P><STRONG><a name="[51]"></a>lptmr_isr</STRONG> (Thumb, 82 bytes, Stack size 16 bytes, mbed/TARGET_KL25Z/TOOLCHAIN_ARM_STD/us_ticker.o(i.lptmr_isr))
<BR><BR>[Stack]<UL><LI>Max Depth = 32<LI>Call Chain = lptmr_isr &rArr; us_ticker_irq_handler &rArr; ticker_irq_handler
</UL>
<BR>[Calls]<UL><LI><a href="#[15b]">&gt;&gt;</a>&nbsp;&nbsp;&nbsp;us_ticker_irq_handler
</UL>
<BR>[Address Reference Count : 1]<UL><LI> us_ticker.o(i.us_ticker_init)
</UL>
<P><STRONG><a name="[121]"></a>Proc_1(record*)</STRONG> (Thumb, 90 bytes, Stack size 16 bytes, .\build\main.o(i._Z6Proc_1P6record))
<BR><BR>[Stack]<UL><LI>Max Depth = 36<LI>Call Chain = Proc_1(record*) &rArr; Proc_6(Enumeration, Enumeration*) &rArr; __ARM_common_switch8
</UL>
<BR>[Calls]<UL><LI><a href="#[122]">&gt;&gt;</a>&nbsp;&nbsp;&nbsp;Proc_3(record**)
<LI><a href="#[124]">&gt;&gt;</a>&nbsp;&nbsp;&nbsp;Proc_7(int, int, int*)
<LI><a href="#[123]">&gt;&gt;</a>&nbsp;&nbsp;&nbsp;Proc_6(Enumeration, Enumeration*)
<LI><a href="#[11d]">&gt;&gt;</a>&nbsp;&nbsp;&nbsp;__aeabi_memcpy4
</UL>
<BR>[Called By]<UL><LI><a href="#[11a]">&gt;&gt;</a>&nbsp;&nbsp;&nbsp;$Super$$main
</UL>

<P><STRONG><a name="[160]"></a>Proc_2(int*)</STRONG> (Thumb, 34 bytes, Stack size 0 bytes, .\build\main.o(i._Z6Proc_2Pi))
<BR><BR>[Called By]<UL><LI><a href="#[11a]">&gt;&gt;</a>&nbsp;&nbsp;&nbsp;$Super$$main
</UL>

<P><STRONG><a name="[122]"></a>Proc_3(record**)</STRONG> (Thumb, 38 bytes, Stack size 8 bytes, .\build\main.o(i._Z6Proc_3PP6record))
<BR><BR>[Stack]<UL><LI>Max Depth = 16<LI>Call Chain = Proc_3(record**) &rArr; Proc_7(int, int, int*)
</UL>
<BR>[Calls]<UL><LI><a href="#[124]">&gt;&gt;</a>&nbsp;&nbsp;&nbsp;Proc_7(int, int, int*)
</UL>
<BR>[Called By]<UL><LI><a href="#[121]">&gt;&gt;</a>&nbsp;&nbsp;&nbsp;Proc_1(record*)
</UL>

<P><STRONG><a name="[15e]"></a>Proc_4()</STRONG> (Thumb, 34 bytes, Stack size 0 bytes, .\build\main.o(i._Z6Proc_4v))
<BR><BR>[Called By]<UL><LI><a href="#[11a]">&gt;&gt;</a>&nbsp;&nbsp;&nbsp;$Super$$main
</UL>

<P><STRONG><a name="[15d]"></a>Proc_5()</STRONG> (Thumb, 14 bytes, Stack size 0 bytes, .\build\main.o(i._Z6Proc_5v))
<BR><BR>[Called By]<UL><LI><a href="#[11a]">&gt;&gt;</a>&nbsp;&nbsp;&nbsp;$Super$$main
</UL>

<P><STRONG><a name="[72]"></a>__sti___8_main_cpp_timer</STRONG> (Thumb, 38 bytes, Stack size 16 bytes, .\build\main.o(i.__sti___8_main_cpp_timer))
<BR><BR>[Stack]<UL><LI>Max Depth = 672 + Unknown Stack Size
<LI>Call Chain = __sti___8_main_cpp_timer &rArr; mbed::Serial::Serial(PinName, PinName, const char*, int) &rArr; mbed::Stream::Stream__sub_object(const char*) &rArr; fopen &rArr; freopen &rArr; _sys_open &rArr; mbed::FilePath::FilePath(const char*) &rArr; mbed::FileBase::lookup(const char*, unsigned) &rArr; SingletonPtr&lang;PlatformMutex&rang;::operator -&rang;() &rArr; mbed_assert_internal &rArr; mbed_error_printf &rArr; serial_init &rArr;  pin_mode (Cycle)
</UL>
<BR>[Calls]<UL><LI><a href="#[13d]">&gt;&gt;</a>&nbsp;&nbsp;&nbsp;mbed::Serial::Serial(PinName, PinName, const char*, int)
<LI><a href="#[13b]">&gt;&gt;</a>&nbsp;&nbsp;&nbsp;mbed::Timer::Timer()
</UL>
<BR>[Address Reference Count : 1]<UL><LI> main.o(.init_array)
</UL>
<P><STRONG><a name="[4c]"></a>&lang;Func1&rang;</STRONG> (Thumb, 6 bytes, Stack size 0 bytes, mbed/TARGET_KL25Z/TOOLCHAIN_ARM_STD/mbed.ar(SerialBase.o)(i.<Func1>))
<BR>[Address Reference Count : 1]<UL><LI> SerialBase.o(i._ZN4mbed10SerialBaseC1E7PinNameS1_i)
</UL>
<P><STRONG><a name="[4d]"></a>mbed::donothing()</STRONG> (Thumb, 2 bytes, Stack size 0 bytes, mbed/TARGET_KL25Z/TOOLCHAIN_ARM_STD/mbed.ar(SerialBase.o)(i._ZN4mbed9donothingEv))
<BR>[Address Reference Count : 1]<UL><LI> SerialBase.o(i._ZN4mbed10SerialBaseC1E7PinNameS1_i)
</UL>
<P><STRONG><a name="[45]"></a>_printf_input_char</STRONG> (Thumb, 10 bytes, Stack size 0 bytes, C:\Keil_v5\ARM\ARMCC\Bin\..\lib\armlib\c_p.l(_printf_char_common.o)(.text))
<BR>[Address Reference Count : 1]<UL><LI> _printf_char_common.o(.text)
</UL>
<P><STRONG><a name="[47]"></a>_scanf_char_input</STRONG> (Thumb, 12 bytes, Stack size 0 bytes, C:\Keil_v5\ARM\ARMCC\Bin\..\lib\armlib\c_p.l(scanf_char.o)(.text))
<BR>[Address Reference Count : 1]<UL><LI> scanf_char.o(.text)
</UL>
<P><STRONG><a name="[102]"></a>_fp_digits</STRONG> (Thumb, 412 bytes, Stack size 96 bytes, C:\Keil_v5\ARM\ARMCC\Bin\..\lib\armlib\c_p.l(_printf_fp_dec.o)(.text))
<BR><BR>[Stack]<UL><LI>Max Depth = 272<LI>Call Chain = _fp_digits &rArr; _btod_etento &rArr; _btod_emul &rArr; btod_internal_mul &rArr; __ARM_common_ll_muluu
</UL>
<BR>[Calls]<UL><LI><a href="#[105]">&gt;&gt;</a>&nbsp;&nbsp;&nbsp;_btod_ediv
<LI><a href="#[106]">&gt;&gt;</a>&nbsp;&nbsp;&nbsp;_btod_emul
<LI><a href="#[104]">&gt;&gt;</a>&nbsp;&nbsp;&nbsp;_btod_d2e
<LI><a href="#[103]">&gt;&gt;</a>&nbsp;&nbsp;&nbsp;_btod_etento
<LI><a href="#[eb]">&gt;&gt;</a>&nbsp;&nbsp;&nbsp;_ll_udiv10
</UL>
<BR>[Called By]<UL><LI><a href="#[52]">&gt;&gt;</a>&nbsp;&nbsp;&nbsp;_printf_fp_dec_real
</UL>

<P><STRONG><a name="[114]"></a>btod_internal_mul</STRONG> (Thumb, 492 bytes, Stack size 56 bytes, C:\Keil_v5\ARM\ARMCC\Bin\..\lib\armlib\c_p.l(btod.o)(.text))
<BR><BR>[Stack]<UL><LI>Max Depth = 80<LI>Call Chain = btod_internal_mul &rArr; __ARM_common_ll_muluu
</UL>
<BR>[Calls]<UL><LI><a href="#[115]">&gt;&gt;</a>&nbsp;&nbsp;&nbsp;__ARM_common_ll_muluu
</UL>
<BR>[Called By]<UL><LI><a href="#[116]">&gt;&gt;</a>&nbsp;&nbsp;&nbsp;_btod_emuld
<LI><a href="#[106]">&gt;&gt;</a>&nbsp;&nbsp;&nbsp;_btod_emul
</UL>

<P><STRONG><a name="[117]"></a>btod_internal_div</STRONG> (Thumb, 520 bytes, Stack size 64 bytes, C:\Keil_v5\ARM\ARMCC\Bin\..\lib\armlib\c_p.l(btod.o)(.text))
<BR><BR>[Stack]<UL><LI>Max Depth = 64<LI>Call Chain = btod_internal_div
</UL>
<BR>[Called By]<UL><LI><a href="#[118]">&gt;&gt;</a>&nbsp;&nbsp;&nbsp;_btod_edivd
<LI><a href="#[105]">&gt;&gt;</a>&nbsp;&nbsp;&nbsp;_btod_ediv
</UL>
<P>
<H3>
Undefined Global Symbols
</H3>
<P><STRONG><a name="[10b]"></a>_printf_mbtowc</STRONG> (ARM, 0 bytes, Stack size 0 bytes, UNDEFINED)
<BR><BR>[Called By]<UL><LI><a href="#[10a]">&gt;&gt;</a>&nbsp;&nbsp;&nbsp;_printf_cs_common
</UL>

<P><STRONG><a name="[10d]"></a>_printf_wc</STRONG> (ARM, 0 bytes, Stack size 0 bytes, UNDEFINED)
<BR><BR>[Called By]<UL><LI><a href="#[10c]">&gt;&gt;</a>&nbsp;&nbsp;&nbsp;_printf_lcs_common
</UL>
<HR></body></html>
