<html>
<body>
<pre>
<h1>µVision Build Log</h1>
<h2>Tool Versions:</h2>
IDE-Version: µVision V5.26.2.0
Copyright (C) 2018 ARM Ltd and ARM Germany GmbH. All rights reserved.
License Information: Swati Kadivar, University of Colorado Boulder, LIC=----
 
Tool Versions:
Toolchain:       MDK-Lite  Version: 5.26.2.0
Toolchain Path:  C:\Keil_v5\ARM\ARMCC\Bin
C Compiler:      Armcc.exe V5.06 update 6 (build 750)
Assembler:       Armasm.exe V5.06 update 6 (build 750)
Linker/Locator:  ArmLink.exe V5.06 update 6 (build 750)
Library Manager: ArmAr.exe V5.06 update 6 (build 750)
Hex Converter:   FromElf.exe V5.06 update 6 (build 750)
CPU DLL:         
Dialog DLL:      DCM.DLL V1.17.2.0
Target DLL:      PEMicro\Pemicro_ArmCortexInterface.dll V1.11
Dialog DLL:      TCM.DLL V1.36.1.0
 
<h2>Project:</h2>
C:\Users\swati\Documents\STUDIES\FALL2021\MESA\Project1\module4\29092021\mbed_blinky_m4\mbed_blinky_m4\mbed_blinky.uvprojx
Project File Date:  10/01/2021

<h2>Output:</h2>
*** Using Compiler 'V5.06 update 6 (build 750)', folder: 'C:\Keil_v5\ARM\ARMCC\Bin'
Rebuild target 'mbed_blinky'
Clean started - Project: 'mbed_blinky'
   deleting intermediate output files for target 'mbed_blinky'
compiling main.cpp...
linking...
.\BUILD\mbed_blinky.axf: Warning: L6320W: Ignoring --keep command. Cannot find argument 'os_cb_sections'.
Program Size: Code=27832 RO-data=2944 RW-data=208 ZI-data=5040  
Finished: 0 information, 1 warning and 0 error messages.
".\BUILD\mbed_blinky.axf" - 0 Error(s), 1 Warning(s).

*** Performing Cross-Module-Optimization:
compiling main.cpp...
linking...
.\BUILD\mbed_blinky.axf: Warning: L6320W: Ignoring --keep command. Cannot find argument 'os_cb_sections'.
Program Size: Code=27832 RO-data=2944 RW-data=208 ZI-data=5040  
Finished: 0 information, 1 warning and 0 error messages.
".\BUILD\mbed_blinky.axf" - 0 Error(s), 1 Warning(s).
*** Completed Cross-Module-Optimization after 2 iteration(s).

<h2>Software Packages used:</h2>

Package Vendor: Keil
                http://www.keil.com/pack/Keil.Kinetis_KLxx_DFP.1.15.0.pack
                Keil.Kinetis_KLxx_DFP.1.15.0
                NXP Kinetis KLxx Series Device Support and Examples

<h2>Collection of Component include folders:</h2>
  .\RTE\_mbed_blinky
  C:\Users\swati\AppData\Local\Arm\Packs\Keil\Kinetis_KLxx_DFP\1.15.0\Device\Include

<h2>Collection of Component Files used:</h2>
Build Time Elapsed:  00:00:02
</pre>
</body>
</html>
