<html>
<body>
<pre>
<h1>µVision Build Log</h1>
<h2>Tool Versions:</h2>
IDE-Version: µVision V5.26.2.0
Copyright (C) 2018 ARM Ltd and ARM Germany GmbH. All rights reserved.
License Information: Swati Kadivar, University of Colorado Boulder, LIC=----
 
Tool Versions:
Toolchain:       MDK-Lite  Version: 5.26.2.0
Toolchain Path:  C:\Keil_v5\ARM\ARMCLANG\Bin
C Compiler:      ArmClang.exe V6.10.1
Assembler:       Armasm.exe V6.10.1
Linker/Locator:  ArmLink.exe V6.10.1
Library Manager: ArmAr.exe V6.10.1
Hex Converter:   FromElf.exe V6.10.1
CPU DLL:         
Dialog DLL:      DCM.DLL V1.17.2.0
Target DLL:      STLink\ST-LINKIII-KEIL_SWO.dll V3.0.5.0
Dialog DLL:      TCM.DLL V1.36.1.0
 
<h2>Project:</h2>
C:\Users\swati\Documents\STUDIES\FALL2021\MESA\ASSIGNMENTS\Homework3p\BLINKY_EXPORTED_FROM_MBED_TO_KEIL\mbed_blinky_nucleo_uvision6_nucleo_f401re\mbed_blinky_nucleo\mbed_blinky_nucleo.uvprojx
Project File Date:  10/06/2021

<h2>Output:</h2>
*** Using Compiler 'V6.10.1', folder: 'C:\Keil_v5\ARM\ARMCLANG\Bin'
Rebuild target 'mbed_blinky_nucleo'
compiling main.cpp...
linking...
.\BUILD\mbed_blinky_nucleo.axf: Warning: L3912W: Option 'legacyalign' is deprecated.
.\BUILD\mbed_blinky_nucleo.axf: Warning: L6869W: mbed/TARGET_NUCLEO_F401RE/TOOLCHAIN_ARM_STD/mbed_retarget.o requested the Rogue Wave Standard C++ Library which has been removed from the product. This might cause link errors because libc++ is used instead.
.\BUILD\mbed_blinky_nucleo.axf: Warning: L6869W: mbed/TARGET_NUCLEO_F401RE/TOOLCHAIN_ARM_STD/mbed.ar(FileHandle.o) requested the Rogue Wave Standard C++ Library which has been removed from the product. This might cause link errors because libc++ is used instead.
.\BUILD\mbed_blinky_nucleo.axf: Warning: L6869W: mbed/TARGET_NUCLEO_F401RE/TOOLCHAIN_ARM_STD/mbed.ar(FilePath.o) requested the Rogue Wave Standard C++ Library which has been removed from the product. This might cause link errors because libc++ is used instead.
.\BUILD\mbed_blinky_nucleo.axf: Warning: L6869W: mbed/TARGET_NUCLEO_F401RE/TOOLCHAIN_ARM_STD/mbed.ar(mbed_poll.o) requested the Rogue Wave Standard C++ Library which has been removed from the product. This might cause link errors because libc++ is used instead.
.\BUILD\mbed_blinky_nucleo.axf: Warning: L6869W: mbed/TARGET_NUCLEO_F401RE/TOOLCHAIN_ARM_STD/mbed.ar(Timer.o) requested the Rogue Wave Standard C++ Library which has been removed from the product. This might cause link errors because libc++ is used instead.
.\BUILD\mbed_blinky_nucleo.axf: Warning: L6869W: mbed/TARGET_NUCLEO_F401RE/TOOLCHAIN_ARM_STD/mbed.ar(mbed_lp_ticker_wrapper.o) requested the Rogue Wave Standard C++ Library which has been removed from the product. This might cause link errors because libc++ is used instead.
.\BUILD\mbed_blinky_nucleo.axf: Warning: L6869W: mbed/TARGET_NUCLEO_F401RE/TOOLCHAIN_ARM_STD/mbed.ar(FileBase.o) requested the Rogue Wave Standard C++ Library which has been removed from the product. This might cause link errors because libc++ is used instead.
.\BUILD\mbed_blinky_nucleo.axf: Warning: L6869W: mbed/TARGET_NUCLEO_F401RE/TOOLCHAIN_ARM_STD/mbed.ar(LowPowerTickerWrapper.o) requested the Rogue Wave Standard C++ Library which has been removed from the product. This might cause link errors because libc++ is used instead.
.\BUILD\mbed_blinky_nucleo.axf: Warning: L6869W: mbed/TARGET_NUCLEO_F401RE/TOOLCHAIN_ARM_STD/mbed.ar(Timeout.o) requested the Rogue Wave Standard C++ Library which has been removed from the product. This might cause link errors because libc++ is used instead.
.\BUILD\mbed_blinky_nucleo.axf: Warning: L6869W: mbed/TARGET_NUCLEO_F401RE/TOOLCHAIN_ARM_STD/mbed.ar(Ticker.o) requested the Rogue Wave Standard C++ Library which has been removed from the product. This might cause link errors because libc++ is used instead.
.\BUILD\mbed_blinky_nucleo.axf: Warning: L6869W: mbed/TARGET_NUCLEO_F401RE/TOOLCHAIN_ARM_STD/mbed.ar(TimerEvent.o) requested the Rogue Wave Standard C++ Library which has been removed from the product. This might cause link errors because libc++ is used instead.
.\BUILD\mbed_blinky_nucleo.axf: Warning: L6320W: Ignoring --keep command. Cannot find argument 'os_cb_sections'.
Program Size: Code=22752 RO-data=2796 RW-data=156 ZI-data=1112  
Finished: 0 information, 13 warning and 0 error messages.
".\BUILD\mbed_blinky_nucleo.axf" - 0 Error(s), 13 Warning(s).

<h2>Software Packages used:</h2>

Package Vendor: Keil
                http://www.keil.com/pack/Keil.STM32F4xx_DFP.2.15.0.pack
                Keil.STM32F4xx_DFP.2.15.0
                STMicroelectronics STM32F4 Series Device Support, Drivers and Examples

<h2>Collection of Component include folders:</h2>
  .\RTE\_mbed_blinky_nucleo
  C:\Users\swati\AppData\Local\Arm\Packs\Keil\STM32F4xx_DFP\2.15.0\Drivers\CMSIS\Device\ST\STM32F4xx\Include

<h2>Collection of Component Files used:</h2>
Build Time Elapsed:  00:00:01
</pre>
</body>
</html>
