Component: ARM Compiler 5.06 update 6 (build 750) Tool: armlink [4d35ed]

==============================================================================

Section Cross References

    .\build\main.o(i.__sti___8_main_cpp_tick) refers to mbed/TARGET_KL25Z/TOOLCHAIN_ARM_STD/mbed.ar(Timer.o)(i._ZN4mbed5TimerC1Ev) for mbed::Timer::Timer()
    .\build\main.o(i.__sti___8_main_cpp_tick) refers to .\build\main.o(.bss) for tick
    .\build\main.o(i.__sti___8_main_cpp_tick) refers to mbed/TARGET_KL25Z/TOOLCHAIN_ARM_STD/mbed.ar(Timer.o)(i._ZN4mbed5TimerD1Ev) for mbed::Timer::~Timer()
    .\build\main.o(i.main) refers to C:\Keil_v5\ARM\ARMCC\Bin\..\lib\armlib\c_p.l(_printf_percent.o)(.ARM.Collect$$_printf_percent$$00000000) for _printf_percent
    .\build\main.o(i.main) refers to C:\Keil_v5\ARM\ARMCC\Bin\..\lib\armlib\c_p.l(_printf_f.o)(.ARM.Collect$$_printf_percent$$00000003) for _printf_f
    .\build\main.o(i.main) refers to C:\Keil_v5\ARM\ARMCC\Bin\..\lib\armlib\fz_ps.l(printf1.o)(x$fpl$printf1) for _printf_fp_dec
    .\build\main.o(i.main) refers to mbed/TARGET_KL25Z/TOOLCHAIN_ARM_STD/mbed.ar(Timer.o)(i._ZN4mbed5Timer5startEv) for mbed::Timer::start()
    .\build\main.o(i.main) refers to .\build\mma8451q.o(i._ZN8MMA8451QC1E7PinNameS0_i) for MMA8451Q::MMA8451Q(PinName, PinName, int)
    .\build\main.o(i.main) refers to .\build\main.o(i._ZN4mbed6PwmOutC1E7PinName) for mbed::PwmOut::PwmOut(PinName)
    .\build\main.o(i.main) refers to .\build\tsisensor.o(i._ZN9TSISensorC1Ev) for TSISensor::TSISensor()
    .\build\main.o(i.main) refers to .\build\mma8451q.o(i._ZN8MMA8451Q7getAccXEv) for MMA8451Q::getAccX()
    .\build\main.o(i.main) refers to .\build\main.o(i._ZSt3absf) for std::abs(float)
    .\build\main.o(i.main) refers to C:\Keil_v5\ARM\ARMCC\Bin\..\lib\armlib\fz_ps.l(f2d.o)(.text) for __aeabi_f2d
    .\build\main.o(i.main) refers to C:\Keil_v5\ARM\ARMCC\Bin\..\lib\armlib\fz_ps.l(daddsub.o)(.text) for __aeabi_drsub
    .\build\main.o(i.main) refers to C:\Keil_v5\ARM\ARMCC\Bin\..\lib\armlib\fz_ps.l(d2f.o)(.text) for __aeabi_d2f
    .\build\main.o(i.main) refers to .\build\main.o(i._ZN4mbed6PwmOutaSEf) for mbed::PwmOut::operator =(float)
    .\build\main.o(i.main) refers to .\build\mma8451q.o(i._ZN8MMA8451Q7getAccYEv) for MMA8451Q::getAccY()
    .\build\main.o(i.main) refers to .\build\mma8451q.o(i._ZN8MMA8451Q7getAccZEv) for MMA8451Q::getAccZ()
    .\build\main.o(i.main) refers to mbed/TARGET_KL25Z/TOOLCHAIN_ARM_STD/mbed.ar(mbed_wait_api_no_rtos.o)(i.wait) for wait
    .\build\main.o(i.main) refers to .\build\tsisensor.o(i._ZN9TSISensor14readPercentageEv) for TSISensor::readPercentage()
    .\build\main.o(i.main) refers to mbed/TARGET_KL25Z/TOOLCHAIN_ARM_STD/mbed.ar(Timer.o)(i._ZN4mbed5Timer4stopEv) for mbed::Timer::stop()
    .\build\main.o(i.main) refers to mbed/TARGET_KL25Z/TOOLCHAIN_ARM_STD/mbed.ar(Timer.o)(i._ZN4mbed5Timer4readEv) for mbed::Timer::read()
    .\build\main.o(i.main) refers to C:\Keil_v5\ARM\ARMCC\Bin\..\lib\armlib\c_p.l(__2printf.o)(.text) for __2printf
    .\build\main.o(i.main) refers to .\build\main.o(.bss) for tick
    .\build\main.o(.ARM.exidx) refers to .\build\main.o(i.main) for i.main
    .\build\main.o(.ARM.exidx) refers to .\build\main.o(i.__sti___8_main_cpp_tick) for i.__sti___8_main_cpp_tick
    .\build\main.o(.init_array) refers to .\build\main.o(i.__sti___8_main_cpp_tick) for __sti___8_main_cpp_tick
    .\build\main.o(.init_array) refers to C:\Keil_v5\ARM\ARMCC\Bin\..\lib\armlib\c_p.l(init_aeabi.o)(.text) for __cpp_initialize__aeabi_
    mbed/TARGET_KL25Z/TOOLCHAIN_ARM_STD/analogin_api.o(i.analogin_init) refers to mbed/TARGET_KL25Z/TOOLCHAIN_ARM_STD/mbed.ar(mbed_pinmap_common.o)(i.pinmap_peripheral) for pinmap_peripheral
    mbed/TARGET_KL25Z/TOOLCHAIN_ARM_STD/analogin_api.o(i.analogin_init) refers to C:\Keil_v5\ARM\ARMCC\Bin\..\lib\armlib\c_p.l(aeabi_sdivfast.o)(.text) for __aeabi_uidivmod
    mbed/TARGET_KL25Z/TOOLCHAIN_ARM_STD/analogin_api.o(i.analogin_init) refers to mbed/TARGET_KL25Z/TOOLCHAIN_ARM_STD/mbed.ar(mbed_assert.o)(i.mbed_assert_internal) for mbed_assert_internal
    mbed/TARGET_KL25Z/TOOLCHAIN_ARM_STD/analogin_api.o(i.analogin_init) refers to mbed/TARGET_KL25Z/TOOLCHAIN_ARM_STD/mbed.ar(mbed_pinmap_common.o)(i.pinmap_pinout) for pinmap_pinout
    mbed/TARGET_KL25Z/TOOLCHAIN_ARM_STD/analogin_api.o(i.analogin_init) refers to mbed/TARGET_KL25Z/TOOLCHAIN_ARM_STD/PeripheralPins.o(.constdata) for PinMap_ADC
    mbed/TARGET_KL25Z/TOOLCHAIN_ARM_STD/analogin_api.o(i.analogin_init) refers to mbed/TARGET_KL25Z/TOOLCHAIN_ARM_STD/system_MKL25Z4.o(.data) for SystemCoreClock
    mbed/TARGET_KL25Z/TOOLCHAIN_ARM_STD/analogin_api.o(i.analogin_init) refers to mbed/TARGET_KL25Z/TOOLCHAIN_ARM_STD/analogin_api.o(.conststring) for .conststring
    mbed/TARGET_KL25Z/TOOLCHAIN_ARM_STD/analogin_api.o(i.analogin_read) refers to C:\Keil_v5\ARM\ARMCC\Bin\..\lib\armlib\fz_ps.l(fflti.o)(.text) for __aeabi_ui2f
[...]
    _sys_istty                               0x0000435d   Thumb Code    46  mbed/TARGET_KL25Z/TOOLCHAIN_ARM_STD/mbed_retarget.o(i._sys_istty)
    _sys_open                                0x0000438d   Thumb Code   178  mbed/TARGET_KL25Z/TOOLCHAIN_ARM_STD/mbed_retarget.o(i._sys_open)
    _sys_seek                                0x0000444d   Thumb Code    56  mbed/TARGET_KL25Z/TOOLCHAIN_ARM_STD/mbed_retarget.o(i._sys_seek)
    _sys_write                               0x00004485   Thumb Code    98  mbed/TARGET_KL25Z/TOOLCHAIN_ARM_STD/mbed_retarget.o(i._sys_write)
    core_util_are_interrupts_enabled         0x000044f1   Thumb Code    12  mbed/TARGET_KL25Z/TOOLCHAIN_ARM_STD/mbed.ar(mbed_critical.o)(i.core_util_are_interrupts_enabled)
    core_util_atomic_decr_u16                0x000044fd   Thumb Code    46  mbed/TARGET_KL25Z/TOOLCHAIN_ARM_STD/mbed.ar(mbed_critical.o)(i.core_util_atomic_decr_u16)
    core_util_atomic_flag_test_and_set       0x00004531   Thumb Code    50  mbed/TARGET_KL25Z/TOOLCHAIN_ARM_STD/mbed.ar(mbed_critical.o)(i.core_util_atomic_flag_test_and_set)
    core_util_atomic_incr_u16                0x00004569   Thumb Code    46  mbed/TARGET_KL25Z/TOOLCHAIN_ARM_STD/mbed.ar(mbed_critical.o)(i.core_util_atomic_incr_u16)
    core_util_critical_section_enter         0x0000459d   Thumb Code    32  mbed/TARGET_KL25Z/TOOLCHAIN_ARM_STD/mbed.ar(mbed_critical.o)(i.core_util_critical_section_enter)
    core_util_critical_section_exit          0x000045f9   Thumb Code    30  mbed/TARGET_KL25Z/TOOLCHAIN_ARM_STD/mbed.ar(mbed_critical.o)(i.core_util_critical_section_exit)
    core_util_is_isr_active                  0x0000461d   Thumb Code    12  mbed/TARGET_KL25Z/TOOLCHAIN_ARM_STD/mbed.ar(mbed_critical.o)(i.core_util_is_isr_active)
    exit                                     0x00004629   Thumb Code   110  mbed/TARGET_KL25Z/TOOLCHAIN_ARM_STD/mbed_retarget.o(i.exit)
    fputc                                    0x000046a1   Thumb Code    30  C:\Keil_v5\ARM\ARMCC\Bin\..\lib\armlib\c_p.l(fputc.o)(i.fputc)
    get_us_ticker_data                       0x000046c1   Thumb Code     4  mbed/TARGET_KL25Z/TOOLCHAIN_ARM_STD/mbed.ar(mbed_us_ticker_api.o)(i.get_us_ticker_data)
    gpio_dir                                 0x000046c9   Thumb Code    50  mbed/TARGET_KL25Z/TOOLCHAIN_ARM_STD/gpio_api.o(i.gpio_dir)
    gpio_init                                0x00004719   Thumb Code    56  mbed/TARGET_KL25Z/TOOLCHAIN_ARM_STD/gpio_api.o(i.gpio_init)
    gpio_init_in                             0x00004755   Thumb Code    34  mbed/TARGET_KL25Z/TOOLCHAIN_ARM_STD/mbed.ar(mbed_gpio.o)(i.gpio_init_in)
    gpio_init_inout                          0x00004779   Thumb Code   120  mbed/TARGET_KL25Z/TOOLCHAIN_ARM_STD/mbed.ar(mbed_gpio.o)(i.gpio_init_inout)
    gpio_init_out                            0x000047f9   Thumb Code    56  mbed/TARGET_KL25Z/TOOLCHAIN_ARM_STD/mbed.ar(mbed_gpio.o)(i.gpio_init_out)
    gpio_init_out_ex                         0x00004839   Thumb Code    66  mbed/TARGET_KL25Z/TOOLCHAIN_ARM_STD/mbed.ar(mbed_gpio.o)(i.gpio_init_out_ex)
    gpio_mode                                0x000048c9   Thumb Code    14  mbed/TARGET_KL25Z/TOOLCHAIN_ARM_STD/gpio_api.o(i.gpio_mode)
    hal_critical_section_enter               0x000048d9   Thumb Code    28  mbed/TARGET_KL25Z/TOOLCHAIN_ARM_STD/mbed.ar(mbed_critical_section_api.o)(i.hal_critical_section_enter)
    hal_critical_section_exit                0x000048f9   Thumb Code    40  mbed/TARGET_KL25Z/TOOLCHAIN_ARM_STD/mbed.ar(mbed_critical_section_api.o)(i.hal_critical_section_exit)
    i2c_frequency                            0x0000499d   Thumb Code   118  mbed/TARGET_KL25Z/TOOLCHAIN_ARM_STD/i2c_api.o(i.i2c_frequency)
    i2c_init                                 0x00004a21   Thumb Code   246  mbed/TARGET_KL25Z/TOOLCHAIN_ARM_STD/i2c_api.o(i.i2c_init)
    i2c_read                                 0x00004b51   Thumb Code   272  mbed/TARGET_KL25Z/TOOLCHAIN_ARM_STD/i2c_api.o(i.i2c_read)
    i2c_stop                                 0x00004c61   Thumb Code    44  mbed/TARGET_KL25Z/TOOLCHAIN_ARM_STD/i2c_api.o(i.i2c_stop)
    i2c_write                                0x00004cc1   Thumb Code   196  mbed/TARGET_KL25Z/TOOLCHAIN_ARM_STD/i2c_api.o(i.i2c_write)
    $Super$$main                             0x00004ef5   Thumb Code   344  .\build\main.o(i.main)
    mbed_assert_internal                     0x00005085   Thumb Code    26  mbed/TARGET_KL25Z/TOOLCHAIN_ARM_STD/mbed.ar(mbed_assert.o)(i.mbed_assert_internal)
    mbed_die                                 0x000050a5   Thumb Code   134  mbed/TARGET_KL25Z/TOOLCHAIN_ARM_STD/mbed_board.o(i.mbed_die)
    mbed_error                               0x00005185   Thumb Code   152  mbed/TARGET_KL25Z/TOOLCHAIN_ARM_STD/mbed.ar(mbed_error.o)(i.mbed_error)
    mbed_error_printf                        0x00005231   Thumb Code    74  mbed/TARGET_KL25Z/TOOLCHAIN_ARM_STD/mbed_board.o(i.mbed_error_printf)
    mbed_error_puts                          0x00005281   Thumb Code    30  mbed/TARGET_KL25Z/TOOLCHAIN_ARM_STD/mbed_board.o(i.mbed_error_puts)
    mbed_fault_handler                       0x000052a1   Thumb Code    96  mbed/TARGET_KL25Z/TOOLCHAIN_ARM_STD/mbed_fault_handler.o(i.mbed_fault_handler)
    mbed_interface_connected                 0x000053b1   Thumb Code     8  mbed/TARGET_KL25Z/TOOLCHAIN_ARM_STD/mbed.ar(mbed_interface.o)(i.mbed_interface_connected)
    open                                     0x000053b9   Thumb Code   162  mbed/TARGET_KL25Z/TOOLCHAIN_ARM_STD/mbed_retarget.o(i.open)
    pin_function                             0x00005469   Thumb Code    64  mbed/TARGET_KL25Z/TOOLCHAIN_ARM_STD/pinmap.o(i.pin_function)
    pin_mode                                 0x000054c9   Thumb Code    32  mbed/TARGET_KL25Z/TOOLCHAIN_ARM_STD/pinmap.o(i.pin_mode)
    pinmap_merge                             0x00005505   Thumb Code    36  mbed/TARGET_KL25Z/TOOLCHAIN_ARM_STD/mbed.ar(mbed_pinmap_common.o)(i.pinmap_merge)
    pinmap_peripheral                        0x00005541   Thumb Code    60  mbed/TARGET_KL25Z/TOOLCHAIN_ARM_STD/mbed.ar(mbed_pinmap_common.o)(i.pinmap_peripheral)
    pinmap_pinout                            0x000055a1   Thumb Code    70  mbed/TARGET_KL25Z/TOOLCHAIN_ARM_STD/mbed.ar(mbed_pinmap_common.o)(i.pinmap_pinout)
    print_context_info                       0x00005601   Thumb Code   138  mbed/TARGET_KL25Z/TOOLCHAIN_ARM_STD/mbed_fault_handler.o(i.print_context_info)
    pwmout_init                              0x000058ed   Thumb Code   486  mbed/TARGET_KL25Z/TOOLCHAIN_ARM_STD/pwmout_api.o(i.pwmout_init)
    pwmout_period_us                         0x00005b21   Thumb Code   132  mbed/TARGET_KL25Z/TOOLCHAIN_ARM_STD/pwmout_api.o(i.pwmout_period_us)
    pwmout_write                             0x00005bad   Thumb Code    60  mbed/TARGET_KL25Z/TOOLCHAIN_ARM_STD/pwmout_api.o(i.pwmout_write)
    semihost_connected                       0x00005d1d   Thumb Code     6  mbed/TARGET_KL25Z/TOOLCHAIN_ARM_STD/mbed.ar(mbed_semihost_api.o)(i.semihost_connected)
    semihost_exit                            0x00005d29   Thumb Code    12  mbed/TARGET_KL25Z/TOOLCHAIN_ARM_STD/mbed.ar(mbed_semihost_api.o)(i.semihost_exit)
    serial_baud                              0x00005d35   Thumb Code   352  mbed/TARGET_KL25Z/TOOLCHAIN_ARM_STD/serial_api.o(i.serial_baud)
    serial_format                            0x00005eb5   Thumb Code   140  mbed/TARGET_KL25Z/TOOLCHAIN_ARM_STD/serial_api.o(i.serial_format)
    serial_init                              0x00005f81   Thumb Code   332  mbed/TARGET_KL25Z/TOOLCHAIN_ARM_STD/serial_api.o(i.serial_init)
    serial_putc                              0x0000610d   Thumb Code    36  mbed/TARGET_KL25Z/TOOLCHAIN_ARM_STD/serial_api.o(i.serial_putc)
    sleep_manager_lock_deep_sleep_internal   0x00006131   Thumb Code    50  mbed/TARGET_KL25Z/TOOLCHAIN_ARM_STD/mbed.ar(mbed_sleep_manager.o)(i.sleep_manager_lock_deep_sleep_internal)
    sleep_manager_unlock_deep_sleep_internal 0x00006199   Thumb Code    48  mbed/TARGET_KL25Z/TOOLCHAIN_ARM_STD/mbed.ar(mbed_sleep_manager.o)(i.sleep_manager_unlock_deep_sleep_internal)
    ticker_irq_handler                       0x000061f1   Thumb Code   104  mbed/TARGET_KL25Z/TOOLCHAIN_ARM_STD/mbed.ar(mbed_ticker_api.o)(i.ticker_irq_handler)
    ticker_read                              0x00006259   Thumb Code    30  mbed/TARGET_KL25Z/TOOLCHAIN_ARM_STD/mbed.ar(mbed_ticker_api.o)(i.ticker_read)
    ticker_read_us                           0x00006277   Thumb Code    34  mbed/TARGET_KL25Z/TOOLCHAIN_ARM_STD/mbed.ar(mbed_ticker_api.o)(i.ticker_read_us)
    us_ticker_clear_interrupt                0x0000639d   Thumb Code     2  mbed/TARGET_KL25Z/TOOLCHAIN_ARM_STD/us_ticker.o(i.us_ticker_clear_interrupt)
    us_ticker_disable_interrupt              0x000063a1   Thumb Code    12  mbed/TARGET_KL25Z/TOOLCHAIN_ARM_STD/us_ticker.o(i.us_ticker_disable_interrupt)
    us_ticker_fire_interrupt                 0x000063b1   Thumb Code    18  mbed/TARGET_KL25Z/TOOLCHAIN_ARM_STD/us_ticker.o(i.us_ticker_fire_interrupt)
    us_ticker_free                           0x000063cd   Thumb Code     2  mbed/TARGET_KL25Z/TOOLCHAIN_ARM_STD/us_ticker.o(i.us_ticker_free)
    us_ticker_get_info                       0x000063d1   Thumb Code     4  mbed/TARGET_KL25Z/TOOLCHAIN_ARM_STD/us_ticker.o(i.us_ticker_get_info)
    us_ticker_init                           0x000063d9   Thumb Code   402  mbed/TARGET_KL25Z/TOOLCHAIN_ARM_STD/us_ticker.o(i.us_ticker_init)
    us_ticker_irq_handler                    0x000065a9   Thumb Code    14  mbed/TARGET_KL25Z/TOOLCHAIN_ARM_STD/mbed.ar(mbed_us_ticker_api.o)(i.us_ticker_irq_handler)
    us_ticker_read                           0x000065c1   Thumb Code     8  mbed/TARGET_KL25Z/TOOLCHAIN_ARM_STD/us_ticker.o(i.us_ticker_read)
    us_ticker_set_interrupt                  0x000065cd   Thumb Code    80  mbed/TARGET_KL25Z/TOOLCHAIN_ARM_STD/us_ticker.o(i.us_ticker_set_interrupt)
    wait                                     0x0000662d   Thumb Code    40  mbed/TARGET_KL25Z/TOOLCHAIN_ARM_STD/mbed.ar(mbed_wait_api_no_rtos.o)(i.wait)
    wait_us                                  0x00006659   Thumb Code    30  mbed/TARGET_KL25Z/TOOLCHAIN_ARM_STD/mbed.ar(mbed_wait_api_no_rtos.o)(i.wait_us)
    write                                    0x00006677   Thumb Code    56  mbed/TARGET_KL25Z/TOOLCHAIN_ARM_STD/mbed_retarget.o(i.write)
    _get_lc_numeric                          0x000066b1   Thumb Code    44  C:\Keil_v5\ARM\ARMCC\Bin\..\lib\armlib\c_p.l(lc_numeric_c.o)(locale$$code)
    _get_lc_ctype                            0x000066dd   Thumb Code    44  C:\Keil_v5\ARM\ARMCC\Bin\..\lib\armlib\c_p.l(lc_ctype_c.o)(locale$$code)
    SingletonPtr<PlatformMutex>::operator ->() const 0x00006709   Thumb Code    34  mbed/TARGET_KL25Z/TOOLCHAIN_ARM_STD/mbed.ar(FileBase.o)(t._ZNK12SingletonPtrI13PlatformMutexEptEv)
    __aeabi_fmul                             0x00006735   Thumb Code     0  C:\Keil_v5\ARM\ARMCC\Bin\..\lib\armlib\fz_ps.l(fmul.o)(x$fpl$fmul)
    _fmul                                    0x00006735   Thumb Code   172  C:\Keil_v5\ARM\ARMCC\Bin\..\lib\armlib\fz_ps.l(fmul.o)(x$fpl$fmul)
    _printf_fp_dec                           0x000067e5   Thumb Code    16  C:\Keil_v5\ARM\ARMCC\Bin\..\lib\armlib\fz_ps.l(printf1.o)(x$fpl$printf1)
    _printf_fp_hex                           0x000067f5   Thumb Code    16  C:\Keil_v5\ARM\ARMCC\Bin\..\lib\armlib\fz_ps.l(printf2.o)(x$fpl$printf2)
    __I$use$fp                               0x00006804   Number         0  C:\Keil_v5\ARM\ARMCC\Bin\..\lib\armlib\fz_ps.l(usenofp.o)(x$fpl$usenofp)
    mbed_fault_context                       0x0000688c   Data           4  mbed/TARGET_KL25Z/TOOLCHAIN_ARM_STD/mbed_fault_handler.o(.constdata)
    __stdin_name                             0x00006890   Data           7  mbed/TARGET_KL25Z/TOOLCHAIN_ARM_STD/mbed_retarget.o(.constdata)
    __stdout_name                            0x00006897   Data           8  mbed/TARGET_KL25Z/TOOLCHAIN_ARM_STD/mbed_retarget.o(.constdata)
    __stderr_name                            0x0000689f   Data           8  mbed/TARGET_KL25Z/TOOLCHAIN_ARM_STD/mbed_retarget.o(.constdata)
    PinMap_I2C_SDA                           0x000068b8   Data         108  mbed/TARGET_KL25Z/TOOLCHAIN_ARM_STD/PeripheralPins.o(.constdata)
    PinMap_I2C_SCL                           0x00006924   Data          96  mbed/TARGET_KL25Z/TOOLCHAIN_ARM_STD/PeripheralPins.o(.constdata)
    PinMap_UART_TX                           0x00006984   Data         108  mbed/TARGET_KL25Z/TOOLCHAIN_ARM_STD/PeripheralPins.o(.constdata)
    PinMap_UART_RX                           0x000069f0   Data         108  mbed/TARGET_KL25Z/TOOLCHAIN_ARM_STD/PeripheralPins.o(.constdata)
    PinMap_PWM                               0x00006a5c   Data         444  mbed/TARGET_KL25Z/TOOLCHAIN_ARM_STD/PeripheralPins.o(.constdata)
    vtable for DirectSerial                  0x00006e08   Data          80  mbed/TARGET_KL25Z/TOOLCHAIN_ARM_STD/mbed_retarget.o(.constdata__ZTV12DirectSerial)
    vtable for mbed::I2C                     0x00006e58   Data          24  mbed/TARGET_KL25Z/TOOLCHAIN_ARM_STD/mbed.ar(I2C.o)(.constdata__ZTVN4mbed3I2CE)
    SingletonPtr<PlatformMutex>::get() const::string 0x00006e70   Data          20  mbed/TARGET_KL25Z/TOOLCHAIN_ARM_STD/mbed_retarget.o(.constdata__ZZNK12SingletonPtrI13PlatformMutexE3getEvEs)
    SingletonPtr<PlatformMutex>::get() const::string (instance 2) 0x00006e84   Data          83  mbed/TARGET_KL25Z/TOOLCHAIN_ARM_STD/mbed_retarget.o(.constdata__ZZNK12SingletonPtrI13PlatformMutexE3getEvEs_0)
    Region$$Table$$Base                      0x0000737c   Number         0  anon$$obj.o(Region$$Table)
    Region$$Table$$Limit                     0x0000739c   Number         0  anon$$obj.o(Region$$Table)
    __ctype                                  0x000073c5   Data           0  C:\Keil_v5\ARM\ARMCC\Bin\..\lib\armlib\c_p.l(lc_ctype_c.o)(locale$$data)
    SHT$$INIT_ARRAY$$Base                    0x000074c8   Number         0  .\build\main.o(.init_array)
    SHT$$INIT_ARRAY$$Limit                   0x000074cc   Number         0  C:\Keil_v5\ARM\ARMCC\Bin\..\lib\armlib\c_p.l(init_aeabi.o)(.init_array)
    stdio_uart_inited                        0x1ffff10c   Data           4  mbed/TARGET_KL25Z/TOOLCHAIN_ARM_STD/serial_api.o(.data)
    stdio_uart                               0x1ffff114   Data           8  mbed/TARGET_KL25Z/TOOLCHAIN_ARM_STD/serial_api.o(.data)
    SystemCoreClock                          0x1ffff11c   Data           4  mbed/TARGET_KL25Z/TOOLCHAIN_ARM_STD/system_MKL25Z4.o(.data)
    mbed::I2C::_owner                        0x1ffff168   Data           4  mbed/TARGET_KL25Z/TOOLCHAIN_ARM_STD/mbed.ar(I2C.o)(.data)
    mbed::FileBase::_head                    0x1ffff1a4   Data           4  mbed/TARGET_KL25Z/TOOLCHAIN_ARM_STD/mbed.ar(FileBase.o)(.data)
    mbed::FileBase::_default                 0x1ffff1a8   Data           4  mbed/TARGET_KL25Z/TOOLCHAIN_ARM_STD/mbed.ar(FileBase.o)(.data)
    __aeabi_stdin                            0x1ffff1ac   Data           4  C:\Keil_v5\ARM\ARMCC\Bin\..\lib\armlib\c_p.l(stdio_streams.o)(.data)
    __aeabi_stdout                           0x1ffff1b0   Data           4  C:\Keil_v5\ARM\ARMCC\Bin\..\lib\armlib\c_p.l(stdio_streams.o)(.data)
    __aeabi_stderr                           0x1ffff1b4   Data           4  C:\Keil_v5\ARM\ARMCC\Bin\..\lib\armlib\c_p.l(stdio_streams.o)(.data)
    tick                                     0x1ffff1c0   Data          32  .\build\main.o(.bss)
    fault_context                            0x1ffff1e0   Data          84  mbed/TARGET_KL25Z/TOOLCHAIN_ARM_STD/mbed_fault_handler.o(.bss)
    mbed::I2C::_mutex                        0x1ffff3e0   Data          16  mbed/TARGET_KL25Z/TOOLCHAIN_ARM_STD/mbed.ar(I2C.o)(.bss)
    mbed::FileBase::_mutex                   0x1ffff498   Data          16  mbed/TARGET_KL25Z/TOOLCHAIN_ARM_STD/mbed.ar(FileBase.o)(.bss)
    __stdin                                  0x1ffff4ac   Data          84  C:\Keil_v5\ARM\ARMCC\Bin\..\lib\armlib\c_p.l(stdio_streams.o)(.bss)
    __stdout                                 0x1ffff500   Data          84  C:\Keil_v5\ARM\ARMCC\Bin\..\lib\armlib\c_p.l(stdio_streams.o)(.bss)
    __stderr                                 0x1ffff554   Data          84  C:\Keil_v5\ARM\ARMCC\Bin\..\lib\armlib\c_p.l(stdio_streams.o)(.bss)
    Image$$RW_IRAM1$$ZI$$Limit               0x1ffff5c0   Number         0  anon$$obj.o ABSOLUTE



==============================================================================

Memory Map of the image

  Image Entry point : 0x000000c1

  Load Region LR_IROM1 (Base: 0x00000000, Size: 0x000075c8, Max: 0x00020000, ABSOLUTE)

    Execution Region ER_IROM1 (Exec base: 0x00000000, Load base: 0x00000000, Size: 0x000074cc, Max: 0x00020000, ABSOLUTE)

    Exec Addr    Load Addr    Size         Type   Attr      Idx    E Section Name        Object

    0x00000000   0x00000000   0x000000c0   Data   RO         1086    RESET               mbed/TARGET_KL25Z/TOOLCHAIN_ARM_STD/startup_MKL25Z4.o
    0x000000c0   0x000000c0   0x00000008   Code   RO         1941  * !!!main             C:\Keil_v5\ARM\ARMCC\Bin\..\lib\armlib\c_p.l(__main.o)
    0x000000c8   0x000000c8   0x0000003c   Code   RO         2504    !!!scatter          C:\Keil_v5\ARM\ARMCC\Bin\..\lib\armlib\c_p.l(__scatter.o)
    0x00000104   0x00000104   0x0000001a   Code   RO         2506    !!handler_copy      C:\Keil_v5\ARM\ARMCC\Bin\..\lib\armlib\c_p.l(__scatter_copy.o)
    0x0000011e   0x0000011e   0x00000002   PAD
    0x00000120   0x00000120   0x0000001c   Code   RO         2508    !!handler_zi        C:\Keil_v5\ARM\ARMCC\Bin\..\lib\armlib\c_p.l(__scatter_zi.o)
    0x0000013c   0x0000013c   0x00000002   Code   RO         1902    .ARM.Collect$$_printf_percent$$00000000  C:\Keil_v5\ARM\ARMCC\Bin\..\lib\armlib\c_p.l(_printf_percent.o)
    0x0000013e   0x0000013e   0x0000000a   Code   RO         2177    .ARM.Collect$$_printf_percent$$00000001  C:\Keil_v5\ARM\ARMCC\Bin\..\lib\armlib\c_p.l(_printf_n.o)
    0x00000148   0x00000148   0x0000000a   Code   RO         2179    .ARM.Collect$$_printf_percent$$00000002  C:\Keil_v5\ARM\ARMCC\Bin\..\lib\armlib\c_p.l(_printf_p.o)
    0x00000152   0x00000152   0x0000000a   Code   RO         1901    .ARM.Collect$$_printf_percent$$00000003  C:\Keil_v5\ARM\ARMCC\Bin\..\lib\armlib\c_p.l(_printf_f.o)
    0x0000015c   0x0000015c   0x0000000a   Code   RO         2184    .ARM.Collect$$_printf_percent$$00000004  C:\Keil_v5\ARM\ARMCC\Bin\..\lib\armlib\c_p.l(_printf_e.o)
    0x00000166   0x00000166   0x0000000a   Code   RO         2185    .ARM.Collect$$_printf_percent$$00000005  C:\Keil_v5\ARM\ARMCC\Bin\..\lib\armlib\c_p.l(_printf_g.o)
    0x00000170   0x00000170   0x0000000a   Code   RO         2186    .ARM.Collect$$_printf_percent$$00000006  C:\Keil_v5\ARM\ARMCC\Bin\..\lib\armlib\c_p.l(_printf_a.o)
    0x0000017a   0x0000017a   0x0000000a   Code   RO         2191    .ARM.Collect$$_printf_percent$$00000007  C:\Keil_v5\ARM\ARMCC\Bin\..\lib\armlib\c_p.l(_printf_ll.o)
    0x00000184   0x00000184   0x0000000a   Code   RO         2181    .ARM.Collect$$_printf_percent$$00000008  C:\Keil_v5\ARM\ARMCC\Bin\..\lib\armlib\c_p.l(_printf_i.o)
    0x0000018e   0x0000018e   0x0000000a   Code   RO         2182    .ARM.Collect$$_printf_percent$$00000009  C:\Keil_v5\ARM\ARMCC\Bin\..\lib\armlib\c_p.l(_printf_d.o)
    0x00000198   0x00000198   0x0000000a   Code   RO         2183    .ARM.Collect$$_printf_percent$$0000000A  C:\Keil_v5\ARM\ARMCC\Bin\..\lib\armlib\c_p.l(_printf_u.o)
    0x000001a2   0x000001a2   0x0000000a   Code   RO         2180    .ARM.Collect$$_printf_percent$$0000000B  C:\Keil_v5\ARM\ARMCC\Bin\..\lib\armlib\c_p.l(_printf_o.o)
    0x000001ac   0x000001ac   0x0000000a   Code   RO         2178    .ARM.Collect$$_printf_percent$$0000000C  C:\Keil_v5\ARM\ARMCC\Bin\..\lib\armlib\c_p.l(_printf_x.o)
    0x000001b6   0x000001b6   0x0000000a   Code   RO         2188    .ARM.Collect$$_printf_percent$$0000000D  C:\Keil_v5\ARM\ARMCC\Bin\..\lib\armlib\c_p.l(_printf_lli.o)
    0x000001c0   0x000001c0   0x0000000a   Code   RO         2189    .ARM.Collect$$_printf_percent$$0000000E  C:\Keil_v5\ARM\ARMCC\Bin\..\lib\armlib\c_p.l(_printf_lld.o)
    0x000001ca   0x000001ca   0x0000000a   Code   RO         2190    .ARM.Collect$$_printf_percent$$0000000F  C:\Keil_v5\ARM\ARMCC\Bin\..\lib\armlib\c_p.l(_printf_llu.o)
    0x000001d4   0x000001d4   0x0000000a   Code   RO         2195    .ARM.Collect$$_printf_percent$$00000010  C:\Keil_v5\ARM\ARMCC\Bin\..\lib\armlib\c_p.l(_printf_llo.o)
    0x000001de   0x000001de   0x0000000a   Code   RO         2196    .ARM.Collect$$_printf_percent$$00000011  C:\Keil_v5\ARM\ARMCC\Bin\..\lib\armlib\c_p.l(_printf_llx.o)
    0x000001e8   0x000001e8   0x0000000a   Code   RO         2192    .ARM.Collect$$_printf_percent$$00000012  C:\Keil_v5\ARM\ARMCC\Bin\..\lib\armlib\c_p.l(_printf_l.o)
    0x000001f2   0x000001f2   0x0000000a   Code   RO         2175    .ARM.Collect$$_printf_percent$$00000013  C:\Keil_v5\ARM\ARMCC\Bin\..\lib\armlib\c_p.l(_printf_c.o)
    0x000001fc   0x000001fc   0x0000000a   Code   RO         2176    .ARM.Collect$$_printf_percent$$00000014  C:\Keil_v5\ARM\ARMCC\Bin\..\lib\armlib\c_p.l(_printf_s.o)
    0x00000206   0x00000206   0x0000000a   Code   RO         2193    .ARM.Collect$$_printf_percent$$00000015  C:\Keil_v5\ARM\ARMCC\Bin\..\lib\armlib\c_p.l(_printf_lc.o)
    0x00000210   0x00000210   0x0000000a   Code   RO         2194    .ARM.Collect$$_printf_percent$$00000016  C:\Keil_v5\ARM\ARMCC\Bin\..\lib\armlib\c_p.l(_printf_ls.o)
    0x0000021a   0x0000021a   0x00000004   Code   RO         2187    .ARM.Collect$$_printf_percent$$00000017  C:\Keil_v5\ARM\ARMCC\Bin\..\lib\armlib\c_p.l(_printf_percent_end.o)
    0x0000021e   0x0000021e   0x00000002   Code   RO         2455    .ARM.Collect$$libinit$$00000000  C:\Keil_v5\ARM\ARMCC\Bin\..\lib\armlib\c_p.l(libinit.o)
    0x00000220   0x00000220   0x00000000   Code   RO         2225    .ARM.Collect$$libinit$$00000002  C:\Keil_v5\ARM\ARMCC\Bin\..\lib\armlib\c_p.l(libinit2.o)
    0x00000220   0x00000220   0x00000000   Code   RO         2227    .ARM.Collect$$libinit$$00000004  C:\Keil_v5\ARM\ARMCC\Bin\..\lib\armlib\c_p.l(libinit2.o)
    0x00000220   0x00000220   0x00000008   Code   RO         2228    .ARM.Collect$$libinit$$00000005  C:\Keil_v5\ARM\ARMCC\Bin\..\lib\armlib\c_p.l(libinit2.o)
    0x00000228   0x00000228   0x00000000   Code   RO         2230    .ARM.Collect$$libinit$$0000000A  C:\Keil_v5\ARM\ARMCC\Bin\..\lib\armlib\c_p.l(libinit2.o)
    0x00000228   0x00000228   0x00000000   Code   RO         2232    .ARM.Collect$$libinit$$0000000C  C:\Keil_v5\ARM\ARMCC\Bin\..\lib\armlib\c_p.l(libinit2.o)
    0x00000228   0x00000228   0x00000000   Code   RO         2234    .ARM.Collect$$libinit$$0000000E  C:\Keil_v5\ARM\ARMCC\Bin\..\lib\armlib\c_p.l(libinit2.o)
    0x00000228   0x00000228   0x00000006   Code   RO         2235    .ARM.Collect$$libinit$$0000000F  C:\Keil_v5\ARM\ARMCC\Bin\..\lib\armlib\c_p.l(libinit2.o)
    0x0000022e   0x0000022e   0x00000000   Code   RO         2237    .ARM.Collect$$libinit$$00000011  C:\Keil_v5\ARM\ARMCC\Bin\..\lib\armlib\c_p.l(libinit2.o)
    0x0000022e   0x0000022e   0x0000000c   Code   RO         2238    .ARM.Collect$$libinit$$00000012  C:\Keil_v5\ARM\ARMCC\Bin\..\lib\armlib\c_p.l(libinit2.o)
    0x0000023a   0x0000023a   0x00000000   Code   RO         2239    .ARM.Collect$$libinit$$00000013  C:\Keil_v5\ARM\ARMCC\Bin\..\lib\armlib\c_p.l(libinit2.o)
    0x0000023a   0x0000023a   0x00000000   Code   RO         2241    .ARM.Collect$$libinit$$00000015  C:\Keil_v5\ARM\ARMCC\Bin\..\lib\armlib\c_p.l(libinit2.o)
    0x0000023a   0x0000023a   0x0000000a   Code   RO         2242    .ARM.Collect$$libinit$$00000016  C:\Keil_v5\ARM\ARMCC\Bin\..\lib\armlib\c_p.l(libinit2.o)
    0x00000244   0x00000244   0x00000000   Code   RO         2243    .ARM.Collect$$libinit$$00000017  C:\Keil_v5\ARM\ARMCC\Bin\..\lib\armlib\c_p.l(libinit2.o)
    0x00000244   0x00000244   0x00000000   Code   RO         2245    .ARM.Collect$$libinit$$00000019  C:\Keil_v5\ARM\ARMCC\Bin\..\lib\armlib\c_p.l(libinit2.o)
    0x00000244   0x00000244   0x00000000   Code   RO         2247    .ARM.Collect$$libinit$$0000001B  C:\Keil_v5\ARM\ARMCC\Bin\..\lib\armlib\c_p.l(libinit2.o)
    0x00000244   0x00000244   0x00000000   Code   RO         2249    .ARM.Collect$$libinit$$0000001D  C:\Keil_v5\ARM\ARMCC\Bin\..\lib\armlib\c_p.l(libinit2.o)
    0x00000244   0x00000244   0x00000000   Code   RO         2251    .ARM.Collect$$libinit$$0000001F  C:\Keil_v5\ARM\ARMCC\Bin\..\lib\armlib\c_p.l(libinit2.o)
    0x00000244   0x00000244   0x00000000   Code   RO         2253    .ARM.Collect$$libinit$$00000021  C:\Keil_v5\ARM\ARMCC\Bin\..\lib\armlib\c_p.l(libinit2.o)
    0x00000244   0x00000244   0x00000000   Code   RO         2255    .ARM.Collect$$libinit$$00000023  C:\Keil_v5\ARM\ARMCC\Bin\..\lib\armlib\c_p.l(libinit2.o)
    0x00000244   0x00000244   0x00000004   Code   RO         2256    .ARM.Collect$$libinit$$00000024  C:\Keil_v5\ARM\ARMCC\Bin\..\lib\armlib\c_p.l(libinit2.o)
    0x00000248   0x00000248   0x00000000   Code   RO         2257    .ARM.Collect$$libinit$$00000025  C:\Keil_v5\ARM\ARMCC\Bin\..\lib\armlib\c_p.l(libinit2.o)
    0x00000248   0x00000248   0x00000000   Code   RO         2261    .ARM.Collect$$libinit$$0000002C  C:\Keil_v5\ARM\ARMCC\Bin\..\lib\armlib\c_p.l(libinit2.o)
    0x00000248   0x00000248   0x00000000   Code   RO         2263    .ARM.Collect$$libinit$$0000002E  C:\Keil_v5\ARM\ARMCC\Bin\..\lib\armlib\c_p.l(libinit2.o)
    0x00000248   0x00000248   0x00000000   Code   RO         2265    .ARM.Collect$$libinit$$00000030  C:\Keil_v5\ARM\ARMCC\Bin\..\lib\armlib\c_p.l(libinit2.o)
    0x00000248   0x00000248   0x00000004   Code   RO         2266    .ARM.Collect$$libinit$$00000031  C:\Keil_v5\ARM\ARMCC\Bin\..\lib\armlib\c_p.l(libinit2.o)
    0x0000024c   0x0000024c   0x00000000   Code   RO         2267    .ARM.Collect$$libinit$$00000032  C:\Keil_v5\ARM\ARMCC\Bin\..\lib\armlib\c_p.l(libinit2.o)
    0x0000024c   0x0000024c   0x00000002   Code   RO         2268    .ARM.Collect$$libinit$$00000033  C:\Keil_v5\ARM\ARMCC\Bin\..\lib\armlib\c_p.l(libinit2.o)
    0x0000024e   0x0000024e   0x00000000   Code   RO         2389    .ARM.Collect$$libshutdown$$00000004  C:\Keil_v5\ARM\ARMCC\Bin\..\lib\armlib\c_p.l(libshutdown2.o)
    0x0000024e   0x0000024e   0x00000000   Code   RO         2089    .ARM.Collect$$rtentry$$00000000  C:\Keil_v5\ARM\ARMCC\Bin\..\lib\armlib\c_p.l(__rtentry.o)
    0x0000024e   0x0000024e   0x00000000   Code   RO         2290    .ARM.Collect$$rtentry$$00000002  C:\Keil_v5\ARM\ARMCC\Bin\..\lib\armlib\c_p.l(__rtentry2.o)
    0x0000024e   0x0000024e   0x00000006   Code   RO         2302    .ARM.Collect$$rtentry$$00000004  C:\Keil_v5\ARM\ARMCC\Bin\..\lib\armlib\c_p.l(__rtentry4.o)
    0x00000254   0x00000254   0x00000008   Code   RO         2291    .ARM.Collect$$rtentry$$00000008  C:\Keil_v5\ARM\ARMCC\Bin\..\lib\armlib\c_p.l(__rtentry2.o)
    0x0000025c   0x0000025c   0x00000004   Code   RO         2293    .ARM.Collect$$rtentry$$0000000A  C:\Keil_v5\ARM\ARMCC\Bin\..\lib\armlib\c_p.l(__rtentry2.o)
    0x00000260   0x00000260   0x00000000   Code   RO         2295    .ARM.Collect$$rtentry$$0000000C  C:\Keil_v5\ARM\ARMCC\Bin\..\lib\armlib\c_p.l(__rtentry2.o)
    0x00000260   0x00000260   0x00000008   Code   RO         2296    .ARM.Collect$$rtentry$$0000000D  C:\Keil_v5\ARM\ARMCC\Bin\..\lib\armlib\c_p.l(__rtentry2.o)
    0x00000268   0x00000268   0x00000038   Code   RO         1929    .emb_text           C:\Keil_v5\ARM\ARMCC\Bin\..\lib\armlib\c_p.l(rt_memcpy.o)
    0x000002a0   0x000002a0   0x00000000   Code   RO         2315    .emb_text           C:\Keil_v5\ARM\ARMCC\Bin\..\lib\armlib\c_p.l(maybetermalloc1.o)
    0x000002a0   0x000002a0   0x000000d0   Code   RO          503    .text               mbed/TARGET_KL25Z/TOOLCHAIN_ARM_STD/except.o
    0x00000370   0x00000370   0x0000001c   Code   RO         1088    .text               mbed/TARGET_KL25Z/TOOLCHAIN_ARM_STD/startup_MKL25Z4.o
    0x0000038c   0x0000038c   0x00000008   Code   RO         1798    .text               C:\Keil_v5\ARM\ARMCC\Bin\..\lib\armlib\c_p.l(rt_errno_addr.o)
    0x00000394   0x00000394   0x00000062   Code   RO         1807    .text               C:\Keil_v5\ARM\ARMCC\Bin\..\lib\armlib\c_p.l(h1_alloc.o)
    0x000003f6   0x000003f6   0x00000002   PAD
    0x000003f8   0x000003f8   0x00000008   Code   RO         2098    .text               C:\Keil_v5\ARM\ARMCC\Bin\..\lib\armlib\c_p.l(rt_heap_descriptor.o)
    0x00000400   0x00000400   0x00000010   Code   RO         1087    .ARM.__at_0x400     mbed/TARGET_KL25Z/TOOLCHAIN_ARM_STD/startup_MKL25Z4.o
    0x00000410   0x00000410   0x0000004c   Code   RO         1809    .text               C:\Keil_v5\ARM\ARMCC\Bin\..\lib\armlib\c_p.l(h1_free.o)
    0x0000045c   0x0000045c   0x00000020   Code   RO         1865    .text               C:\Keil_v5\ARM\ARMCC\Bin\..\lib\armlib\c_p.l(llshl.o)
    0x0000047c   0x0000047c   0x00000022   Code   RO         1867    .text               C:\Keil_v5\ARM\ARMCC\Bin\..\lib\armlib\c_p.l(llushr.o)
    0x0000049e   0x0000049e   0x00000030   Code   RO         1869    .text               C:\Keil_v5\ARM\ARMCC\Bin\..\lib\armlib\c_p.l(llmul.o)
    0x000004ce   0x000004ce   0x00000102   Code   RO         1871    .text               C:\Keil_v5\ARM\ARMCC\Bin\..\lib\armlib\c_p.l(lludiv.o)
    0x000005d0   0x000005d0   0x00000038   Code   RO         1873    .text               C:\Keil_v5\ARM\ARMCC\Bin\..\lib\armlib\c_p.l(vsnprintf.o)
    0x00000608   0x00000608   0x0000001c   Code   RO         1875    .text               C:\Keil_v5\ARM\ARMCC\Bin\..\lib\armlib\c_p.l(__2printf.o)
    0x00000624   0x00000624   0x00000188   Code   RO         1898    .text               C:\Keil_v5\ARM\ARMCC\Bin\..\lib\armlib\c_p.l(__printf_flags_ss_wp.o)
    0x000007ac   0x000007ac   0x00000068   Code   RO         1907    .text               C:\Keil_v5\ARM\ARMCC\Bin\..\lib\armlib\c_p.l(fflush.o)
    0x00000814   0x00000814   0x000000e8   Code   RO         1909    .text               C:\Keil_v5\ARM\ARMCC\Bin\..\lib\armlib\c_p.l(fopen.o)
    0x000008fc   0x000008fc   0x00000020   Code   RO         1923    .text               C:\Keil_v5\ARM\ARMCC\Bin\..\lib\armlib\c_p.l(strspn.o)
    0x0000091c   0x0000091c   0x0000005a   Code   RO         1925    .text               C:\Keil_v5\ARM\ARMCC\Bin\..\lib\armlib\c_p.l(memcmp.o)
    0x00000976   0x00000976   0x00000002   PAD
    0x00000978   0x00000978   0x00000044   Code   RO         1927    .text               C:\Keil_v5\ARM\ARMCC\Bin\..\lib\armlib\c_p.l(strlen.o)
    0x000009bc   0x000009bc   0x00000040   Code   RO         1933    .text               C:\Keil_v5\ARM\ARMCC\Bin\..\lib\armlib\c_p.l(rt_memclr.o)
    0x000009fc   0x000009fc   0x000000a0   Code   RO         1935    .text               C:\Keil_v5\ARM\ARMCC\Bin\..\lib\armlib\c_p.l(strcmpv6m.o)
    0x00000a9c   0x00000a9c   0x000001e8   Code   RO         1937    .text               C:\Keil_v5\ARM\ARMCC\Bin\..\lib\armlib\c_p.l(aeabi_sdivfast.o)
    0x00000c84   0x00000c84   0x00000024   Code   RO         1946    .text               C:\Keil_v5\ARM\ARMCC\Bin\..\lib\armlib\c_p.l(init_aeabi.o)
    0x00000ca8   0x00000ca8   0x0000007c   Code   RO         2058    .text               C:\Keil_v5\ARM\ARMCC\Bin\..\lib\armlib\fz_ps.l(d2f.o)
    0x00000d24   0x00000d24   0x00000358   Code   RO         2060    .text               C:\Keil_v5\ARM\ARMCC\Bin\..\lib\armlib\fz_ps.l(daddsub.o)
    0x0000107c   0x0000107c   0x00000448   Code   RO         2062    .text               C:\Keil_v5\ARM\ARMCC\Bin\..\lib\armlib\fz_ps.l(ddiv.o)
    0x000014c4   0x000014c4   0x00000054   Code   RO         2065    .text               C:\Keil_v5\ARM\ARMCC\Bin\..\lib\armlib\fz_ps.l(f2d.o)
    0x00001518   0x00001518   0x00000160   Code   RO         2067    .text               C:\Keil_v5\ARM\ARMCC\Bin\..\lib\armlib\fz_ps.l(fdiv.o)
    0x00001678   0x00001678   0x0000004c   Code   RO         2070    .text               C:\Keil_v5\ARM\ARMCC\Bin\..\lib\armlib\fz_ps.l(ffixi.o)
    0x000016c4   0x000016c4   0x00000030   Code   RO         2072    .text               C:\Keil_v5\ARM\ARMCC\Bin\..\lib\armlib\fz_ps.l(ffixui.o)
    0x000016f4   0x000016f4   0x0000005e   Code   RO         2074    .text               C:\Keil_v5\ARM\ARMCC\Bin\..\lib\armlib\fz_ps.l(fflti.o)
    0x00001752   0x00001752   0x00000082   Code   RO         2076    .text               C:\Keil_v5\ARM\ARMCC\Bin\..\lib\armlib\fz_ps.l(ffltl.o)
    0x000017d4   0x000017d4   0x00000044   Code   RO         2080    .text               C:\Keil_v5\ARM\ARMCC\Bin\..\lib\armlib\fz_ps.l(fscalbn.o)
    0x00001818   0x00001818   0x00000004   Code   RO         2103    .text               C:\Keil_v5\ARM\ARMCC\Bin\..\lib\armlib\c_p.l(hguard.o)
    0x0000181c   0x0000181c   0x00000088   Code   RO         2105    .text               C:\Keil_v5\ARM\ARMCC\Bin\..\lib\armlib\c_p.l(init_alloc.o)
    0x000018a4   0x000018a4   0x0000000e   Code   RO         2109    .text               C:\Keil_v5\ARM\ARMCC\Bin\..\lib\armlib\c_p.l(h1_init.o)
    0x000018b2   0x000018b2   0x0000004e   Code   RO         2123    .text               C:\Keil_v5\ARM\ARMCC\Bin\..\lib\armlib\c_p.l(_printf_pad.o)
    0x00001900   0x00001900   0x00000024   Code   RO         2125    .text               C:\Keil_v5\ARM\ARMCC\Bin\..\lib\armlib\c_p.l(_printf_truncate.o)
    0x00001924   0x00001924   0x00000052   Code   RO         2127    .text               C:\Keil_v5\ARM\ARMCC\Bin\..\lib\armlib\c_p.l(_printf_str.o)
    0x00001976   0x00001976   0x00000002   PAD
    0x00001978   0x00001978   0x0000006c   Code   RO         2129    .text               C:\Keil_v5\ARM\ARMCC\Bin\..\lib\armlib\c_p.l(_printf_dec.o)
    0x000019e4   0x000019e4   0x00000026   Code   RO         2131    .text               C:\Keil_v5\ARM\ARMCC\Bin\..\lib\armlib\c_p.l(_printf_charcount.o)
    0x00001a0a   0x00001a0a   0x00000002   PAD
    0x00001a0c   0x00001a0c   0x00000418   Code   RO         2133    .text               C:\Keil_v5\ARM\ARMCC\Bin\..\lib\armlib\c_p.l(_printf_fp_dec.o)
    0x00001e24   0x00001e24   0x00000030   Code   RO         2135    .text               C:\Keil_v5\ARM\ARMCC\Bin\..\lib\armlib\c_p.l(_printf_char_common.o)
    0x00001e54   0x00001e54   0x0000000a   Code   RO         2137    .text               C:\Keil_v5\ARM\ARMCC\Bin\..\lib\armlib\c_p.l(_sputc.o)
    0x00001e5e   0x00001e5e   0x00000010   Code   RO         2139    .text               C:\Keil_v5\ARM\ARMCC\Bin\..\lib\armlib\c_p.l(_snputc.o)
    0x00001e6e   0x00001e6e   0x00000002   PAD
    0x00001e70   0x00001e70   0x00000028   Code   RO         2141    .text               C:\Keil_v5\ARM\ARMCC\Bin\..\lib\armlib\c_p.l(_printf_char_file.o)
    0x00001e98   0x00001e98   0x000000bc   Code   RO         2143    .text               C:\Keil_v5\ARM\ARMCC\Bin\..\lib\armlib\c_p.l(_printf_wctomb.o)
    0x00001f54   0x00001f54   0x00000070   Code   RO         2146    .text               C:\Keil_v5\ARM\ARMCC\Bin\..\lib\armlib\c_p.l(_printf_longlong_dec.o)
    0x00001fc4   0x00001fc4   0x00000070   Code   RO         2152    .text               C:\Keil_v5\ARM\ARMCC\Bin\..\lib\armlib\c_p.l(_printf_oct_int_ll.o)
    0x00002034   0x00002034   0x00000098   Code   RO         2172    .text               C:\Keil_v5\ARM\ARMCC\Bin\..\lib\armlib\c_p.l(_printf_hex_int_ll_ptr.o)
    0x000020cc   0x000020cc   0x000000f4   Code   RO         2203    .text               C:\Keil_v5\ARM\ARMCC\Bin\..\lib\armlib\c_p.l(fseek.o)
    0x000021c0   0x000021c0   0x0000004c   Code   RO         2205    .text               C:\Keil_v5\ARM\ARMCC\Bin\..\lib\armlib\c_p.l(setvbuf.o)
    0x0000220c   0x0000220c   0x000000f0   Code   RO         2207    .text               C:\Keil_v5\ARM\ARMCC\Bin\..\lib\armlib\c_p.l(stdio.o)
    0x000022fc   0x000022fc   0x0000013c   Code   RO         2210    .text               C:\Keil_v5\ARM\ARMCC\Bin\..\lib\armlib\c_p.l(initio.o)
    0x00002438   0x00002438   0x0000004c   Code   RO         2212    .text               C:\Keil_v5\ARM\ARMCC\Bin\..\lib\armlib\c_p.l(fclose.o)
    0x00002484   0x00002484   0x00000008   Code   RO         2308    .text               C:\Keil_v5\ARM\ARMCC\Bin\..\lib\armlib\c_p.l(rt_locale.o)
    0x0000248c   0x0000248c   0x00000034   Code   RO         2317    .text               C:\Keil_v5\ARM\ARMCC\Bin\..\lib\armlib\c_p.l(h1_extend.o)
    0x000024c0   0x000024c0   0x0000007a   Code   RO         2321    .text               C:\Keil_v5\ARM\ARMCC\Bin\..\lib\armlib\c_p.l(lludiv10.o)
    0x0000253a   0x0000253a   0x000000b0   Code   RO         2325    .text               C:\Keil_v5\ARM\ARMCC\Bin\..\lib\armlib\c_p.l(_printf_intcommon.o)
    0x000025ea   0x000025ea   0x00000002   PAD
    0x000025ec   0x000025ec   0x000002d8   Code   RO         2327    .text               C:\Keil_v5\ARM\ARMCC\Bin\..\lib\armlib\c_p.l(_printf_fp_hex.o)
    0x000028c4   0x000028c4   0x00000088   Code   RO         2330    .text               C:\Keil_v5\ARM\ARMCC\Bin\..\lib\armlib\c_p.l(_printf_fp_infnan.o)
    0x0000294c   0x0000294c   0x0000002e   Code   RO         2334    .text               C:\Keil_v5\ARM\ARMCC\Bin\..\lib\armlib\c_p.l(_printf_char.o)
    0x0000297a   0x0000297a   0x0000002e   Code   RO         2336    .text               C:\Keil_v5\ARM\ARMCC\Bin\..\lib\armlib\c_p.l(_printf_wchar.o)
    0x000029a8   0x000029a8   0x000000d8   Code   RO         2340    .text               C:\Keil_v5\ARM\ARMCC\Bin\..\lib\armlib\c_p.l(bigflt0.o)
    0x00002a80   0x00002a80   0x00000580   Code   RO         2343    .text               C:\Keil_v5\ARM\ARMCC\Bin\..\lib\armlib\c_p.l(btod.o)
    0x00003000   0x00003000   0x00000008   Code   RO         2348    .text               C:\Keil_v5\ARM\ARMCC\Bin\..\lib\armlib\c_p.l(ferror.o)
    0x00003008   0x00003008   0x00000042   Code   RO         2354    .text               C:\Keil_v5\ARM\ARMCC\Bin\..\lib\armlib\c_p.l(ftell.o)
    0x0000304a   0x0000304a   0x00000040   Code   RO         2360    .text               C:\Keil_v5\ARM\ARMCC\Bin\..\lib\armlib\c_p.l(_wcrtomb.o)
    0x0000308a   0x0000308a   0x0000000c   Code   RO         2365    .text               C:\Keil_v5\ARM\ARMCC\Bin\..\lib\armlib\c_p.l(defsig_exit.o)
    0x00003096   0x00003096   0x0000000c   Code   RO         2367    .text               C:\Keil_v5\ARM\ARMCC\Bin\..\lib\armlib\c_p.l(defsig_rtred_outer.o)
    0x000030a2   0x000030a2   0x0000000c   Code   RO         2371    .text               C:\Keil_v5\ARM\ARMCC\Bin\..\lib\armlib\c_p.l(defsig_rtmem_outer.o)
    0x000030ae   0x000030ae   0x00000028   Code   RO         2377    .text               C:\Keil_v5\ARM\ARMCC\Bin\..\lib\armlib\c_p.l(rtudiv10.o)
    0x000030d6   0x000030d6   0x00000002   PAD
    0x000030d8   0x000030d8   0x00000050   Code   RO         2379    .text               C:\Keil_v5\ARM\ARMCC\Bin\..\lib\armlib\c_p.l(heapauxa.o)
    0x00003128   0x00003128   0x0000000c   Code   RO         2421    .text               C:\Keil_v5\ARM\ARMCC\Bin\..\lib\armlib\c_p.l(sys_exit.o)
    0x00003134   0x00003134   0x00000010   Code   RO         2423    .text               C:\Keil_v5\ARM\ARMCC\Bin\..\lib\armlib\c_p.l(rt_ctype_table.o)
    0x00003144   0x00003144   0x000001f0   Code   RO         2432    .text               C:\Keil_v5\ARM\ARMCC\Bin\..\lib\armlib\c_p.l(flsbuf.o)
    0x00003334   0x00003334   0x00000034   Code   RO         2438    .text               C:\Keil_v5\ARM\ARMCC\Bin\..\lib\armlib\c_p.l(defsig_general.o)
    0x00003368   0x00003368   0x00000034   Code   RO         2444    .text               C:\Keil_v5\ARM\ARMCC\Bin\..\lib\armlib\c_p.l(defsig_rtred_inner.o)
    0x0000339c   0x0000339c   0x00000050   Code   RO         2446    .text               C:\Keil_v5\ARM\ARMCC\Bin\..\lib\armlib\c_p.l(defsig_rtmem_inner.o)
    0x000033ec   0x000033ec   0x0000000c   Code   RO         2461    .text               C:\Keil_v5\ARM\ARMCC\Bin\..\lib\armlib\c_p.l(sys_wrch.o)
    0x000033f8   0x000033f8   0x00000002   Code   RO         2463    .text               C:\Keil_v5\ARM\ARMCC\Bin\..\lib\armlib\c_p.l(use_no_semi.o)
    0x000033fa   0x000033fa   0x00000000   Code   RO         2465    .text               C:\Keil_v5\ARM\ARMCC\Bin\..\lib\armlib\c_p.l(indicate_semi.o)
    0x000033fa   0x000033fa   0x0000000c   Code   RO          933    i.$Sub$$main        mbed/TARGET_KL25Z/TOOLCHAIN_ARM_STD/mbed_sdk_boot.o
    0x00003406   0x00003406   0x00000010   Code   RO          611    i.NMI_Handler       mbed/TARGET_KL25Z/TOOLCHAIN_ARM_STD/mbed_overrides.o
    0x00003416   0x00003416   0x00000002   PAD
    0x00003418   0x00003418   0x00000098   Code   RO         1093    i.SystemInit        mbed/TARGET_KL25Z/TOOLCHAIN_ARM_STD/system_MKL25Z4.o
    0x000034b0   0x000034b0   0x000000a4   Code   RO         1282    i._Z15changeElectrodev  .\build\tsisensor.o
    0x00003554   0x00003554   0x00000090   Code   RO          618    i._Z18reserve_filehandlev  mbed/TARGET_KL25Z/TOOLCHAIN_ARM_STD/mbed_retarget.o
    0x000035e4   0x000035e4   0x0000009c   Code   RO          619    i._Z7get_fhci       mbed/TARGET_KL25Z/TOOLCHAIN_ARM_STD/mbed_retarget.o
    0x00003680   0x00003680   0x00000024   Code   RO         1283    i._Z7tsi_irqv       .\build\tsisensor.o
    0x000036a4   0x000036a4   0x00000006   Code   RO          862    i._ZN12DirectSerial4seekEli  mbed/TARGET_KL25Z/TOOLCHAIN_ARM_STD/mbed_retarget.o
    0x000036aa   0x000036aa   0x00000006   Code   RO          865    i._ZN12DirectSerial4sizeEv  mbed/TARGET_KL25Z/TOOLCHAIN_ARM_STD/mbed_retarget.o
    0x000036b0   0x000036b0   0x00000004   Code   RO          871    i._ZN12DirectSerial5closeEv  mbed/TARGET_KL25Z/TOOLCHAIN_ARM_STD/mbed_retarget.o
    0x000036b4   0x000036b4   0x00000024   Code   RO          621    i._ZN12DirectSerial5writeEPKvj  mbed/TARGET_KL25Z/TOOLCHAIN_ARM_STD/mbed_retarget.o
    0x000036d8   0x000036d8   0x00000004   Code   RO          868    i._ZN12DirectSerial6isattyEv  mbed/TARGET_KL25Z/TOOLCHAIN_ARM_STD/mbed_retarget.o
    0x000036dc   0x000036dc   0x00000002   Code   RO          856    i._ZN12DirectSerialD1Ev  mbed/TARGET_KL25Z/TOOLCHAIN_ARM_STD/mbed_retarget.o
    0x000036de   0x000036de   0x00000004   Code   RO          892    i._ZN4mbed10FileHandle4syncEv  mbed/TARGET_KL25Z/TOOLCHAIN_ARM_STD/mbed_retarget.o
    0x000036e2   0x000036e2   0x00000002   PAD
    0x000036e4   0x000036e4   0x00000030   Code   RO         1350    i._ZN4mbed3I2C4lockEv  mbed/TARGET_KL25Z/TOOLCHAIN_ARM_STD/mbed.ar(I2C.o)
    0x00003714   0x00003714   0x00000064   Code   RO         1352    i._ZN4mbed3I2C4readEiPcib  mbed/TARGET_KL25Z/TOOLCHAIN_ARM_STD/mbed.ar(I2C.o)
    0x00003778   0x00003778   0x00000064   Code   RO         1356    i._ZN4mbed3I2C5writeEiPKcib  mbed/TARGET_KL25Z/TOOLCHAIN_ARM_STD/mbed.ar(I2C.o)
    0x000037dc   0x000037dc   0x00000030   Code   RO         1358    i._ZN4mbed3I2C6unlockEv  mbed/TARGET_KL25Z/TOOLCHAIN_ARM_STD/mbed.ar(I2C.o)
    0x0000380c   0x0000380c   0x00000200   Code   RO         1359    i._ZN4mbed3I2C7recoverE7PinNameS1_  mbed/TARGET_KL25Z/TOOLCHAIN_ARM_STD/mbed.ar(I2C.o)
    0x00003a0c   0x00003a0c   0x00000078   Code   RO         1361    i._ZN4mbed3I2CC1E7PinNameS1_  mbed/TARGET_KL25Z/TOOLCHAIN_ARM_STD/mbed.ar(I2C.o)
    0x00003a84   0x00003a84   0x0000004c   Code   RO         1413    i._ZN4mbed5Timer4readEv  mbed/TARGET_KL25Z/TOOLCHAIN_ARM_STD/mbed.ar(Timer.o)
    0x00003ad0   0x00003ad0   0x00000050   Code   RO         1414    i._ZN4mbed5Timer4stopEv  mbed/TARGET_KL25Z/TOOLCHAIN_ARM_STD/mbed.ar(Timer.o)
    0x00003b20   0x00003b20   0x0000002c   Code   RO         1416    i._ZN4mbed5Timer5startEv  mbed/TARGET_KL25Z/TOOLCHAIN_ARM_STD/mbed.ar(Timer.o)
    0x00003b4c   0x00003b4c   0x00000036   Code   RO         1421    i._ZN4mbed5TimerC1Ev  mbed/TARGET_KL25Z/TOOLCHAIN_ARM_STD/mbed.ar(Timer.o)
    0x00003b82   0x00003b82   0x00000024   Code   RO         1422    i._ZN4mbed5TimerD1Ev  mbed/TARGET_KL25Z/TOOLCHAIN_ARM_STD/mbed.ar(Timer.o)
    0x00003ba6   0x00003ba6   0x0000001e   Code   RO           33    i._ZN4mbed6PwmOutC1E7PinName  .\build\main.o
    0x00003bc4   0x00003bc4   0x00000032   Code   RO           27    i._ZN4mbed6PwmOutaSEf  .\build\main.o
    0x00003bf6   0x00003bf6   0x00000002   PAD
    0x00003bf8   0x00003bf8   0x0000009c   Code   RO         1762    i._ZN4mbed8FileBase6lookupEPKcj  mbed/TARGET_KL25Z/TOOLCHAIN_ARM_STD/mbed.ar(FileBase.o)
    0x00003c94   0x00003c94   0x00000020   Code   RO         1554    i._ZN4mbed8FilePath10fileSystemEv  mbed/TARGET_KL25Z/TOOLCHAIN_ARM_STD/mbed.ar(FilePath.o)
    0x00003cb4   0x00003cb4   0x00000020   Code   RO         1556    i._ZN4mbed8FilePath4fileEv  mbed/TARGET_KL25Z/TOOLCHAIN_ARM_STD/mbed.ar(FilePath.o)
    0x00003cd4   0x00003cd4   0x0000000a   Code   RO         1557    i._ZN4mbed8FilePath6existsEv  mbed/TARGET_KL25Z/TOOLCHAIN_ARM_STD/mbed.ar(FilePath.o)
    0x00003cde   0x00003cde   0x00000018   Code   RO         1558    i._ZN4mbed8FilePath6isFileEv  mbed/TARGET_KL25Z/TOOLCHAIN_ARM_STD/mbed.ar(FilePath.o)
    0x00003cf6   0x00003cf6   0x00000002   PAD
    0x00003cf8   0x00003cf8   0x00000060   Code   RO         1560    i._ZN4mbed8FilePathC1EPKc  mbed/TARGET_KL25Z/TOOLCHAIN_ARM_STD/mbed.ar(FilePath.o)
    0x00003d58   0x00003d58   0x00000038   Code   RO         1125    i._ZN8MMA8451Q10getAccAxisEh  .\build\mma8451q.o
    0x00003d90   0x00003d90   0x00000030   Code   RO         1127    i._ZN8MMA8451Q7getAccXEv  .\build\mma8451q.o
    0x00003dc0   0x00003dc0   0x00000030   Code   RO         1128    i._ZN8MMA8451Q7getAccYEv  .\build\mma8451q.o
    0x00003df0   0x00003df0   0x00000030   Code   RO         1129    i._ZN8MMA8451Q7getAccZEv  .\build\mma8451q.o
    0x00003e20   0x00003e20   0x00000030   Code   RO         1130    i._ZN8MMA8451Q8readRegsEiPhi  .\build\mma8451q.o
    0x00003e50   0x00003e50   0x0000001a   Code   RO         1132    i._ZN8MMA8451Q9writeRegsEPhi  .\build\mma8451q.o
    0x00003e6a   0x00003e6a   0x00000002   PAD
    0x00003e6c   0x00003e6c   0x00000030   Code   RO         1133    i._ZN8MMA8451QC1E7PinNameS0_i  .\build\mma8451q.o
    0x00003e9c   0x00003e9c   0x000000f0   Code   RO         1284    i._ZN9TSISensor10sliderReadEv  .\build\tsisensor.o
    0x00003f8c   0x00003f8c   0x00000034   Code   RO         1286    i._ZN9TSISensor14readPercentageEv  .\build\tsisensor.o
    0x00003fc0   0x00003fc0   0x00000108   Code   RO         1287    i._ZN9TSISensor15selfCalibrationEv  .\build\tsisensor.o
    0x000040c8   0x000040c8   0x00000080   Code   RO         1288    i._ZN9TSISensorC1Ev  .\build\tsisensor.o
    0x00004148   0x00004148   0x0000000a   Code   RO           39    i._ZSt3absf         .\build\main.o
    0x00004152   0x00004152   0x00000030   Code   RO         2346    i.__ARM_common_ll_muluu  C:\Keil_v5\ARM\ARMCC\Bin\..\lib\armlib\c_p.l(btod.o)
    0x00004182   0x00004182   0x00000016   Code   RO          594    i.__ARM_common_memcpy1_5  mbed/TARGET_KL25Z/TOOLCHAIN_ARM_STD/mbed_board.o
    0x00004198   0x00004198   0x0000002c   Code   RO         2419    i.__ARM_fpclassify  C:\Keil_v5\ARM\ARMCC\Bin\..\lib\armlib\m_ps.l(fpclassify.o)
    0x000041c4   0x000041c4   0x00000058   Code   RO          642    i.__cxa_guard_acquire  mbed/TARGET_KL25Z/TOOLCHAIN_ARM_STD/mbed_retarget.o
    0x0000421c   0x0000421c   0x00000068   Code   RO          643    i.__cxa_guard_release  mbed/TARGET_KL25Z/TOOLCHAIN_ARM_STD/mbed_retarget.o
    0x00004284   0x00004284   0x00000020   Code   RO            3    i.__sti___8_main_cpp_tick  .\build\main.o
    0x000042a4   0x000042a4   0x00000008   Code   RO          644    i.__user_setup_stackheap  mbed/TARGET_KL25Z/TOOLCHAIN_ARM_STD/mbed_retarget.o
    0x000042ac   0x000042ac   0x0000000e   Code   RO         1891    i._is_digit         C:\Keil_v5\ARM\ARMCC\Bin\..\lib\armlib\c_p.l(__printf_wp.o)
    0x000042ba   0x000042ba   0x00000002   PAD
    0x000042bc   0x000042bc   0x00000010   Code   RO          645    i._mbed_user_setup_stackheap  mbed/TARGET_KL25Z/TOOLCHAIN_ARM_STD/mbed_retarget.o
    0x000042cc   0x000042cc   0x00000020   Code   RO          934    i._platform_post_stackheap_init  mbed/TARGET_KL25Z/TOOLCHAIN_ARM_STD/mbed_sdk_boot.o
    0x000042ec   0x000042ec   0x00000040   Code   RO          646    i._sys_close        mbed/TARGET_KL25Z/TOOLCHAIN_ARM_STD/mbed_retarget.o
    0x0000432c   0x0000432c   0x00000030   Code   RO          649    i._sys_flen         mbed/TARGET_KL25Z/TOOLCHAIN_ARM_STD/mbed_retarget.o
    0x0000435c   0x0000435c   0x0000002e   Code   RO          650    i._sys_istty        mbed/TARGET_KL25Z/TOOLCHAIN_ARM_STD/mbed_retarget.o
    0x0000438a   0x0000438a   0x00000002   PAD
    0x0000438c   0x0000438c   0x000000c0   Code   RO          651    i._sys_open         mbed/TARGET_KL25Z/TOOLCHAIN_ARM_STD/mbed_retarget.o
    0x0000444c   0x0000444c   0x00000038   Code   RO          653    i._sys_seek         mbed/TARGET_KL25Z/TOOLCHAIN_ARM_STD/mbed_retarget.o
    0x00004484   0x00004484   0x0000006c   Code   RO          654    i._sys_write        mbed/TARGET_KL25Z/TOOLCHAIN_ARM_STD/mbed_retarget.o
    0x000044f0   0x000044f0   0x0000000c   Code   RO         1582    i.core_util_are_interrupts_enabled  mbed/TARGET_KL25Z/TOOLCHAIN_ARM_STD/mbed.ar(mbed_critical.o)
    0x000044fc   0x000044fc   0x00000034   Code   RO         1588    i.core_util_atomic_decr_u16  mbed/TARGET_KL25Z/TOOLCHAIN_ARM_STD/mbed.ar(mbed_critical.o)
    0x00004530   0x00004530   0x00000038   Code   RO         1592    i.core_util_atomic_flag_test_and_set  mbed/TARGET_KL25Z/TOOLCHAIN_ARM_STD/mbed.ar(mbed_critical.o)
    0x00004568   0x00004568   0x00000034   Code   RO         1594    i.core_util_atomic_incr_u16  mbed/TARGET_KL25Z/TOOLCHAIN_ARM_STD/mbed.ar(mbed_critical.o)
    0x0000459c   0x0000459c   0x0000005c   Code   RO         1597    i.core_util_critical_section_enter  mbed/TARGET_KL25Z/TOOLCHAIN_ARM_STD/mbed.ar(mbed_critical.o)
    0x000045f8   0x000045f8   0x00000024   Code   RO         1598    i.core_util_critical_section_exit  mbed/TARGET_KL25Z/TOOLCHAIN_ARM_STD/mbed.ar(mbed_critical.o)
    0x0000461c   0x0000461c   0x0000000c   Code   RO         1600    i.core_util_is_isr_active  mbed/TARGET_KL25Z/TOOLCHAIN_ARM_STD/mbed.ar(mbed_critical.o)
    0x00004628   0x00004628   0x00000078   Code   RO          658    i.exit              mbed/TARGET_KL25Z/TOOLCHAIN_ARM_STD/mbed_retarget.o
    0x000046a0   0x000046a0   0x0000001e   Code   RO         2351    i.fputc             C:\Keil_v5\ARM\ARMCC\Bin\..\lib\armlib\c_p.l(fputc.o)
    0x000046be   0x000046be   0x00000002   PAD
    0x000046c0   0x000046c0   0x00000008   Code   RO         1517    i.get_us_ticker_data  mbed/TARGET_KL25Z/TOOLCHAIN_ARM_STD/mbed.ar(mbed_us_ticker_api.o)
    0x000046c8   0x000046c8   0x00000050   Code   RO          507    i.gpio_dir          mbed/TARGET_KL25Z/TOOLCHAIN_ARM_STD/gpio_api.o
    0x00004718   0x00004718   0x0000003c   Code   RO          508    i.gpio_init         mbed/TARGET_KL25Z/TOOLCHAIN_ARM_STD/gpio_api.o
    0x00004754   0x00004754   0x00000022   Code   RO         1452    i.gpio_init_in      mbed/TARGET_KL25Z/TOOLCHAIN_ARM_STD/mbed.ar(mbed_gpio.o)
    0x00004776   0x00004776   0x00000002   PAD
    0x00004778   0x00004778   0x00000080   Code   RO         1454    i.gpio_init_inout   mbed/TARGET_KL25Z/TOOLCHAIN_ARM_STD/mbed.ar(mbed_gpio.o)
    0x000047f8   0x000047f8   0x00000040   Code   RO         1455    i.gpio_init_out     mbed/TARGET_KL25Z/TOOLCHAIN_ARM_STD/mbed.ar(mbed_gpio.o)
    0x00004838   0x00004838   0x00000090   Code   RO         1456    i.gpio_init_out_ex  mbed/TARGET_KL25Z/TOOLCHAIN_ARM_STD/mbed.ar(mbed_gpio.o)
    0x000048c8   0x000048c8   0x0000000e   Code   RO          509    i.gpio_mode         mbed/TARGET_KL25Z/TOOLCHAIN_ARM_STD/gpio_api.o
    0x000048d6   0x000048d6   0x00000002   PAD
    0x000048d8   0x000048d8   0x00000020   Code   RO         1747    i.hal_critical_section_enter  mbed/TARGET_KL25Z/TOOLCHAIN_ARM_STD/mbed.ar(mbed_critical_section_api.o)
    0x000048f8   0x000048f8   0x0000004c   Code   RO         1748    i.hal_critical_section_exit  mbed/TARGET_KL25Z/TOOLCHAIN_ARM_STD/mbed.ar(mbed_critical_section_api.o)
    0x00004944   0x00004944   0x00000058   Code   RO          545    i.i2c_do_write      mbed/TARGET_KL25Z/TOOLCHAIN_ARM_STD/i2c_api.o
    0x0000499c   0x0000499c   0x00000084   Code   RO          546    i.i2c_frequency     mbed/TARGET_KL25Z/TOOLCHAIN_ARM_STD/i2c_api.o
    0x00004a20   0x00004a20   0x00000130   Code   RO          547    i.i2c_init          mbed/TARGET_KL25Z/TOOLCHAIN_ARM_STD/i2c_api.o
    0x00004b50   0x00004b50   0x00000110   Code   RO          548    i.i2c_read          mbed/TARGET_KL25Z/TOOLCHAIN_ARM_STD/i2c_api.o
    0x00004c60   0x00004c60   0x0000002c   Code   RO          556    i.i2c_stop          mbed/TARGET_KL25Z/TOOLCHAIN_ARM_STD/i2c_api.o
    0x00004c8c   0x00004c8c   0x00000034   Code   RO          557    i.i2c_wait_end_rx_transfer  mbed/TARGET_KL25Z/TOOLCHAIN_ARM_STD/i2c_api.o
    0x00004cc0   0x00004cc0   0x000000c4   Code   RO          558    i.i2c_write         mbed/TARGET_KL25Z/TOOLCHAIN_ARM_STD/i2c_api.o
    0x00004d84   0x00004d84   0x00000108   Code   RO         1483    i.initialize        mbed/TARGET_KL25Z/TOOLCHAIN_ARM_STD/mbed.ar(mbed_ticker_api.o)
    0x00004e8c   0x00004e8c   0x00000068   Code   RO         1101    i.lptmr_isr         mbed/TARGET_KL25Z/TOOLCHAIN_ARM_STD/us_ticker.o
    0x00004ef4   0x00004ef4   0x00000190   Code   RO            4    i.main              .\build\main.o
    0x00005084   0x00005084   0x00000020   Code   RO         1578    i.mbed_assert_internal  mbed/TARGET_KL25Z/TOOLCHAIN_ARM_STD/mbed.ar(mbed_assert.o)
    0x000050a4   0x000050a4   0x000000e0   Code   RO          581    i.mbed_die          mbed/TARGET_KL25Z/TOOLCHAIN_ARM_STD/mbed_board.o
    0x00005184   0x00005184   0x000000ac   Code   RO         1628    i.mbed_error        mbed/TARGET_KL25Z/TOOLCHAIN_ARM_STD/mbed.ar(mbed_error.o)
    0x00005230   0x00005230   0x00000050   Code   RO          582    i.mbed_error_printf  mbed/TARGET_KL25Z/TOOLCHAIN_ARM_STD/mbed_board.o
    0x00005280   0x00005280   0x0000001e   Code   RO          583    i.mbed_error_puts   mbed/TARGET_KL25Z/TOOLCHAIN_ARM_STD/mbed_board.o
    0x0000529e   0x0000529e   0x00000002   PAD
    0x000052a0   0x000052a0   0x00000110   Code   RO          598    i.mbed_fault_handler  mbed/TARGET_KL25Z/TOOLCHAIN_ARM_STD/mbed_fault_handler.o
    0x000053b0   0x000053b0   0x00000008   Code   RO         1667    i.mbed_interface_connected  mbed/TARGET_KL25Z/TOOLCHAIN_ARM_STD/mbed.ar(mbed_interface.o)
    0x000053b8   0x000053b8   0x000000b0   Code   RO          666    i.open              mbed/TARGET_KL25Z/TOOLCHAIN_ARM_STD/mbed_retarget.o
    0x00005468   0x00005468   0x00000060   Code   RO          965    i.pin_function      mbed/TARGET_KL25Z/TOOLCHAIN_ARM_STD/pinmap.o
    0x000054c8   0x000054c8   0x0000003c   Code   RO          966    i.pin_mode          mbed/TARGET_KL25Z/TOOLCHAIN_ARM_STD/pinmap.o
    0x00005504   0x00005504   0x0000003c   Code   RO         1469    i.pinmap_merge      mbed/TARGET_KL25Z/TOOLCHAIN_ARM_STD/mbed.ar(mbed_pinmap_common.o)
    0x00005540   0x00005540   0x00000060   Code   RO         1470    i.pinmap_peripheral  mbed/TARGET_KL25Z/TOOLCHAIN_ARM_STD/mbed.ar(mbed_pinmap_common.o)
    0x000055a0   0x000055a0   0x00000060   Code   RO         1471    i.pinmap_pinout     mbed/TARGET_KL25Z/TOOLCHAIN_ARM_STD/mbed.ar(mbed_pinmap_common.o)
    0x00005600   0x00005600   0x00000114   Code   RO          600    i.print_context_info  mbed/TARGET_KL25Z/TOOLCHAIN_ARM_STD/mbed_fault_handler.o
    0x00005714   0x00005714   0x000001d8   Code   RO         1642    i.print_error_report  mbed/TARGET_KL25Z/TOOLCHAIN_ARM_STD/mbed.ar(mbed_error.o)
    0x000058ec   0x000058ec   0x00000234   Code   RO          991    i.pwmout_init       mbed/TARGET_KL25Z/TOOLCHAIN_ARM_STD/pwmout_api.o
    0x00005b20   0x00005b20   0x0000008c   Code   RO          994    i.pwmout_period_us  mbed/TARGET_KL25Z/TOOLCHAIN_ARM_STD/pwmout_api.o
    0x00005bac   0x00005bac   0x0000003c   Code   RO          999    i.pwmout_write      mbed/TARGET_KL25Z/TOOLCHAIN_ARM_STD/pwmout_api.o
    0x00005be8   0x00005be8   0x00000134   Code   RO         1484    i.schedule_interrupt  mbed/TARGET_KL25Z/TOOLCHAIN_ARM_STD/mbed.ar(mbed_ticker_api.o)
    0x00005d1c   0x00005d1c   0x0000000c   Code   RO         1695    i.semihost_connected  mbed/TARGET_KL25Z/TOOLCHAIN_ARM_STD/mbed.ar(mbed_semihost_api.o)
    0x00005d28   0x00005d28   0x0000000c   Code   RO         1697    i.semihost_exit     mbed/TARGET_KL25Z/TOOLCHAIN_ARM_STD/mbed.ar(mbed_semihost_api.o)
    0x00005d34   0x00005d34   0x00000180   Code   RO         1016    i.serial_baud       mbed/TARGET_KL25Z/TOOLCHAIN_ARM_STD/serial_api.o
    0x00005eb4   0x00005eb4   0x000000cc   Code   RO         1020    i.serial_format     mbed/TARGET_KL25Z/TOOLCHAIN_ARM_STD/serial_api.o
    0x00005f80   0x00005f80   0x0000018c   Code   RO         1023    i.serial_init       mbed/TARGET_KL25Z/TOOLCHAIN_ARM_STD/serial_api.o
    0x0000610c   0x0000610c   0x00000024   Code   RO         1027    i.serial_putc       mbed/TARGET_KL25Z/TOOLCHAIN_ARM_STD/serial_api.o
    0x00006130   0x00006130   0x00000068   Code   RO         1720    i.sleep_manager_lock_deep_sleep_internal  mbed/TARGET_KL25Z/TOOLCHAIN_ARM_STD/mbed.ar(mbed_sleep_manager.o)
    0x00006198   0x00006198   0x00000058   Code   RO         1722    i.sleep_manager_unlock_deep_sleep_internal  mbed/TARGET_KL25Z/TOOLCHAIN_ARM_STD/mbed.ar(mbed_sleep_manager.o)
    0x000061f0   0x000061f0   0x00000068   Code   RO         1488    i.ticker_irq_handler  mbed/TARGET_KL25Z/TOOLCHAIN_ARM_STD/mbed.ar(mbed_ticker_api.o)
    0x00006258   0x00006258   0x0000001e   Code   RO         1489    i.ticker_read       mbed/TARGET_KL25Z/TOOLCHAIN_ARM_STD/mbed.ar(mbed_ticker_api.o)
    0x00006276   0x00006276   0x00000022   Code   RO         1490    i.ticker_read_us    mbed/TARGET_KL25Z/TOOLCHAIN_ARM_STD/mbed.ar(mbed_ticker_api.o)
    0x00006298   0x00006298   0x00000104   Code   RO         1495    i.update_present_time  mbed/TARGET_KL25Z/TOOLCHAIN_ARM_STD/mbed.ar(mbed_ticker_api.o)
    0x0000639c   0x0000639c   0x00000002   Code   RO         1102    i.us_ticker_clear_interrupt  mbed/TARGET_KL25Z/TOOLCHAIN_ARM_STD/us_ticker.o
    0x0000639e   0x0000639e   0x00000002   PAD
    0x000063a0   0x000063a0   0x00000010   Code   RO         1103    i.us_ticker_disable_interrupt  mbed/TARGET_KL25Z/TOOLCHAIN_ARM_STD/us_ticker.o
    0x000063b0   0x000063b0   0x0000001c   Code   RO         1104    i.us_ticker_fire_interrupt  mbed/TARGET_KL25Z/TOOLCHAIN_ARM_STD/us_ticker.o
    0x000063cc   0x000063cc   0x00000002   Code   RO         1105    i.us_ticker_free    mbed/TARGET_KL25Z/TOOLCHAIN_ARM_STD/us_ticker.o
    0x000063ce   0x000063ce   0x00000002   PAD
    0x000063d0   0x000063d0   0x00000008   Code   RO         1106    i.us_ticker_get_info  mbed/TARGET_KL25Z/TOOLCHAIN_ARM_STD/us_ticker.o
    0x000063d8   0x000063d8   0x000001d0   Code   RO         1107    i.us_ticker_init    mbed/TARGET_KL25Z/TOOLCHAIN_ARM_STD/us_ticker.o
    0x000065a8   0x000065a8   0x00000018   Code   RO         1519    i.us_ticker_irq_handler  mbed/TARGET_KL25Z/TOOLCHAIN_ARM_STD/mbed.ar(mbed_us_ticker_api.o)
    0x000065c0   0x000065c0   0x0000000c   Code   RO         1108    i.us_ticker_read    mbed/TARGET_KL25Z/TOOLCHAIN_ARM_STD/us_ticker.o
    0x000065cc   0x000065cc   0x00000060   Code   RO         1109    i.us_ticker_set_interrupt  mbed/TARGET_KL25Z/TOOLCHAIN_ARM_STD/us_ticker.o
    0x0000662c   0x0000662c   0x0000002c   Code   RO         1737    i.wait              mbed/TARGET_KL25Z/TOOLCHAIN_ARM_STD/mbed.ar(mbed_wait_api_no_rtos.o)
    0x00006658   0x00006658   0x0000001e   Code   RO         1739    i.wait_us           mbed/TARGET_KL25Z/TOOLCHAIN_ARM_STD/mbed.ar(mbed_wait_api_no_rtos.o)
    0x00006676   0x00006676   0x00000038   Code   RO          681    i.write             mbed/TARGET_KL25Z/TOOLCHAIN_ARM_STD/mbed_retarget.o
    0x000066ae   0x000066ae   0x00000002   PAD
    0x000066b0   0x000066b0   0x0000002c   Code   RO         2363    locale$$code        C:\Keil_v5\ARM\ARMCC\Bin\..\lib\armlib\c_p.l(lc_numeric_c.o)
    0x000066dc   0x000066dc   0x0000002c   Code   RO         2477    locale$$code        C:\Keil_v5\ARM\ARMCC\Bin\..\lib\armlib\c_p.l(lc_ctype_c.o)
    0x00006708   0x00006708   0x0000002c   Code   RO         1789    t._ZNK12SingletonPtrI13PlatformMutexEptEv  mbed/TARGET_KL25Z/TOOLCHAIN_ARM_STD/mbed.ar(FileBase.o)
    0x00006734   0x00006734   0x000000b0   Code   RO         2078    x$fpl$fmul          C:\Keil_v5\ARM\ARMCC\Bin\..\lib\armlib\fz_ps.l(fmul.o)
    0x000067e4   0x000067e4   0x00000010   Code   RO         2082    x$fpl$printf1       C:\Keil_v5\ARM\ARMCC\Bin\..\lib\armlib\fz_ps.l(printf1.o)
    0x000067f4   0x000067f4   0x00000010   Code   RO         2282    x$fpl$printf2       C:\Keil_v5\ARM\ARMCC\Bin\..\lib\armlib\fz_ps.l(printf2.o)
    0x00006804   0x00006804   0x00000000   Code   RO         2288    x$fpl$usenofp       C:\Keil_v5\ARM\ARMCC\Bin\..\lib\armlib\fz_ps.l(usenofp.o)
    0x00006804   0x00006804   0x00000080   Data   RO          559    .constdata          mbed/TARGET_KL25Z/TOOLCHAIN_ARM_STD/i2c_api.o
    0x00006884   0x00006884   0x00000005   Data   RO          586    .constdata          mbed/TARGET_KL25Z/TOOLCHAIN_ARM_STD/mbed_board.o
    0x00006889   0x00006889   0x00000003   PAD
    0x0000688c   0x0000688c   0x00000004   Data   RO          602    .constdata          mbed/TARGET_KL25Z/TOOLCHAIN_ARM_STD/mbed_fault_handler.o
    0x00006890   0x00006890   0x00000028   Data   RO          748    .constdata          mbed/TARGET_KL25Z/TOOLCHAIN_ARM_STD/mbed_retarget.o
    0x000068b8   0x000068b8   0x0000006c   Data   RO          952    .constdata          mbed/TARGET_KL25Z/TOOLCHAIN_ARM_STD/PeripheralPins.o
    0x00006924   0x00006924   0x00000060   Data   RO          953    .constdata          mbed/TARGET_KL25Z/TOOLCHAIN_ARM_STD/PeripheralPins.o
    0x00006984   0x00006984   0x0000006c   Data   RO          954    .constdata          mbed/TARGET_KL25Z/TOOLCHAIN_ARM_STD/PeripheralPins.o
    0x000069f0   0x000069f0   0x0000006c   Data   RO          955    .constdata          mbed/TARGET_KL25Z/TOOLCHAIN_ARM_STD/PeripheralPins.o
    0x00006a5c   0x00006a5c   0x000001bc   Data   RO          960    .constdata          mbed/TARGET_KL25Z/TOOLCHAIN_ARM_STD/PeripheralPins.o
    0x00006c18   0x00006c18   0x00000008   Data   RO         1110    .constdata          mbed/TARGET_KL25Z/TOOLCHAIN_ARM_STD/us_ticker.o
    0x00006c20   0x00006c20   0x00000020   Data   RO         1521    .constdata          mbed/TARGET_KL25Z/TOOLCHAIN_ARM_STD/mbed.ar(mbed_us_ticker_api.o)
    0x00006c40   0x00006c40   0x00000008   Data   RO         1522    .constdata          mbed/TARGET_KL25Z/TOOLCHAIN_ARM_STD/mbed.ar(mbed_us_ticker_api.o)
    0x00006c48   0x00006c48   0x00000011   Data   RO         1899    .constdata          C:\Keil_v5\ARM\ARMCC\Bin\..\lib\armlib\c_p.l(__printf_flags_ss_wp.o)
    0x00006c59   0x00006c59   0x00000080   Data   RO         2063    .constdata          C:\Keil_v5\ARM\ARMCC\Bin\..\lib\armlib\fz_ps.l(ddiv.o)
    0x00006cd9   0x00006cd9   0x00000040   Data   RO         2068    .constdata          C:\Keil_v5\ARM\ARMCC\Bin\..\lib\armlib\fz_ps.l(fdiv.o)
    0x00006d19   0x00006d19   0x00000003   PAD
    0x00006d1c   0x00006d1c   0x00000008   Data   RO         2144    .constdata          C:\Keil_v5\ARM\ARMCC\Bin\..\lib\armlib\c_p.l(_printf_wctomb.o)
    0x00006d24   0x00006d24   0x00000028   Data   RO         2173    .constdata          C:\Keil_v5\ARM\ARMCC\Bin\..\lib\armlib\c_p.l(_printf_hex_int_ll_ptr.o)
    0x00006d4c   0x00006d4c   0x00000026   Data   RO         2328    .constdata          C:\Keil_v5\ARM\ARMCC\Bin\..\lib\armlib\c_p.l(_printf_fp_hex.o)
    0x00006d72   0x00006d72   0x00000002   PAD
    0x00006d74   0x00006d74   0x00000094   Data   RO         2341    .constdata          C:\Keil_v5\ARM\ARMCC\Bin\..\lib\armlib\c_p.l(bigflt0.o)
    0x00006e08   0x00006e08   0x00000050   Data   RO          851    .constdata__ZTV12DirectSerial  mbed/TARGET_KL25Z/TOOLCHAIN_ARM_STD/mbed_retarget.o
    0x00006e58   0x00006e58   0x00000018   Data   RO         1399    .constdata__ZTVN4mbed3I2CE  mbed/TARGET_KL25Z/TOOLCHAIN_ARM_STD/mbed.ar(I2C.o)
    0x00006e70   0x00006e70   0x00000014   Data   RO          854    .constdata__ZZNK12SingletonPtrI13PlatformMutexE3getEvEs  mbed/TARGET_KL25Z/TOOLCHAIN_ARM_STD/mbed_retarget.o
    0x00006e84   0x00006e84   0x00000053   Data   RO          855    .constdata__ZZNK12SingletonPtrI13PlatformMutexE3getEvEs_0  mbed/TARGET_KL25Z/TOOLCHAIN_ARM_STD/mbed_retarget.o
    0x00006ed7   0x00006ed7   0x00000001   PAD
    0x00006ed8   0x00006ed8   0x00000060   Data   RO          511    .conststring        mbed/TARGET_KL25Z/TOOLCHAIN_ARM_STD/gpio_api.o
    0x00006f38   0x00006f38   0x0000005f   Data   RO          560    .conststring        mbed/TARGET_KL25Z/TOOLCHAIN_ARM_STD/i2c_api.o
    0x00006f97   0x00006f97   0x00000001   PAD
    0x00006f98   0x00006f98   0x00000049   Data   RO          603    .conststring        mbed/TARGET_KL25Z/TOOLCHAIN_ARM_STD/mbed_fault_handler.o
    0x00006fe1   0x00006fe1   0x00000003   PAD
    0x00006fe4   0x00006fe4   0x0000004b   Data   RO          749    .conststring        mbed/TARGET_KL25Z/TOOLCHAIN_ARM_STD/mbed_retarget.o
    0x0000702f   0x0000702f   0x00000001   PAD
    0x00007030   0x00007030   0x0000005e   Data   RO          967    .conststring        mbed/TARGET_KL25Z/TOOLCHAIN_ARM_STD/pinmap.o
    0x0000708e   0x0000708e   0x00000002   PAD
    0x00007090   0x00007090   0x00000062   Data   RO         1000    .conststring        mbed/TARGET_KL25Z/TOOLCHAIN_ARM_STD/pwmout_api.o
    0x000070f2   0x000070f2   0x00000002   PAD
    0x000070f4   0x000070f4   0x000000bb   Data   RO         1034    .conststring        mbed/TARGET_KL25Z/TOOLCHAIN_ARM_STD/serial_api.o
    0x000071af   0x000071af   0x00000001   PAD
    0x000071b0   0x000071b0   0x00000046   Data   RO         1496    .conststring        mbed/TARGET_KL25Z/TOOLCHAIN_ARM_STD/mbed.ar(mbed_ticker_api.o)
    0x000071f6   0x000071f6   0x00000002   PAD
    0x000071f8   0x000071f8   0x00000046   Data   RO         1568    .conststring        mbed/TARGET_KL25Z/TOOLCHAIN_ARM_STD/mbed.ar(FilePath.o)
    0x0000723e   0x0000723e   0x00000002   PAD
    0x00007240   0x00007240   0x00000049   Data   RO         1601    .conststring        mbed/TARGET_KL25Z/TOOLCHAIN_ARM_STD/mbed.ar(mbed_critical.o)
    0x00007289   0x00007289   0x00000003   PAD
    0x0000728c   0x0000728c   0x000000a0   Data   RO         1644    .conststring        mbed/TARGET_KL25Z/TOOLCHAIN_ARM_STD/mbed.ar(mbed_error.o)
    0x0000732c   0x0000732c   0x00000050   Data   RO         1750    .conststring        mbed/TARGET_KL25Z/TOOLCHAIN_ARM_STD/mbed.ar(mbed_critical_section_api.o)
    0x0000737c   0x0000737c   0x00000020   Data   RO         2503    Region$$Table       anon$$obj.o
    0x0000739c   0x0000739c   0x0000001c   Data   RO         2362    locale$$data        C:\Keil_v5\ARM\ARMCC\Bin\..\lib\armlib\c_p.l(lc_numeric_c.o)
    0x000073b8   0x000073b8   0x00000110   Data   RO         2476    locale$$data        C:\Keil_v5\ARM\ARMCC\Bin\..\lib\armlib\c_p.l(lc_ctype_c.o)
    0x000074c8   0x000074c8   0x00000004   Data   RO            8    .init_array         .\build\main.o
    0x000074cc   0x000074c8   0x00000000   Data   RO         1944    .init_array         C:\Keil_v5\ARM\ARMCC\Bin\..\lib\armlib\c_p.l(init_aeabi.o)


    Execution Region RW_IRAM1 (Exec base: 0x1ffff0c0, Load base: 0x000074cc, Size: 0x00000500, Max: 0x00003f40, ABSOLUTE)

    Exec Addr    Load Addr    Size         Type   Attr      Idx    E Section Name        Object

    0x1ffff0c0   0x000074cc   0x00000048   Data   RW          752    .data               mbed/TARGET_KL25Z/TOOLCHAIN_ARM_STD/mbed_retarget.o
    0x1ffff108   0x00007514   0x00000004   Data   RW         1001    .data               mbed/TARGET_KL25Z/TOOLCHAIN_ARM_STD/pwmout_api.o
    0x1ffff10c   0x00007518   0x00000010   Data   RW         1035    .data               mbed/TARGET_KL25Z/TOOLCHAIN_ARM_STD/serial_api.o
    0x1ffff11c   0x00007528   0x00000004   Data   RW         1094    .data               mbed/TARGET_KL25Z/TOOLCHAIN_ARM_STD/system_MKL25Z4.o
    0x1ffff120   0x0000752c   0x00000008   Data   RW         1111    .data               mbed/TARGET_KL25Z/TOOLCHAIN_ARM_STD/us_ticker.o
    0x1ffff128   0x00007534   0x00000040   Data   RW         1297    .data               .\build\tsisensor.o
    0x1ffff168   0x00007574   0x00000004   Data   RW         1375    .data               mbed/TARGET_KL25Z/TOOLCHAIN_ARM_STD/mbed.ar(I2C.o)
    0x1ffff16c   0x00007578   0x00000004   Data   RW         1523    .data               mbed/TARGET_KL25Z/TOOLCHAIN_ARM_STD/mbed.ar(mbed_us_ticker_api.o)
    0x1ffff170   0x0000757c   0x00000004   Data   RW         1602    .data               mbed/TARGET_KL25Z/TOOLCHAIN_ARM_STD/mbed.ar(mbed_critical.o)
    0x1ffff174   0x00007580   0x0000000c   Data   RW         1645    .data               mbed/TARGET_KL25Z/TOOLCHAIN_ARM_STD/mbed.ar(mbed_error.o)
    0x1ffff180   0x0000758c   0x00000004   Data   RW         1702    .data               mbed/TARGET_KL25Z/TOOLCHAIN_ARM_STD/mbed.ar(mbed_semihost_api.o)
    0x1ffff184   0x00007590   0x00000004   PAD
    0x1ffff188   0x00007594   0x00000018   Data   RW         1723    .data               mbed/TARGET_KL25Z/TOOLCHAIN_ARM_STD/mbed.ar(mbed_sleep_manager.o)
    0x1ffff1a0   0x000075ac   0x00000002   Data   RW         1751    .data               mbed/TARGET_KL25Z/TOOLCHAIN_ARM_STD/mbed.ar(mbed_critical_section_api.o)
    0x1ffff1a2   0x000075ae   0x00000002   PAD
    0x1ffff1a4   0x000075b0   0x00000008   Data   RW         1776    .data               mbed/TARGET_KL25Z/TOOLCHAIN_ARM_STD/mbed.ar(FileBase.o)
    0x1ffff1ac   0x000075b8   0x00000004   Data   RW         1916    .data               C:\Keil_v5\ARM\ARMCC\Bin\..\lib\armlib\c_p.l(stdio_streams.o)
    0x1ffff1b0   0x000075bc   0x00000004   Data   RW         1917    .data               C:\Keil_v5\ARM\ARMCC\Bin\..\lib\armlib\c_p.l(stdio_streams.o)
    0x1ffff1b4   0x000075c0   0x00000004   Data   RW         1918    .data               C:\Keil_v5\ARM\ARMCC\Bin\..\lib\armlib\c_p.l(stdio_streams.o)
    0x1ffff1b8   0x000075c4   0x00000004   Data   RW         2380    .data               C:\Keil_v5\ARM\ARMCC\Bin\..\lib\armlib\c_p.l(heapauxa.o)
    0x1ffff1bc   0x000075c8   0x00000004   PAD
    0x1ffff1c0        -       0x00000020   Zero   RW            7    .bss                .\build\main.o
    0x1ffff1e0        -       0x00000054   Zero   RW          601    .bss                mbed/TARGET_KL25Z/TOOLCHAIN_ARM_STD/mbed_fault_handler.o
    0x1ffff234   0x000075c8   0x00000004   PAD
    0x1ffff238        -       0x00000148   Zero   RW          747    .bss                mbed/TARGET_KL25Z/TOOLCHAIN_ARM_STD/mbed_retarget.o
    0x1ffff380        -       0x00000060   Zero   RW         1296    .bss                .\build\tsisensor.o
    0x1ffff3e0        -       0x00000010   Zero   RW         1374    .bss                mbed/TARGET_KL25Z/TOOLCHAIN_ARM_STD/mbed.ar(I2C.o)
    0x1ffff3f0        -       0x00000040   Zero   RW         1520    .bss                mbed/TARGET_KL25Z/TOOLCHAIN_ARM_STD/mbed.ar(mbed_us_ticker_api.o)
    0x1ffff430        -       0x00000068   Zero   RW         1643    .bss                mbed/TARGET_KL25Z/TOOLCHAIN_ARM_STD/mbed.ar(mbed_error.o)
    0x1ffff498        -       0x00000010   Zero   RW         1775    .bss                mbed/TARGET_KL25Z/TOOLCHAIN_ARM_STD/mbed.ar(FileBase.o)
    0x1ffff4a8        -       0x00000004   Zero   RW         1799    .bss                C:\Keil_v5\ARM\ARMCC\Bin\..\lib\armlib\c_p.l(rt_errno_addr.o)
    0x1ffff4ac        -       0x00000054   Zero   RW         1913    .bss                C:\Keil_v5\ARM\ARMCC\Bin\..\lib\armlib\c_p.l(stdio_streams.o)
    0x1ffff500        -       0x00000054   Zero   RW         1914    .bss                C:\Keil_v5\ARM\ARMCC\Bin\..\lib\armlib\c_p.l(stdio_streams.o)
    0x1ffff554        -       0x00000054   Zero   RW         1915    .bss                C:\Keil_v5\ARM\ARMCC\Bin\..\lib\armlib\c_p.l(stdio_streams.o)
    0x1ffff5a8        -       0x00000004   Zero   RW         2099    .bss                C:\Keil_v5\ARM\ARMCC\Bin\..\lib\armlib\c_p.l(rt_heap_descriptor.o)
    0x1ffff5ac        -       0x00000014   Zero   RW         2309    .bss                C:\Keil_v5\ARM\ARMCC\Bin\..\lib\armlib\c_p.l(rt_locale.o)


==============================================================================

Image component sizes


      Code (inc. data)   RO Data    RW Data    ZI Data      Debug   Object Name

         0          0        864          0          0          0   mbed/TARGET_KL25Z/TOOLCHAIN_ARM_STD/PeripheralPins.o
       208         30          0          0          0        132   mbed/TARGET_KL25Z/TOOLCHAIN_ARM_STD/except.o
       154         34         96          0          0        208   mbed/TARGET_KL25Z/TOOLCHAIN_ARM_STD/gpio_api.o
      1088         82        223          0          0        556   mbed/TARGET_KL25Z/TOOLCHAIN_ARM_STD/i2c_api.o
       522         68          4          0         32     109520   .\build\main.o
       356         96          5          0          0        288   mbed/TARGET_KL25Z/TOOLCHAIN_ARM_STD/mbed_board.o
       548        314         77          0         84        144   mbed/TARGET_KL25Z/TOOLCHAIN_ARM_STD/mbed_fault_handler.o
        16          0          0          0          0         72   mbed/TARGET_KL25Z/TOOLCHAIN_ARM_STD/mbed_overrides.o
      1444        238        298         72        328       1520   mbed/TARGET_KL25Z/TOOLCHAIN_ARM_STD/mbed_retarget.o
        44          8          0          0          0        140   mbed/TARGET_KL25Z/TOOLCHAIN_ARM_STD/mbed_sdk_boot.o
       322         30          0          0          0       7920   .\build\mma8451q.o
       156         60         94          0          0        140   mbed/TARGET_KL25Z/TOOLCHAIN_ARM_STD/pinmap.o
       764         94         98          4          0        232   mbed/TARGET_KL25Z/TOOLCHAIN_ARM_STD/pwmout_api.o
      1020        168        187         16          0        308   mbed/TARGET_KL25Z/TOOLCHAIN_ARM_STD/serial_api.o
        44         24        192          0          0        164   mbed/TARGET_KL25Z/TOOLCHAIN_ARM_STD/startup_MKL25Z4.o
       152         32          0          4          0         60   mbed/TARGET_KL25Z/TOOLCHAIN_ARM_STD/system_MKL25Z4.o
       884        122          0         64         96      14724   .\build\tsisensor.o
       732        122          8          8          0        592   mbed/TARGET_KL25Z/TOOLCHAIN_ARM_STD/us_ticker.o

    ----------------------------------------------------------------------
      8474       1522       2192        168        544     136720   Object Totals
         0          0         32          0          0          0   (incl. Generated)
        20          0         14          0          4          0   (incl. Padding)

    ----------------------------------------------------------------------

      Code (inc. data)   RO Data    RW Data    ZI Data      Debug   Library Member Name

        28          6          0          0          0         84   C:\Keil_v5\ARM\ARMCC\Bin\..\lib\armlib\c_p.l(__2printf.o)
         8          0          0          0          0         68   C:\Keil_v5\ARM\ARMCC\Bin\..\lib\armlib\c_p.l(__main.o)
       392          6         17          0          0         76   C:\Keil_v5\ARM\ARMCC\Bin\..\lib\armlib\c_p.l(__printf_flags_ss_wp.o)
        14          0          0          0          0         60   C:\Keil_v5\ARM\ARMCC\Bin\..\lib\armlib\c_p.l(__printf_wp.o)
         0          0          0          0          0          0   C:\Keil_v5\ARM\ARMCC\Bin\..\lib\armlib\c_p.l(__rtentry.o)
        20          0          0          0          0          0   C:\Keil_v5\ARM\ARMCC\Bin\..\lib\armlib\c_p.l(__rtentry2.o)
         6          0          0          0          0          0   C:\Keil_v5\ARM\ARMCC\Bin\..\lib\armlib\c_p.l(__rtentry4.o)
        60          8          0          0          0          0   C:\Keil_v5\ARM\ARMCC\Bin\..\lib\armlib\c_p.l(__scatter.o)
        26          0          0          0          0          0   C:\Keil_v5\ARM\ARMCC\Bin\..\lib\armlib\c_p.l(__scatter_copy.o)
        28          0          0          0          0          0   C:\Keil_v5\ARM\ARMCC\Bin\..\lib\armlib\c_p.l(__scatter_zi.o)
        10          0          0          0          0          0   C:\Keil_v5\ARM\ARMCC\Bin\..\lib\armlib\c_p.l(_printf_a.o)
        10          0          0          0          0          0   C:\Keil_v5\ARM\ARMCC\Bin\..\lib\armlib\c_p.l(_printf_c.o)
        46          0          0          0          0        100   C:\Keil_v5\ARM\ARMCC\Bin\..\lib\armlib\c_p.l(_printf_char.o)
        48          6          0          0          0         88   C:\Keil_v5\ARM\ARMCC\Bin\..\lib\armlib\c_p.l(_printf_char_common.o)
        40          6          0          0          0         72   C:\Keil_v5\ARM\ARMCC\Bin\..\lib\armlib\c_p.l(_printf_char_file.o)
        38          0          0          0          0         60   C:\Keil_v5\ARM\ARMCC\Bin\..\lib\armlib\c_p.l(_printf_charcount.o)
        10          0          0          0          0          0   C:\Keil_v5\ARM\ARMCC\Bin\..\lib\armlib\c_p.l(_printf_d.o)
       108         18          0          0          0         76   C:\Keil_v5\ARM\ARMCC\Bin\..\lib\armlib\c_p.l(_printf_dec.o)
        10          0          0          0          0          0   C:\Keil_v5\ARM\ARMCC\Bin\..\lib\armlib\c_p.l(_printf_e.o)
        10          0          0          0          0          0   C:\Keil_v5\ARM\ARMCC\Bin\..\lib\armlib\c_p.l(_printf_f.o)
      1048         14          0          0          0        176   C:\Keil_v5\ARM\ARMCC\Bin\..\lib\armlib\c_p.l(_printf_fp_dec.o)
       728         10         38          0          0         84   C:\Keil_v5\ARM\ARMCC\Bin\..\lib\armlib\c_p.l(_printf_fp_hex.o)
       136         16          0          0          0         76   C:\Keil_v5\ARM\ARMCC\Bin\..\lib\armlib\c_p.l(_printf_fp_infnan.o)
        10          0          0          0          0          0   C:\Keil_v5\ARM\ARMCC\Bin\..\lib\armlib\c_p.l(_printf_g.o)
       152          4         40          0          0        148   C:\Keil_v5\ARM\ARMCC\Bin\..\lib\armlib\c_p.l(_printf_hex_int_ll_ptr.o)
        10          0          0          0          0          0   C:\Keil_v5\ARM\ARMCC\Bin\..\lib\armlib\c_p.l(_printf_i.o)
       176          0          0          0          0         84   C:\Keil_v5\ARM\ARMCC\Bin\..\lib\armlib\c_p.l(_printf_intcommon.o)
        10          0          0          0          0          0   C:\Keil_v5\ARM\ARMCC\Bin\..\lib\armlib\c_p.l(_printf_l.o)
        10          0          0          0          0          0   C:\Keil_v5\ARM\ARMCC\Bin\..\lib\armlib\c_p.l(_printf_lc.o)
        10          0          0          0          0          0   C:\Keil_v5\ARM\ARMCC\Bin\..\lib\armlib\c_p.l(_printf_ll.o)
        10          0          0          0          0          0   C:\Keil_v5\ARM\ARMCC\Bin\..\lib\armlib\c_p.l(_printf_lld.o)
        10          0          0          0          0          0   C:\Keil_v5\ARM\ARMCC\Bin\..\lib\armlib\c_p.l(_printf_lli.o)
        10          0          0          0          0          0   C:\Keil_v5\ARM\ARMCC\Bin\..\lib\armlib\c_p.l(_printf_llo.o)
        10          0          0          0          0          0   C:\Keil_v5\ARM\ARMCC\Bin\..\lib\armlib\c_p.l(_printf_llu.o)
        10          0          0          0          0          0   C:\Keil_v5\ARM\ARMCC\Bin\..\lib\armlib\c_p.l(_printf_llx.o)
       112         18          0          0          0         76   C:\Keil_v5\ARM\ARMCC\Bin\..\lib\armlib\c_p.l(_printf_longlong_dec.o)
        10          0          0          0          0          0   C:\Keil_v5\ARM\ARMCC\Bin\..\lib\armlib\c_p.l(_printf_ls.o)
        10          0          0          0          0          0   C:\Keil_v5\ARM\ARMCC\Bin\..\lib\armlib\c_p.l(_printf_n.o)
        10          0          0          0          0          0   C:\Keil_v5\ARM\ARMCC\Bin\..\lib\armlib\c_p.l(_printf_o.o)
       112         10          0          0          0        112   C:\Keil_v5\ARM\ARMCC\Bin\..\lib\armlib\c_p.l(_printf_oct_int_ll.o)
        10          0          0          0          0          0   C:\Keil_v5\ARM\ARMCC\Bin\..\lib\armlib\c_p.l(_printf_p.o)
        78          0          0          0          0        100   C:\Keil_v5\ARM\ARMCC\Bin\..\lib\armlib\c_p.l(_printf_pad.o)
         2          0          0          0          0          0   C:\Keil_v5\ARM\ARMCC\Bin\..\lib\armlib\c_p.l(_printf_percent.o)
         4          0          0          0          0          0   C:\Keil_v5\ARM\ARMCC\Bin\..\lib\armlib\c_p.l(_printf_percent_end.o)
        10          0          0          0          0          0   C:\Keil_v5\ARM\ARMCC\Bin\..\lib\armlib\c_p.l(_printf_s.o)
        82          0          0          0          0         72   C:\Keil_v5\ARM\ARMCC\Bin\..\lib\armlib\c_p.l(_printf_str.o)
        36          0          0          0          0         76   C:\Keil_v5\ARM\ARMCC\Bin\..\lib\armlib\c_p.l(_printf_truncate.o)
        10          0          0          0          0          0   C:\Keil_v5\ARM\ARMCC\Bin\..\lib\armlib\c_p.l(_printf_u.o)
        46          0          0          0          0        100   C:\Keil_v5\ARM\ARMCC\Bin\..\lib\armlib\c_p.l(_printf_wchar.o)
       188          6          8          0          0         80   C:\Keil_v5\ARM\ARMCC\Bin\..\lib\armlib\c_p.l(_printf_wctomb.o)
        10          0          0          0          0          0   C:\Keil_v5\ARM\ARMCC\Bin\..\lib\armlib\c_p.l(_printf_x.o)
        16          0          0          0          0         60   C:\Keil_v5\ARM\ARMCC\Bin\..\lib\armlib\c_p.l(_snputc.o)
        10          0          0          0          0         60   C:\Keil_v5\ARM\ARMCC\Bin\..\lib\armlib\c_p.l(_sputc.o)
        64          0          0          0          0         72   C:\Keil_v5\ARM\ARMCC\Bin\..\lib\armlib\c_p.l(_wcrtomb.o)
       488          0          0          0          0         92   C:\Keil_v5\ARM\ARMCC\Bin\..\lib\armlib\c_p.l(aeabi_sdivfast.o)
       216          6        148          0          0         80   C:\Keil_v5\ARM\ARMCC\Bin\..\lib\armlib\c_p.l(bigflt0.o)
      1456         30          0          0          0        336   C:\Keil_v5\ARM\ARMCC\Bin\..\lib\armlib\c_p.l(btod.o)
        12          0          0          0          0         68   C:\Keil_v5\ARM\ARMCC\Bin\..\lib\armlib\c_p.l(defsig_exit.o)
        52          0          0          0          0         72   C:\Keil_v5\ARM\ARMCC\Bin\..\lib\armlib\c_p.l(defsig_general.o)
        80         58          0          0          0         68   C:\Keil_v5\ARM\ARMCC\Bin\..\lib\armlib\c_p.l(defsig_rtmem_inner.o)
        12          0          0          0          0         68   C:\Keil_v5\ARM\ARMCC\Bin\..\lib\armlib\c_p.l(defsig_rtmem_outer.o)
        52         38          0          0          0         68   C:\Keil_v5\ARM\ARMCC\Bin\..\lib\armlib\c_p.l(defsig_rtred_inner.o)
        12          0          0          0          0         68   C:\Keil_v5\ARM\ARMCC\Bin\..\lib\armlib\c_p.l(defsig_rtred_outer.o)
        76          4          0          0          0         76   C:\Keil_v5\ARM\ARMCC\Bin\..\lib\armlib\c_p.l(fclose.o)
         8          0          0          0          0         60   C:\Keil_v5\ARM\ARMCC\Bin\..\lib\armlib\c_p.l(ferror.o)
       104          4          0          0          0        100   C:\Keil_v5\ARM\ARMCC\Bin\..\lib\armlib\c_p.l(fflush.o)
       496         10          0          0          0         76   C:\Keil_v5\ARM\ARMCC\Bin\..\lib\armlib\c_p.l(flsbuf.o)
       232          8          0          0          0        108   C:\Keil_v5\ARM\ARMCC\Bin\..\lib\armlib\c_p.l(fopen.o)
        30          0          0          0          0         68   C:\Keil_v5\ARM\ARMCC\Bin\..\lib\armlib\c_p.l(fputc.o)
       244          4          0          0          0         76   C:\Keil_v5\ARM\ARMCC\Bin\..\lib\armlib\c_p.l(fseek.o)
        66          0          0          0          0         68   C:\Keil_v5\ARM\ARMCC\Bin\..\lib\armlib\c_p.l(ftell.o)
        98          0          0          0          0         72   C:\Keil_v5\ARM\ARMCC\Bin\..\lib\armlib\c_p.l(h1_alloc.o)
        52          0          0          0          0         68   C:\Keil_v5\ARM\ARMCC\Bin\..\lib\armlib\c_p.l(h1_extend.o)
        76          0          0          0          0         72   C:\Keil_v5\ARM\ARMCC\Bin\..\lib\armlib\c_p.l(h1_free.o)
        14          0          0          0          0         76   C:\Keil_v5\ARM\ARMCC\Bin\..\lib\armlib\c_p.l(h1_init.o)
        80          4          0          4          0         88   C:\Keil_v5\ARM\ARMCC\Bin\..\lib\armlib\c_p.l(heapauxa.o)
         4          0          0          0          0        120   C:\Keil_v5\ARM\ARMCC\Bin\..\lib\armlib\c_p.l(hguard.o)
         0          0          0          0          0          0   C:\Keil_v5\ARM\ARMCC\Bin\..\lib\armlib\c_p.l(indicate_semi.o)
        36         10          0          0          0         72   C:\Keil_v5\ARM\ARMCC\Bin\..\lib\armlib\c_p.l(init_aeabi.o)
       136          0          0          0          0        160   C:\Keil_v5\ARM\ARMCC\Bin\..\lib\armlib\c_p.l(init_alloc.o)
       316         44          0          0          0         96   C:\Keil_v5\ARM\ARMCC\Bin\..\lib\armlib\c_p.l(initio.o)
        44         10        272          0          0         76   C:\Keil_v5\ARM\ARMCC\Bin\..\lib\armlib\c_p.l(lc_ctype_c.o)
        44         10         28          0          0         76   C:\Keil_v5\ARM\ARMCC\Bin\..\lib\armlib\c_p.l(lc_numeric_c.o)
         2          0          0          0          0          0   C:\Keil_v5\ARM\ARMCC\Bin\..\lib\armlib\c_p.l(libinit.o)
        46          0          0          0          0          0   C:\Keil_v5\ARM\ARMCC\Bin\..\lib\armlib\c_p.l(libinit2.o)
         0          0          0          0          0          0   C:\Keil_v5\ARM\ARMCC\Bin\..\lib\armlib\c_p.l(libshutdown2.o)
        48          0          0          0          0         72   C:\Keil_v5\ARM\ARMCC\Bin\..\lib\armlib\c_p.l(llmul.o)
        32          0          0          0          0         68   C:\Keil_v5\ARM\ARMCC\Bin\..\lib\armlib\c_p.l(llshl.o)
       258          0          0          0          0         88   C:\Keil_v5\ARM\ARMCC\Bin\..\lib\armlib\c_p.l(lludiv.o)
       122          0          0          0          0         72   C:\Keil_v5\ARM\ARMCC\Bin\..\lib\armlib\c_p.l(lludiv10.o)
        34          0          0          0          0         68   C:\Keil_v5\ARM\ARMCC\Bin\..\lib\armlib\c_p.l(llushr.o)
         0          0          0          0          0          0   C:\Keil_v5\ARM\ARMCC\Bin\..\lib\armlib\c_p.l(maybetermalloc1.o)
        90          0          0          0          0         68   C:\Keil_v5\ARM\ARMCC\Bin\..\lib\armlib\c_p.l(memcmp.o)
        16          4          0          0          0         76   C:\Keil_v5\ARM\ARMCC\Bin\..\lib\armlib\c_p.l(rt_ctype_table.o)
         8          4          0          0          4         68   C:\Keil_v5\ARM\ARMCC\Bin\..\lib\armlib\c_p.l(rt_errno_addr.o)
         8          4          0          0          4         68   C:\Keil_v5\ARM\ARMCC\Bin\..\lib\armlib\c_p.l(rt_heap_descriptor.o)
         8          4          0          0         20         68   C:\Keil_v5\ARM\ARMCC\Bin\..\lib\armlib\c_p.l(rt_locale.o)
        64          0          0          0          0        108   C:\Keil_v5\ARM\ARMCC\Bin\..\lib\armlib\c_p.l(rt_memclr.o)
        56          0          0          0          0         68   C:\Keil_v5\ARM\ARMCC\Bin\..\lib\armlib\c_p.l(rt_memcpy.o)
        40          0          0          0          0         60   C:\Keil_v5\ARM\ARMCC\Bin\..\lib\armlib\c_p.l(rtudiv10.o)
        76          4          0          0          0         72   C:\Keil_v5\ARM\ARMCC\Bin\..\lib\armlib\c_p.l(setvbuf.o)
       240          8          0          0          0        144   C:\Keil_v5\ARM\ARMCC\Bin\..\lib\armlib\c_p.l(stdio.o)
         0          0          0         12        252          0   C:\Keil_v5\ARM\ARMCC\Bin\..\lib\armlib\c_p.l(stdio_streams.o)
       160          4          0          0          0         80   C:\Keil_v5\ARM\ARMCC\Bin\..\lib\armlib\c_p.l(strcmpv6m.o)
        68          6          0          0          0         72   C:\Keil_v5\ARM\ARMCC\Bin\..\lib\armlib\c_p.l(strlen.o)
        32          0          0          0          0         72   C:\Keil_v5\ARM\ARMCC\Bin\..\lib\armlib\c_p.l(strspn.o)
        12          4          0          0          0         60   C:\Keil_v5\ARM\ARMCC\Bin\..\lib\armlib\c_p.l(sys_exit.o)
        12          0          0          0          0         68   C:\Keil_v5\ARM\ARMCC\Bin\..\lib\armlib\c_p.l(sys_wrch.o)
         2          0          0          0          0         68   C:\Keil_v5\ARM\ARMCC\Bin\..\lib\armlib\c_p.l(use_no_semi.o)
        56          6          0          0          0         72   C:\Keil_v5\ARM\ARMCC\Bin\..\lib\armlib\c_p.l(vsnprintf.o)
       124          4          0          0          0         72   C:\Keil_v5\ARM\ARMCC\Bin\..\lib\armlib\fz_ps.l(d2f.o)
       856         20          0          0          0        208   C:\Keil_v5\ARM\ARMCC\Bin\..\lib\armlib\fz_ps.l(daddsub.o)
      1096         26        128          0          0        112   C:\Keil_v5\ARM\ARMCC\Bin\..\lib\armlib\fz_ps.l(ddiv.o)
        84          4          0          0          0         60   C:\Keil_v5\ARM\ARMCC\Bin\..\lib\armlib\fz_ps.l(f2d.o)
       352         10         64          0          0         92   C:\Keil_v5\ARM\ARMCC\Bin\..\lib\armlib\fz_ps.l(fdiv.o)
        76          0          0          0          0         68   C:\Keil_v5\ARM\ARMCC\Bin\..\lib\armlib\fz_ps.l(ffixi.o)
        48          0          0          0          0         60   C:\Keil_v5\ARM\ARMCC\Bin\..\lib\armlib\fz_ps.l(ffixui.o)
        94          0          0          0          0         92   C:\Keil_v5\ARM\ARMCC\Bin\..\lib\armlib\fz_ps.l(fflti.o)
       130          0          0          0          0        100   C:\Keil_v5\ARM\ARMCC\Bin\..\lib\armlib\fz_ps.l(ffltl.o)
       176          4          0          0          0         80   C:\Keil_v5\ARM\ARMCC\Bin\..\lib\armlib\fz_ps.l(fmul.o)
        68          4          0          0          0         68   C:\Keil_v5\ARM\ARMCC\Bin\..\lib\armlib\fz_ps.l(fscalbn.o)
        16          4          0          0          0         76   C:\Keil_v5\ARM\ARMCC\Bin\..\lib\armlib\fz_ps.l(printf1.o)
        16          4          0          0          0         76   C:\Keil_v5\ARM\ARMCC\Bin\..\lib\armlib\fz_ps.l(printf2.o)
         0          0          0          0          0          0   C:\Keil_v5\ARM\ARMCC\Bin\..\lib\armlib\fz_ps.l(usenofp.o)
        44          4          0          0          0         60   C:\Keil_v5\ARM\ARMCC\Bin\..\lib\armlib\m_ps.l(fpclassify.o)
       200         40          0          8         16        144   mbed/TARGET_KL25Z/TOOLCHAIN_ARM_STD/mbed.ar(FileBase.o)
       194         20         70          0          0        336   mbed/TARGET_KL25Z/TOOLCHAIN_ARM_STD/mbed.ar(FilePath.o)
       928        150         24          4         16        480   mbed/TARGET_KL25Z/TOOLCHAIN_ARM_STD/mbed.ar(I2C.o)
       290          6          0          0          0        348   mbed/TARGET_KL25Z/TOOLCHAIN_ARM_STD/mbed.ar(Timer.o)
        32          6          0          0          0         68   mbed/TARGET_KL25Z/TOOLCHAIN_ARM_STD/mbed.ar(mbed_assert.o)
       312         84         73          4          0        472   mbed/TARGET_KL25Z/TOOLCHAIN_ARM_STD/mbed.ar(mbed_critical.o)
       108         40         80          2          0        128   mbed/TARGET_KL25Z/TOOLCHAIN_ARM_STD/mbed.ar(mbed_critical_section_api.o)
       644        282        160         12        104        156   mbed/TARGET_KL25Z/TOOLCHAIN_ARM_STD/mbed.ar(mbed_error.o)
       370         94          0          0          0        296   mbed/TARGET_KL25Z/TOOLCHAIN_ARM_STD/mbed.ar(mbed_gpio.o)
         8          0          0          0          0         68   mbed/TARGET_KL25Z/TOOLCHAIN_ARM_STD/mbed.ar(mbed_interface.o)
       252         86          0          0          0        208   mbed/TARGET_KL25Z/TOOLCHAIN_ARM_STD/mbed.ar(mbed_pinmap_common.o)
        24          6          0          4          0        128   mbed/TARGET_KL25Z/TOOLCHAIN_ARM_STD/mbed.ar(mbed_semihost_api.o)
       192         94          0         24          0        144   mbed/TARGET_KL25Z/TOOLCHAIN_ARM_STD/mbed.ar(mbed_sleep_manager.o)
      1000         68         70          0          0        448   mbed/TARGET_KL25Z/TOOLCHAIN_ARM_STD/mbed.ar(mbed_ticker_api.o)
        32         14         40          4         64        120   mbed/TARGET_KL25Z/TOOLCHAIN_ARM_STD/mbed.ar(mbed_us_ticker_api.o)
        74          4          0          0          0        144   mbed/TARGET_KL25Z/TOOLCHAIN_ARM_STD/mbed.ar(mbed_wait_api_no_rtos.o)

    ----------------------------------------------------------------------
     17962       1494       1272         84        484      11160   Library Totals
        24          0         12          6          4          0   (incl. Padding)

    ----------------------------------------------------------------------

      Code (inc. data)   RO Data    RW Data    ZI Data      Debug   Library Name

     10098        416        551         16        280       6248   C:\Keil_v5\ARM\ARMCC\Bin\..\lib\armlib\c_p.l
      3136         80        192          0          0       1164   C:\Keil_v5\ARM\ARMCC\Bin\..\lib\armlib\fz_ps.l
        44          4          0          0          0         60   C:\Keil_v5\ARM\ARMCC\Bin\..\lib\armlib\m_ps.l
      4660        994        517         62        200       3688   mbed/TARGET_KL25Z/TOOLCHAIN_ARM_STD/mbed.ar

    ----------------------------------------------------------------------
     17962       1494       1272         84        484      11160   Library Totals

    ----------------------------------------------------------------------

==============================================================================


      Code (inc. data)   RO Data    RW Data    ZI Data      Debug   

     26436       3016       3464        252       1028     138460   Grand Totals
     26436       3016       3464        252       1028     138460   ELF Image Totals
     26436       3016       3464        252          0          0   ROM Totals

==============================================================================

    Total RO  Size (Code + RO Data)                29900 (  29.20kB)
    Total RW  Size (RW Data + ZI Data)              1280 (   1.25kB)
    Total ROM Size (Code + RO Data + RW Data)      30152 (  29.45kB)

==============================================================================

